[0.335s] colcon.colcon_core.package_selection WARNING Some selected packages are already built in one or more underlay workspaces:
	'wbmm_ocs2_ros' is in: /home/a/WBMM/install/wbmm_ocs2_ros
If a package in a merged underlay workspace is overridden and it installs headers, then all packages in the overlay must sort their include directories by workspace order. Failure to do so may result in build failures or undefined behavior at run time.
If the overridden package is used by another package in any underlay, then the overriding package in the overlay must be API and ABI compatible or undefined behavior at run time may occur.

If you understand the risks and want to override a package anyways, add the following to the command line:
	--allow-overriding wbmm_ocs2_ros

This may be promoted to an error in a future release of colcon-override-check.
Starting >>> wbmm_ocs2_ros
[  1%] Built target wbmm_ocs2_ros__rs
[  9%] Built target wbmm_ocs2_ros__rosidl_generator_c
[ 16%] Built target wbmm_ocs2_ros__rosidl_typesupport_fastrtps_c
[ 23%] Built target wbmm_ocs2_ros__rosidl_typesupport_introspection_c
[ 30%] Built target wbmm_ocs2_ros__rosidl_typesupport_c
[ 32%] Built target wbmm_ocs2_ros__cpp
[ 40%] Built target wbmm_ocs2_ros__rosidl_typesupport_fastrtps_cpp
[ 47%] Built target wbmm_ocs2_ros__rosidl_typesupport_introspection_cpp
[ 54%] Built target wbmm_ocs2_ros__rosidl_typesupport_cpp
[ 54%] Built target wbmm_ocs2_ros
[ 54%] Built target ament_cmake_python_symlink_wbmm_ocs2_ros
running egg_info
writing wbmm_ocs2_ros.egg-info/PKG-INFO
writing dependency_links to wbmm_ocs2_ros.egg-info/dependency_links.txt
writing top-level names to wbmm_ocs2_ros.egg-info/top_level.txt
reading manifest file 'wbmm_ocs2_ros.egg-info/SOURCES.txt'
writing manifest file 'wbmm_ocs2_ros.egg-info/SOURCES.txt'
[ 54%] Built target ament_cmake_python_build_wbmm_ocs2_ros_egg
[ 56%] Built target wbmm_ocs2_ros__py
[ 61%] Built target wbmm_ocs2_ros__rosidl_generator_py
[ 65%] Built target wbmm_ocs2_ros__rosidl_typesupport_fastrtps_c__pyext
[ 69%] Built target wbmm_ocs2_ros__rosidl_typesupport_introspection_c__pyext
[ 72%] Built target wbmm_ocs2_ros__rosidl_typesupport_c__pyext
Consolidate compiler generated dependencies of target wbmm_mpc_node
[ 76%] Built target wbmm_mpc_node
Consolidate compiler generated dependencies of target wbmm_mrt_node
[ 78%] Building CXX object CMakeFiles/wbmm_mrt_node.dir/src/WbmmMrtNode.cpp.o
[ 80%] Linking CXX executable wbmm_mrt_node
[ 81%] Built target wbmm_mrt_node
[ 85%] Built target wbmm_target_node
[ 89%] Built target gtest_main
[ 92%] Built target gtest
[ 96%] Built target test_force_execution_gate
[100%] Built target test_arm_position_command
-- Install configuration: "Release"
-- Execute custom install script
-- Up-to-date symlink: /home/a/WBMM/install/wbmm_ocs2_ros/share/ament_index/resource_index/rosidl_interfaces/wbmm_ocs2_ros
-- Up-to-date symlink: /home/a/WBMM/install/wbmm_ocs2_ros/include/wbmm_ocs2_ros/wbmm_ocs2_ros/msg/detail/task_phase_state__functions.h
-- Up-to-date symlink: /home/a/WBMM/install/wbmm_ocs2_ros/include/wbmm_ocs2_ros/wbmm_ocs2_ros/msg/detail/task_phase_state__struct.h
-- Up-to-date symlink: /home/a/WBMM/install/wbmm_ocs2_ros/include/wbmm_ocs2_ros/wbmm_ocs2_ros/msg/detail/task_phase_state__type_support.h
-- Up-to-date symlink: /home/a/WBMM/install/wbmm_ocs2_ros/include/wbmm_ocs2_ros/wbmm_ocs2_ros/msg/rosidl_generator_c__visibility_control.h
-- Up-to-date symlink: /home/a/WBMM/install/wbmm_ocs2_ros/include/wbmm_ocs2_ros/wbmm_ocs2_ros/msg/task_phase_state.h
-- Up-to-date symlink: /home/a/WBMM/install/wbmm_ocs2_ros/include/wbmm_ocs2_ros/wbmm_ocs2_ros/srv/detail/set_task_phase__functions.h
-- Up-to-date symlink: /home/a/WBMM/install/wbmm_ocs2_ros/include/wbmm_ocs2_ros/wbmm_ocs2_ros/srv/detail/set_task_phase__struct.h
-- Up-to-date symlink: /home/a/WBMM/install/wbmm_ocs2_ros/include/wbmm_ocs2_ros/wbmm_ocs2_ros/srv/detail/set_task_phase__type_support.h
-- Up-to-date symlink: /home/a/WBMM/install/wbmm_ocs2_ros/include/wbmm_ocs2_ros/wbmm_ocs2_ros/srv/set_task_phase.h
-- Up-to-date symlink: /home/a/WBMM/install/wbmm_ocs2_ros/share/wbmm_ocs2_ros/environment/library_path.sh
-- Up-to-date symlink: /home/a/WBMM/install/wbmm_ocs2_ros/share/wbmm_ocs2_ros/environment/library_path.dsv
-- Up-to-date symlink: /home/a/WBMM/install/wbmm_ocs2_ros/include/wbmm_ocs2_ros/wbmm_ocs2_ros/msg/detail/task_phase_state__rosidl_typesupport_fastrtps_c.h
-- Up-to-date symlink: /home/a/WBMM/install/wbmm_ocs2_ros/include/wbmm_ocs2_ros/wbmm_ocs2_ros/msg/rosidl_typesupport_fastrtps_c__visibility_control.h
-- Up-to-date symlink: /home/a/WBMM/install/wbmm_ocs2_ros/include/wbmm_ocs2_ros/wbmm_ocs2_ros/srv/detail/set_task_phase__rosidl_typesupport_fastrtps_c.h
-- Up-to-date symlink: /home/a/WBMM/install/wbmm_ocs2_ros/include/wbmm_ocs2_ros/wbmm_ocs2_ros/msg/detail/task_phase_state__rosidl_typesupport_introspection_c.h
-- Up-to-date symlink: /home/a/WBMM/install/wbmm_ocs2_ros/include/wbmm_ocs2_ros/wbmm_ocs2_ros/msg/rosidl_typesupport_introspection_c__visibility_control.h
-- Up-to-date symlink: /home/a/WBMM/install/wbmm_ocs2_ros/include/wbmm_ocs2_ros/wbmm_ocs2_ros/srv/detail/set_task_phase__rosidl_typesupport_introspection_c.h
-- Up-to-date symlink: /home/a/WBMM/install/wbmm_ocs2_ros/include/wbmm_ocs2_ros/wbmm_ocs2_ros/msg/detail/task_phase_state__builder.hpp
-- Up-to-date symlink: /home/a/WBMM/install/wbmm_ocs2_ros/include/wbmm_ocs2_ros/wbmm_ocs2_ros/msg/detail/task_phase_state__struct.hpp
-- Up-to-date symlink: /home/a/WBMM/install/wbmm_ocs2_ros/include/wbmm_ocs2_ros/wbmm_ocs2_ros/msg/detail/task_phase_state__traits.hpp
-- Up-to-date symlink: /home/a/WBMM/install/wbmm_ocs2_ros/include/wbmm_ocs2_ros/wbmm_ocs2_ros/msg/detail/task_phase_state__type_support.hpp
-- Up-to-date symlink: /home/a/WBMM/install/wbmm_ocs2_ros/include/wbmm_ocs2_ros/wbmm_ocs2_ros/msg/rosidl_generator_cpp__visibility_control.hpp
-- Up-to-date symlink: /home/a/WBMM/install/wbmm_ocs2_ros/include/wbmm_ocs2_ros/wbmm_ocs2_ros/msg/task_phase_state.hpp
-- Up-to-date symlink: /home/a/WBMM/install/wbmm_ocs2_ros/include/wbmm_ocs2_ros/wbmm_ocs2_ros/srv/detail/set_task_phase__builder.hpp
-- Up-to-date symlink: /home/a/WBMM/install/wbmm_ocs2_ros/include/wbmm_ocs2_ros/wbmm_ocs2_ros/srv/detail/set_task_phase__struct.hpp
-- Up-to-date symlink: /home/a/WBMM/install/wbmm_ocs2_ros/include/wbmm_ocs2_ros/wbmm_ocs2_ros/srv/detail/set_task_phase__traits.hpp
-- Up-to-date symlink: /home/a/WBMM/install/wbmm_ocs2_ros/include/wbmm_ocs2_ros/wbmm_ocs2_ros/srv/detail/set_task_phase__type_support.hpp
-- Up-to-date symlink: /home/a/WBMM/install/wbmm_ocs2_ros/include/wbmm_ocs2_ros/wbmm_ocs2_ros/srv/set_task_phase.hpp
-- Up-to-date symlink: /home/a/WBMM/install/wbmm_ocs2_ros/include/wbmm_ocs2_ros/wbmm_ocs2_ros/msg/detail/task_phase_state__rosidl_typesupport_fastrtps_cpp.hpp
-- Up-to-date symlink: /home/a/WBMM/install/wbmm_ocs2_ros/include/wbmm_ocs2_ros/wbmm_ocs2_ros/msg/rosidl_typesupport_fastrtps_cpp__visibility_control.h
-- Up-to-date symlink: /home/a/WBMM/install/wbmm_ocs2_ros/include/wbmm_ocs2_ros/wbmm_ocs2_ros/srv/detail/set_task_phase__rosidl_typesupport_fastrtps_cpp.hpp
-- Up-to-date symlink: /home/a/WBMM/install/wbmm_ocs2_ros/include/wbmm_ocs2_ros/wbmm_ocs2_ros/msg/detail/task_phase_state__rosidl_typesupport_introspection_cpp.hpp
-- Up-to-date symlink: /home/a/WBMM/install/wbmm_ocs2_ros/include/wbmm_ocs2_ros/wbmm_ocs2_ros/srv/detail/set_task_phase__rosidl_typesupport_introspection_cpp.hpp
-- Up-to-date symlink: /home/a/WBMM/install/wbmm_ocs2_ros/share/wbmm_ocs2_ros/environment/pythonpath.sh
-- Up-to-date symlink: /home/a/WBMM/install/wbmm_ocs2_ros/share/wbmm_ocs2_ros/environment/pythonpath.dsv
-- Up-to-date symlink: /home/a/WBMM/install/wbmm_ocs2_ros/local/lib/python3.10/dist-packages/wbmm_ocs2_ros-0.1.0-py3.10.egg-info/PKG-INFO
-- Up-to-date symlink: /home/a/WBMM/install/wbmm_ocs2_ros/local/lib/python3.10/dist-packages/wbmm_ocs2_ros-0.1.0-py3.10.egg-info/SOURCES.txt
-- Up-to-date symlink: /home/a/WBMM/install/wbmm_ocs2_ros/local/lib/python3.10/dist-packages/wbmm_ocs2_ros-0.1.0-py3.10.egg-info/dependency_links.txt
-- Up-to-date symlink: /home/a/WBMM/install/wbmm_ocs2_ros/local/lib/python3.10/dist-packages/wbmm_ocs2_ros-0.1.0-py3.10.egg-info/top_level.txt
-- Up-to-date symlink: /home/a/WBMM/install/wbmm_ocs2_ros/local/lib/python3.10/dist-packages/wbmm_ocs2_ros/__init__.py
-- Up-to-date symlink: /home/a/WBMM/install/wbmm_ocs2_ros/local/lib/python3.10/dist-packages/wbmm_ocs2_ros/_wbmm_ocs2_ros_s.ep.rosidl_typesupport_c.c
-- Up-to-date symlink: /home/a/WBMM/install/wbmm_ocs2_ros/local/lib/python3.10/dist-packages/wbmm_ocs2_ros/_wbmm_ocs2_ros_s.ep.rosidl_typesupport_fastrtps_c.c
-- Up-to-date symlink: /home/a/WBMM/install/wbmm_ocs2_ros/local/lib/python3.10/dist-packages/wbmm_ocs2_ros/_wbmm_ocs2_ros_s.ep.rosidl_typesupport_introspection_c.c
-- Up-to-date symlink: /home/a/WBMM/install/wbmm_ocs2_ros/local/lib/python3.10/dist-packages/wbmm_ocs2_ros/libwbmm_ocs2_ros__rosidl_generator_py.so
-- Up-to-date symlink: /home/a/WBMM/install/wbmm_ocs2_ros/local/lib/python3.10/dist-packages/wbmm_ocs2_ros/msg/__init__.py
-- Up-to-date symlink: /home/a/WBMM/install/wbmm_ocs2_ros/local/lib/python3.10/dist-packages/wbmm_ocs2_ros/msg/_task_phase_state.py
-- Up-to-date symlink: /home/a/WBMM/install/wbmm_ocs2_ros/local/lib/python3.10/dist-packages/wbmm_ocs2_ros/msg/_task_phase_state_s.c
-- Up-to-date symlink: /home/a/WBMM/install/wbmm_ocs2_ros/local/lib/python3.10/dist-packages/wbmm_ocs2_ros/srv/__init__.py
-- Up-to-date symlink: /home/a/WBMM/install/wbmm_ocs2_ros/local/lib/python3.10/dist-packages/wbmm_ocs2_ros/srv/_set_task_phase.py
-- Up-to-date symlink: /home/a/WBMM/install/wbmm_ocs2_ros/local/lib/python3.10/dist-packages/wbmm_ocs2_ros/srv/_set_task_phase_s.c
-- Up-to-date symlink: /home/a/WBMM/install/wbmm_ocs2_ros/local/lib/python3.10/dist-packages/wbmm_ocs2_ros/wbmm_ocs2_ros_s__rosidl_typesupport_c.cpython-310-x86_64-linux-gnu.so
-- Up-to-date symlink: /home/a/WBMM/install/wbmm_ocs2_ros/local/lib/python3.10/dist-packages/wbmm_ocs2_ros/wbmm_ocs2_ros_s__rosidl_typesupport_fastrtps_c.cpython-310-x86_64-linux-gnu.so
-- Up-to-date symlink: /home/a/WBMM/install/wbmm_ocs2_ros/local/lib/python3.10/dist-packages/wbmm_ocs2_ros/wbmm_ocs2_ros_s__rosidl_typesupport_introspection_c.cpython-310-x86_64-linux-gnu.so
-- Up-to-date symlink: /home/a/WBMM/install/wbmm_ocs2_ros/local/lib/python3.10/dist-packages/wbmm_ocs2_ros/wbmm_ocs2_ros_s__rosidl_typesupport_fastrtps_c.cpython-310-x86_64-linux-gnu.so
-- Up-to-date symlink: /home/a/WBMM/install/wbmm_ocs2_ros/local/lib/python3.10/dist-packages/wbmm_ocs2_ros/wbmm_ocs2_ros_s__rosidl_typesupport_introspection_c.cpython-310-x86_64-linux-gnu.so
-- Up-to-date symlink: /home/a/WBMM/install/wbmm_ocs2_ros/local/lib/python3.10/dist-packages/wbmm_ocs2_ros/wbmm_ocs2_ros_s__rosidl_typesupport_c.cpython-310-x86_64-linux-gnu.so
-- Up-to-date symlink: /home/a/WBMM/install/wbmm_ocs2_ros/share/ament_index/resource_index/rust_packages/wbmm_ocs2_ros
-- Up-to-date symlink: /home/a/WBMM/install/wbmm_ocs2_ros/share/wbmm_ocs2_ros/rust/Cargo.toml
-- Up-to-date symlink: /home/a/WBMM/install/wbmm_ocs2_ros/share/wbmm_ocs2_ros/rust/build.rs
-- Up-to-date symlink: /home/a/WBMM/install/wbmm_ocs2_ros/share/wbmm_ocs2_ros/rust/src/lib.rs
-- Up-to-date symlink: /home/a/WBMM/install/wbmm_ocs2_ros/share/wbmm_ocs2_ros/rust/src/msg.rs
-- Up-to-date symlink: /home/a/WBMM/install/wbmm_ocs2_ros/share/wbmm_ocs2_ros/rust/src/msg/rmw.rs
-- Up-to-date symlink: /home/a/WBMM/install/wbmm_ocs2_ros/share/wbmm_ocs2_ros/rust/src/srv.rs
-- Up-to-date symlink: /home/a/WBMM/install/wbmm_ocs2_ros/share/wbmm_ocs2_ros/rust/src/srv/rmw.rs
-- Up-to-date symlink: /home/a/WBMM/install/wbmm_ocs2_ros/share/wbmm_ocs2_ros/msg/TaskPhaseState.idl
-- Up-to-date symlink: /home/a/WBMM/install/wbmm_ocs2_ros/share/wbmm_ocs2_ros/srv/SetTaskPhase.idl
-- Up-to-date symlink: /home/a/WBMM/install/wbmm_ocs2_ros/share/wbmm_ocs2_ros/msg/TaskPhaseState.msg
-- Up-to-date symlink: /home/a/WBMM/install/wbmm_ocs2_ros/share/wbmm_ocs2_ros/srv/SetTaskPhase.srv
-- Up-to-date symlink: /home/a/WBMM/install/wbmm_ocs2_ros/share/wbmm_ocs2_ros/srv/SetTaskPhase_Request.msg
-- Up-to-date symlink: /home/a/WBMM/install/wbmm_ocs2_ros/share/wbmm_ocs2_ros/srv/SetTaskPhase_Response.msg
-- Up-to-date symlink: /home/a/WBMM/install/wbmm_ocs2_ros/lib/wbmm_ocs2_ros/wbmm_mpc_node
-- Up-to-date symlink: /home/a/WBMM/install/wbmm_ocs2_ros/lib/wbmm_ocs2_ros/wbmm_mrt_node
-- Up-to-date symlink: /home/a/WBMM/install/wbmm_ocs2_ros/lib/wbmm_ocs2_ros/wbmm_target_node
-- Up-to-date symlink: /home/a/WBMM/install/wbmm_ocs2_ros/share/wbmm_ocs2_ros/config/initial_positions.yaml
-- Up-to-date symlink: /home/a/WBMM/install/wbmm_ocs2_ros/share/wbmm_ocs2_ros/rviz/wbmm_esdf_validation.rviz
-- Up-to-date symlink: /home/a/WBMM/install/wbmm_ocs2_ros/share/wbmm_ocs2_ros/rviz/wbmm_ocs2_ros.rviz
-- Up-to-date symlink: /home/a/WBMM/install/wbmm_ocs2_ros/share/wbmm_ocs2_ros/scripts/__pycache__/set_task_phase.cpython-310.pyc
-- Up-to-date symlink: /home/a/WBMM/install/wbmm_ocs2_ros/share/wbmm_ocs2_ros/scripts/send_target.py
-- Up-to-date symlink: /home/a/WBMM/install/wbmm_ocs2_ros/share/wbmm_ocs2_ros/scripts/set_task_phase.py
-- Up-to-date symlink: /home/a/WBMM/install/wbmm_ocs2_ros/share/wbmm_ocs2_ros/include/ArmMetricsDiagnostics.h
-- Up-to-date symlink: /home/a/WBMM/install/wbmm_ocs2_ros/share/wbmm_ocs2_ros/include/ArmPositionCommand.h
-- Up-to-date symlink: /home/a/WBMM/install/wbmm_ocs2_ros/share/wbmm_ocs2_ros/include/ForceExecutionGate.h
-- Up-to-date symlink: /home/a/WBMM/install/wbmm_ocs2_ros/share/wbmm_ocs2_ros/include/WbmmVisualization.h
-- Up-to-date symlink: /home/a/WBMM/install/wbmm_ocs2_ros/lib/wbmm_ocs2_ros/send_target.py
-- Up-to-date symlink: /home/a/WBMM/install/wbmm_ocs2_ros/lib/wbmm_ocs2_ros/set_task_phase.py
-- Up-to-date symlink: /home/a/WBMM/install/wbmm_ocs2_ros/share/ament_index/resource_index/package_run_dependencies/wbmm_ocs2_ros
-- Up-to-date symlink: /home/a/WBMM/install/wbmm_ocs2_ros/share/ament_index/resource_index/parent_prefix_path/wbmm_ocs2_ros
-- Up-to-date symlink: /home/a/WBMM/install/wbmm_ocs2_ros/share/wbmm_ocs2_ros/environment/ament_prefix_path.sh
-- Up-to-date symlink: /home/a/WBMM/install/wbmm_ocs2_ros/share/wbmm_ocs2_ros/environment/ament_prefix_path.dsv
-- Up-to-date symlink: /home/a/WBMM/install/wbmm_ocs2_ros/share/wbmm_ocs2_ros/environment/path.sh
-- Up-to-date symlink: /home/a/WBMM/install/wbmm_ocs2_ros/share/wbmm_ocs2_ros/environment/path.dsv
-- Up-to-date symlink: /home/a/WBMM/install/wbmm_ocs2_ros/share/wbmm_ocs2_ros/local_setup.bash
-- Up-to-date symlink: /home/a/WBMM/install/wbmm_ocs2_ros/share/wbmm_ocs2_ros/local_setup.sh
-- Up-to-date symlink: /home/a/WBMM/install/wbmm_ocs2_ros/share/wbmm_ocs2_ros/local_setup.zsh
-- Up-to-date symlink: /home/a/WBMM/install/wbmm_ocs2_ros/share/wbmm_ocs2_ros/local_setup.dsv
-- Symlinking: /home/a/WBMM/install/wbmm_ocs2_ros/share/wbmm_ocs2_ros/package.dsv
-- Up-to-date symlink: /home/a/WBMM/install/wbmm_ocs2_ros/share/ament_index/resource_index/packages/wbmm_ocs2_ros
-- Up-to-date symlink: /home/a/WBMM/install/wbmm_ocs2_ros/share/wbmm_ocs2_ros/cmake/rosidl_cmake-extras.cmake
-- Up-to-date symlink: /home/a/WBMM/install/wbmm_ocs2_ros/share/wbmm_ocs2_ros/cmake/ament_cmake_export_dependencies-extras.cmake
-- Up-to-date symlink: /home/a/WBMM/install/wbmm_ocs2_ros/share/wbmm_ocs2_ros/cmake/ament_cmake_export_include_directories-extras.cmake
-- Up-to-date symlink: /home/a/WBMM/install/wbmm_ocs2_ros/share/wbmm_ocs2_ros/cmake/ament_cmake_export_libraries-extras.cmake
-- Up-to-date symlink: /home/a/WBMM/install/wbmm_ocs2_ros/share/wbmm_ocs2_ros/cmake/ament_cmake_export_targets-extras.cmake
-- Up-to-date symlink: /home/a/WBMM/install/wbmm_ocs2_ros/share/wbmm_ocs2_ros/cmake/rosidl_cmake_export_typesupport_targets-extras.cmake
-- Up-to-date symlink: /home/a/WBMM/install/wbmm_ocs2_ros/share/wbmm_ocs2_ros/cmake/rosidl_cmake_export_typesupport_libraries-extras.cmake
-- Up-to-date symlink: /home/a/WBMM/install/wbmm_ocs2_ros/share/wbmm_ocs2_ros/cmake/wbmm_ocs2_rosConfig.cmake
-- Up-to-date symlink: /home/a/WBMM/install/wbmm_ocs2_ros/share/wbmm_ocs2_ros/cmake/wbmm_ocs2_rosConfig-version.cmake
-- Up-to-date symlink: /home/a/WBMM/install/wbmm_ocs2_ros/share/wbmm_ocs2_ros/package.xml
-- Up-to-date: /home/a/WBMM/install/wbmm_ocs2_ros/lib/libwbmm_ocs2_ros__rosidl_generator_c.so
-- Up-to-date: /home/a/WBMM/install/wbmm_ocs2_ros/lib/libwbmm_ocs2_ros__rosidl_typesupport_fastrtps_c.so
-- Up-to-date: /home/a/WBMM/install/wbmm_ocs2_ros/lib/libwbmm_ocs2_ros__rosidl_typesupport_introspection_c.so
-- Up-to-date: /home/a/WBMM/install/wbmm_ocs2_ros/lib/libwbmm_ocs2_ros__rosidl_typesupport_c.so
-- Up-to-date: /home/a/WBMM/install/wbmm_ocs2_ros/lib/libwbmm_ocs2_ros__rosidl_typesupport_fastrtps_cpp.so
-- Up-to-date: /home/a/WBMM/install/wbmm_ocs2_ros/lib/libwbmm_ocs2_ros__rosidl_typesupport_introspection_cpp.so
-- Up-to-date: /home/a/WBMM/install/wbmm_ocs2_ros/lib/libwbmm_ocs2_ros__rosidl_typesupport_cpp.so
Listing '/home/a/WBMM/install/wbmm_ocs2_ros/local/lib/python3.10/dist-packages/wbmm_ocs2_ros'...
Listing '/home/a/WBMM/install/wbmm_ocs2_ros/local/lib/python3.10/dist-packages/wbmm_ocs2_ros/msg'...
Listing '/home/a/WBMM/install/wbmm_ocs2_ros/local/lib/python3.10/dist-packages/wbmm_ocs2_ros/srv'...
-- Up-to-date: /home/a/WBMM/install/wbmm_ocs2_ros/lib/libwbmm_ocs2_ros__rosidl_generator_py.so
-- Up-to-date: /home/a/WBMM/install/wbmm_ocs2_ros/share/wbmm_ocs2_ros/cmake/export_wbmm_ocs2_ros__rosidl_generator_cExport.cmake
-- Up-to-date: /home/a/WBMM/install/wbmm_ocs2_ros/share/wbmm_ocs2_ros/cmake/export_wbmm_ocs2_ros__rosidl_generator_cExport-release.cmake
-- Up-to-date: /home/a/WBMM/install/wbmm_ocs2_ros/share/wbmm_ocs2_ros/cmake/export_wbmm_ocs2_ros__rosidl_typesupport_fastrtps_cExport.cmake
-- Up-to-date: /home/a/WBMM/install/wbmm_ocs2_ros/share/wbmm_ocs2_ros/cmake/export_wbmm_ocs2_ros__rosidl_typesupport_fastrtps_cExport-release.cmake
-- Up-to-date: /home/a/WBMM/install/wbmm_ocs2_ros/share/wbmm_ocs2_ros/cmake/wbmm_ocs2_ros__rosidl_typesupport_introspection_cExport.cmake
-- Up-to-date: /home/a/WBMM/install/wbmm_ocs2_ros/share/wbmm_ocs2_ros/cmake/wbmm_ocs2_ros__rosidl_typesupport_introspection_cExport-release.cmake
-- Up-to-date: /home/a/WBMM/install/wbmm_ocs2_ros/share/wbmm_ocs2_ros/cmake/wbmm_ocs2_ros__rosidl_typesupport_cExport.cmake
-- Up-to-date: /home/a/WBMM/install/wbmm_ocs2_ros/share/wbmm_ocs2_ros/cmake/wbmm_ocs2_ros__rosidl_typesupport_cExport-release.cmake
-- Up-to-date: /home/a/WBMM/install/wbmm_ocs2_ros/share/wbmm_ocs2_ros/cmake/export_wbmm_ocs2_ros__rosidl_generator_cppExport.cmake
-- Up-to-date: /home/a/WBMM/install/wbmm_ocs2_ros/share/wbmm_ocs2_ros/cmake/export_wbmm_ocs2_ros__rosidl_typesupport_fastrtps_cppExport.cmake
-- Up-to-date: /home/a/WBMM/install/wbmm_ocs2_ros/share/wbmm_ocs2_ros/cmake/export_wbmm_ocs2_ros__rosidl_typesupport_fastrtps_cppExport-release.cmake
-- Up-to-date: /home/a/WBMM/install/wbmm_ocs2_ros/share/wbmm_ocs2_ros/cmake/wbmm_ocs2_ros__rosidl_typesupport_introspection_cppExport.cmake
-- Up-to-date: /home/a/WBMM/install/wbmm_ocs2_ros/share/wbmm_ocs2_ros/cmake/wbmm_ocs2_ros__rosidl_typesupport_introspection_cppExport-release.cmake
-- Up-to-date: /home/a/WBMM/install/wbmm_ocs2_ros/share/wbmm_ocs2_ros/cmake/wbmm_ocs2_ros__rosidl_typesupport_cppExport.cmake
-- Up-to-date: /home/a/WBMM/install/wbmm_ocs2_ros/share/wbmm_ocs2_ros/cmake/wbmm_ocs2_ros__rosidl_typesupport_cppExport-release.cmake
-- Up-to-date: /home/a/WBMM/install/wbmm_ocs2_ros/share/wbmm_ocs2_ros/cmake/export_wbmm_ocs2_ros__rosidl_generator_pyExport.cmake
-- Up-to-date: /home/a/WBMM/install/wbmm_ocs2_ros/share/wbmm_ocs2_ros/cmake/export_wbmm_ocs2_ros__rosidl_generator_pyExport-release.cmake
Finished <<< wbmm_ocs2_ros [25.7s]

Summary: 1 package finished [26.0s]
