[INFO] [launch]: All log files can be found below /tmp/wbmm_arm_margin_ideal_ros/2026-10-09-16-19-41-254327-a-31609
[INFO] [launch]: Default logging verbosity is set to INFO
[INFO] [mujoco_bridge-1]: process started with pid [31621]
[INFO] [robot_state_publisher-2]: process started with pid [31623]
[INFO] [wbmm_mpc_node-3]: process started with pid [31625]
[INFO] [wbmm_mrt_node-4]: process started with pid [31627]
[INFO] [force_sensor_processor_node-5]: process started with pid [31629]
[INFO] [whole_body_force_control_node-6]: process started with pid [31631]
[INFO] [virtual_wrench_node-7]: process started with pid [31633]
[virtual_wrench_node-7] [INFO] [1791533981.373656973] [virtual_force_publisher]: Virtual sensor publishing /whole_body_force_control/fake_wrench in jk_se_vi_200_link; keyboard command=/whole_body_force_control/virtual_wrench_command (tool0), timeout=0.150 s
[force_sensor_processor_node-5] [INFO] [1791533981.374218037] [force_sensor_processor]: Ready: raw=/whole_body_force_control/fake_wrench processed=/whole_body_force_control/processed_wrench frame=jk_se_vi_200_link->tool0
[wbmm_mpc_node-3] [INFO] [1791533981.381182841] [wbmm_mpc_node]: Task file : /tmp/wbmm_diag03_validation/headless/ideal.info
[wbmm_mpc_node-3] [INFO] [1791533981.381579559] [wbmm_mpc_node]: Lib folder: /tmp/wbmm_force_mpc/auto_generated/mpc
[wbmm_mpc_node-3] [INFO] [1791533981.381587361] [wbmm_mpc_node]: URDF file : /home/a/WBMM/install/tracer_jaka_description/share/tracer_jaka_description/urdf/tracer_jaka_zu5.urdf
[wbmm_mpc_node-3] [INFO] [1791533981.382067912] [wbmm_mpc_node]: World frame: odom
[wbmm_mpc_node-3] [INFO] [1791533981.382087792] [wbmm_mpc_node]: ESDF file override: <task file>
[wbmm_mpc_node-3] [WbmmInterface] Loading task file: "/tmp/wbmm_diag03_validation/headless/ideal.info"
[wbmm_mpc_node-3] [WbmmInterface] Loading Pinocchio model from: "/home/a/WBMM/install/tracer_jaka_description/share/tracer_jaka_description/urdf/tracer_jaka_zu5.urdf"
[wbmm_mpc_node-3] [WbmmInterface] Generated library path: "/tmp/wbmm_force_mpc/auto_generated/mpc"
[wbmm_mpc_node-3] 
[wbmm_mpc_node-3]  #### Model Information:
[wbmm_mpc_node-3]  #### =============================================================================
[wbmm_mpc_node-3] 
[wbmm_mpc_node-3]  #### model: wheelBasedMobileManipulator (fixed by wbmm_ocs2)
[wbmm_mpc_node-3]  #### model_information.removeJoints: "left_wheel" "right_wheel" 
[wbmm_mpc_node-3]  #### Note: All mimic joints will be automatically detected and removed
[wbmm_mpc_node-3]  #### model_information.baseFrame: "base_footprint"
[wbmm_mpc_node-3]  #### model_information.eeFrame: "tool0"
[wbmm_mpc_node-3]  #### =============================================================================
[wbmm_mpc_node-3] model.nv = 9
[wbmm_mpc_node-3] model.nq = 9
[wbmm_mpc_node-3] model.njoints = 8
[wbmm_mpc_node-3] model.nbodies = 7
[wbmm_mpc_node-3] model.nframes = 69
[wbmm_mpc_node-3] 
[wbmm_mpc_node-3] Joints:
[wbmm_mpc_node-3]             universe:   ID = 0
[wbmm_mpc_node-3]           root_joint:   ID = 1
[wbmm_mpc_node-3]              joint_1:   ID = 2
[wbmm_mpc_node-3]              joint_2:   ID = 3
[wbmm_mpc_node-3]              joint_3:   ID = 4
[wbmm_mpc_node-3]              joint_4:   ID = 5
[wbmm_mpc_node-3]              joint_5:   ID = 6
[wbmm_mpc_node-3]              joint_6:   ID = 7
[wbmm_mpc_node-3] 
[wbmm_mpc_node-3] Frames:
[wbmm_mpc_node-3]             universe:   ID = 0, parent = 0, type = "FIXED_JOINT "
[wbmm_mpc_node-3]           root_joint:   ID = 1, parent = 1, type = "JOINT "
[wbmm_mpc_node-3]       base_footprint:   ID = 2, parent = 1, type = "BODY "
[wbmm_mpc_node-3] base_footprint_to_base_link:   ID = 3, parent = 1, type = "FIXED_JOINT "
[wbmm_mpc_node-3]            base_link:   ID = 4, parent = 1, type = "BODY "
[wbmm_mpc_node-3]         base_to_d455:   ID = 5, parent = 1, type = "FIXED_JOINT "
[wbmm_mpc_node-3]            d455_link:   ID = 6, parent = 1, type = "BODY "
[wbmm_mpc_node-3]          base_to_imu:   ID = 7, parent = 1, type = "FIXED_JOINT "
[wbmm_mpc_node-3]             imu_link:   ID = 8, parent = 1, type = "BODY "
[wbmm_mpc_node-3]         base_to_jaka:   ID = 9, parent = 1, type = "FIXED_JOINT "
[wbmm_mpc_node-3]       jaka_base_link:   ID = 10, parent = 1, type = "BODY "
[wbmm_mpc_node-3]                fixed:   ID = 11, parent = 1, type = "FIXED_JOINT "
[wbmm_mpc_node-3]               Link_0:   ID = 12, parent = 1, type = "BODY "
[wbmm_mpc_node-3]              joint_1:   ID = 13, parent = 2, type = "JOINT "
[wbmm_mpc_node-3]               Link_1:   ID = 14, parent = 2, type = "BODY "
[wbmm_mpc_node-3]              joint_2:   ID = 15, parent = 3, type = "JOINT "
[wbmm_mpc_node-3]               Link_2:   ID = 16, parent = 3, type = "BODY "
[wbmm_mpc_node-3]              joint_3:   ID = 17, parent = 4, type = "JOINT "
[wbmm_mpc_node-3]               Link_3:   ID = 18, parent = 4, type = "BODY "
[wbmm_mpc_node-3]              joint_4:   ID = 19, parent = 5, type = "JOINT "
[wbmm_mpc_node-3]               Link_4:   ID = 20, parent = 5, type = "BODY "
[wbmm_mpc_node-3]              joint_5:   ID = 21, parent = 6, type = "JOINT "
[wbmm_mpc_node-3]               Link_5:   ID = 22, parent = 6, type = "BODY "
[wbmm_mpc_node-3]              joint_6:   ID = 23, parent = 7, type = "JOINT "
[wbmm_mpc_node-3]               Link_6:   ID = 24, parent = 7, type = "BODY "
[wbmm_mpc_node-3]              fixed_2:   ID = 25, parent = 7, type = "FIXED_JOINT "
[wbmm_mpc_node-3]            Link_6_45:   ID = 26, parent = 7, type = "BODY "
[wbmm_mpc_node-3]   jk_se_vi_200_joint:   ID = 27, parent = 7, type = "FIXED_JOINT "
[wbmm_mpc_node-3]    jk_se_vi_200_link:   ID = 28, parent = 7, type = "BODY "
[wbmm_mpc_node-3] tool0_and_camera_link_joint:   ID = 29, parent = 7, type = "FIXED_JOINT "
[wbmm_mpc_node-3] tool0_and_camera_link:   ID = 30, parent = 7, type = "BODY "
[wbmm_mpc_node-3]          d435i_joint:   ID = 31, parent = 7, type = "FIXED_JOINT "
[wbmm_mpc_node-3]           d435i_link:   ID = 32, parent = 7, type = "BODY "
[wbmm_mpc_node-3]          tool0_joint:   ID = 33, parent = 7, type = "FIXED_JOINT "
[wbmm_mpc_node-3]                tool0:   ID = 34, parent = 7, type = "BODY "
[wbmm_mpc_node-3]        base_to_laser:   ID = 35, parent = 1, type = "FIXED_JOINT "
[wbmm_mpc_node-3]           laser_link:   ID = 36, parent = 1, type = "BODY "
[wbmm_mpc_node-3]      fl_castor_wheel:   ID = 37, parent = 1, type = "FIXED_JOINT "
[wbmm_mpc_node-3]       fl_castor_link:   ID = 38, parent = 1, type = "BODY "
[wbmm_mpc_node-3]             fl_wheel:   ID = 39, parent = 1, type = "FIXED_JOINT "
[wbmm_mpc_node-3]        fl_wheel_link:   ID = 40, parent = 1, type = "BODY "
[wbmm_mpc_node-3]      fr_castor_wheel:   ID = 41, parent = 1, type = "FIXED_JOINT "
[wbmm_mpc_node-3]       fr_castor_link:   ID = 42, parent = 1, type = "BODY "
[wbmm_mpc_node-3]             fr_wheel:   ID = 43, parent = 1, type = "FIXED_JOINT "
[wbmm_mpc_node-3]        fr_wheel_link:   ID = 44, parent = 1, type = "BODY "
[wbmm_mpc_node-3]       inertial_joint:   ID = 45, parent = 1, type = "FIXED_JOINT "
[wbmm_mpc_node-3]        inertial_link:   ID = 46, parent = 1, type = "BODY "
[wbmm_mpc_node-3] joint_aluminium_2_base_link:   ID = 47, parent = 1, type = "FIXED_JOINT "
[wbmm_mpc_node-3] aluminium_2_base_link:   ID = 48, parent = 1, type = "BODY "
[wbmm_mpc_node-3] joint_aluminium_3_base_link:   ID = 49, parent = 1, type = "FIXED_JOINT "
[wbmm_mpc_node-3] aluminium_3_base_link:   ID = 50, parent = 1, type = "BODY "
[wbmm_mpc_node-3] joint_aluminium_4_base_link:   ID = 51, parent = 1, type = "FIXED_JOINT "
[wbmm_mpc_node-3] aluminium_4_base_link:   ID = 52, parent = 1, type = "BODY "
[wbmm_mpc_node-3] joint_aluminium_base_link:   ID = 53, parent = 1, type = "FIXED_JOINT "
[wbmm_mpc_node-3]  aluminium_base_link:   ID = 54, parent = 1, type = "BODY "
[wbmm_mpc_node-3]           left_wheel:   ID = 55, parent = 1, type = "FIXED_JOINT "
[wbmm_mpc_node-3]      left_wheel_link:   ID = 56, parent = 1, type = "BODY "
[wbmm_mpc_node-3]          right_wheel:   ID = 57, parent = 1, type = "FIXED_JOINT "
[wbmm_mpc_node-3]     right_wheel_link:   ID = 58, parent = 1, type = "BODY "
[wbmm_mpc_node-3]      rl_castor_wheel:   ID = 59, parent = 1, type = "FIXED_JOINT "
[wbmm_mpc_node-3]       rl_castor_link:   ID = 60, parent = 1, type = "BODY "
[wbmm_mpc_node-3]             rl_wheel:   ID = 61, parent = 1, type = "FIXED_JOINT "
[wbmm_mpc_node-3]        rl_wheel_link:   ID = 62, parent = 1, type = "BODY "
[wbmm_mpc_node-3]      rr_castor_wheel:   ID = 63, parent = 1, type = "FIXED_JOINT "
[wbmm_mpc_node-3]       rr_castor_link:   ID = 64, parent = 1, type = "BODY "
[wbmm_mpc_node-3]             rr_wheel:   ID = 65, parent = 1, type = "FIXED_JOINT "
[wbmm_mpc_node-3]        rr_wheel_link:   ID = 66, parent = 1, type = "BODY "
[wbmm_mpc_node-3]          tracer_base:   ID = 67, parent = 1, type = "FIXED_JOINT "
[wbmm_mpc_node-3]     urbase_base_link:   ID = 68, parent = 1, type = "BODY "
[wbmm_mpc_node-3] 
[wbmm_mpc_node-3]  #### Model Settings:
[wbmm_mpc_node-3]  #### =============================================================================
[wbmm_mpc_node-3]  #### 'usePreComputation'......................................................1
[wbmm_mpc_node-3]  #### 'recompileLibraries'.....................................................1
[wbmm_mpc_node-3]  #### =============================================================================
[robot_state_publisher-2] [INFO] [1791533981.384905097] [robot_state_publisher]: got segment Link_0
[robot_state_publisher-2] [INFO] [1791533981.384986233] [robot_state_publisher]: got segment Link_1
[robot_state_publisher-2] [INFO] [1791533981.384995106] [robot_state_publisher]: got segment Link_2
[robot_state_publisher-2] [INFO] [1791533981.385000638] [robot_state_publisher]: got segment Link_3
[robot_state_publisher-2] [INFO] [1791533981.385005963] [robot_state_publisher]: got segment Link_4
[robot_state_publisher-2] [INFO] [1791533981.385011118] [robot_state_publisher]: got segment Link_5
[robot_state_publisher-2] [INFO] [1791533981.385016054] [robot_state_publisher]: got segment Link_6
[robot_state_publisher-2] [INFO] [1791533981.385021463] [robot_state_publisher]: got segment Link_6_45
[robot_state_publisher-2] [INFO] [1791533981.385026765] [robot_state_publisher]: got segment aluminium_2_base_link
[robot_state_publisher-2] [INFO] [1791533981.385032033] [robot_state_publisher]: got segment aluminium_3_base_link
[robot_state_publisher-2] [INFO] [1791533981.385036882] [robot_state_publisher]: got segment aluminium_4_base_link
[robot_state_publisher-2] [INFO] [1791533981.385042235] [robot_state_publisher]: got segment aluminium_base_link
[robot_state_publisher-2] [INFO] [1791533981.385047024] [robot_state_publisher]: got segment base_footprint
[robot_state_publisher-2] [INFO] [1791533981.385051714] [robot_state_publisher]: got segment base_link
[robot_state_publisher-2] [INFO] [1791533981.385056091] [robot_state_publisher]: got segment d435i_link
[robot_state_publisher-2] [INFO] [1791533981.385060246] [robot_state_publisher]: got segment d455_link
[robot_state_publisher-2] [INFO] [1791533981.385064425] [robot_state_publisher]: got segment fl_castor_link
[robot_state_publisher-2] [INFO] [1791533981.385069620] [robot_state_publisher]: got segment fl_wheel_link
[robot_state_publisher-2] [INFO] [1791533981.385074436] [robot_state_publisher]: got segment fr_castor_link
[robot_state_publisher-2] [INFO] [1791533981.385079042] [robot_state_publisher]: got segment fr_wheel_link
[robot_state_publisher-2] [INFO] [1791533981.385083417] [robot_state_publisher]: got segment imu_link
[robot_state_publisher-2] [INFO] [1791533981.385087785] [robot_state_publisher]: got segment inertial_link
[robot_state_publisher-2] [INFO] [1791533981.385091962] [robot_state_publisher]: got segment jaka_base_link
[robot_state_publisher-2] [INFO] [1791533981.385096276] [robot_state_publisher]: got segment jk_se_vi_200_link
[robot_state_publisher-2] [INFO] [1791533981.385100995] [robot_state_publisher]: got segment laser_link
[robot_state_publisher-2] [INFO] [1791533981.385106093] [robot_state_publisher]: got segment left_wheel_link
[robot_state_publisher-2] [INFO] [1791533981.385111515] [robot_state_publisher]: got segment right_wheel_link
[robot_state_publisher-2] [INFO] [1791533981.385116933] [robot_state_publisher]: got segment rl_castor_link
[robot_state_publisher-2] [INFO] [1791533981.385122069] [robot_state_publisher]: got segment rl_wheel_link
[robot_state_publisher-2] [INFO] [1791533981.385127022] [robot_state_publisher]: got segment rr_castor_link
[robot_state_publisher-2] [INFO] [1791533981.385131333] [robot_state_publisher]: got segment rr_wheel_link
[robot_state_publisher-2] [INFO] [1791533981.385135895] [robot_state_publisher]: got segment tool0
[robot_state_publisher-2] [INFO] [1791533981.385140212] [robot_state_publisher]: got segment tool0_and_camera_link
[robot_state_publisher-2] [INFO] [1791533981.385145444] [robot_state_publisher]: got segment urbase_base_link
[wbmm_mpc_node-3] Initial State:         0       0       0  -0.515  1.5707 -1.5707  1.5707  1.5707   0.254
[wbmm_mpc_node-3] 
[wbmm_mpc_node-3]  #### DDP Settings: 
[wbmm_mpc_node-3]  #### =============================================================================
[wbmm_mpc_node-3]  #### 'algorithm'............................................................SLQ
[wbmm_mpc_node-3]  #### 'nThreads'...............................................................3
[wbmm_mpc_node-3]  #### 'threadPriority'........................................................50
[wbmm_mpc_node-3]  #### 'maxNumIterations'.......................................................1
[wbmm_mpc_node-3]  #### 'minRelCost'...........................................................0.1
[wbmm_mpc_node-3]  #### 'constraintTolerance'................................................0.001
[wbmm_mpc_node-3]  #### 'displayInfo'............................................................0
[wbmm_mpc_node-3]  #### 'displayShortSummary'....................................................0
[wbmm_mpc_node-3]  #### 'checkNumericalStability'................................................0
[wbmm_mpc_node-3]  #### 'debugPrintRollout'......................................................0
[wbmm_mpc_node-3]  #### 'AbsTolODE'..........................................................1e-05
[wbmm_mpc_node-3]  #### 'RelTolODE'..........................................................0.001
[wbmm_mpc_node-3]  #### 'maxNumStepsPerSecond'..............................................100000
[wbmm_mpc_node-3]  #### 'timeStep'...........................................................0.001
[wbmm_mpc_node-3]  #### 'backwardPassIntegratorType'.........................................ODE45
[wbmm_mpc_node-3]  #### 'constraintPenaltyInitialValue'.........................................20
[wbmm_mpc_node-3]  #### 'constraintPenaltyIncreaseRate'..........................................2
[wbmm_mpc_node-3]  #### 'preComputeRiccatiTerms'.................................................1
[wbmm_mpc_node-3]  #### 'useFeedbackPolicy'......................................................0
[wbmm_mpc_node-3]  #### 'riskSensitiveCoeff'.....................................................0 (default)
[wbmm_mpc_node-3]  #### 'strategy'.....................................................LINE_SEARCH
[wbmm_mpc_node-3]  #### LINE_SEARCH Settings: {
[wbmm_mpc_node-3]  #### 'minStepLength'.......................................................0.01
[wbmm_mpc_node-3]  #### 'maxStepLength'..........................................................1
[wbmm_mpc_node-3]  #### 'contractionRate'......................................................0.5 (default)
[wbmm_mpc_node-3]  #### 'armijoCoefficient'.................................................0.0001 (default)
[wbmm_mpc_node-3]  #### 'hessianCorrectionStrategy'.................................DIAGONAL_SHIFT
[wbmm_mpc_node-3]  #### 'hessianCorrectionMultiple'..........................................0.001
[wbmm_mpc_node-3]  #### }
[wbmm_mpc_node-3]  #### =============================================================================
[wbmm_mpc_node-3] 
[wbmm_mpc_node-3]  #### MPC Settings:
[wbmm_mpc_node-3]  #### =============================================================================
[wbmm_mpc_node-3]  #### 'timeHorizon'............................................................2
[wbmm_mpc_node-3]  #### 'solutionTimeWindow'...................................................0.2
[wbmm_mpc_node-3]  #### 'coldStart'..............................................................0
[wbmm_mpc_node-3]  #### 'debugPrint'.............................................................0
[wbmm_mpc_node-3]  #### 'mpcDesiredFrequency'...................................................50
[wbmm_mpc_node-3]  #### 'mrtDesiredFrequency'..................................................100 (default)
[wbmm_mpc_node-3]  #### =============================================================================
[wbmm_mpc_node-3] 
[wbmm_mpc_node-3]  #### Multiple-Shooting SQP Settings:
[wbmm_mpc_node-3]  #### =============================================================================
[wbmm_mpc_node-3]  #### 'sqpIteration'..........................................................10 (default)
[wbmm_mpc_node-3]  #### 'deltaTol'...........................................................1e-06 (default)
[wbmm_mpc_node-3]  #### 'alpha_decay'..........................................................0.5 (default)
[wbmm_mpc_node-3]  #### 'alpha_min'.........................................................0.0001 (default)
[wbmm_mpc_node-3]  #### 'gamma_c'............................................................1e-06 (default)
[wbmm_mpc_node-3]  #### 'g_max'..............................................................1e+06 (default)
[wbmm_mpc_node-3]  #### 'g_min'..............................................................1e-06 (default)
[wbmm_mpc_node-3]  #### 'armijoFactor'......................................................0.0001 (default)
[wbmm_mpc_node-3]  #### 'costTol'...........................................................0.0001 (default)
[wbmm_mpc_node-3]  #### 'dt'..................................................................0.01 (default)
[wbmm_mpc_node-3]  #### 'useFeedbackPolicy'......................................................1 (default)
[wbmm_mpc_node-3]  #### 'createValueFunction'....................................................0 (default)
[wbmm_mpc_node-3]  #### 'integratorType'.......................................................RK2 (default)
[wbmm_mpc_node-3]  #### 'inequalityConstraintMu'.................................................0 (default)
[wbmm_mpc_node-3]  #### 'inequalityConstraintDelta'..........................................1e-06 (default)
[wbmm_mpc_node-3]  #### 'projectStateInputEqualityConstraints'...................................1 (default)
[wbmm_mpc_node-3]  #### 'extractProjectionMultiplier'............................................0 (default)
[wbmm_mpc_node-3]  #### 'printSolverStatus'......................................................0 (default)
[wbmm_mpc_node-3]  #### 'printSolverStatistics'..................................................0 (default)
[wbmm_mpc_node-3]  #### 'printLinesearch'........................................................0 (default)
[wbmm_mpc_node-3]  #### 'enableLogging'..........................................................1 (default)
[wbmm_mpc_node-3]  #### 'logSize'.............................................................1000 (default)
[wbmm_mpc_node-3]  #### 'logFilePath'.........................................../tmp/ocs2/sqp_log/ (default)
[wbmm_mpc_node-3]  #### 'nThreads'...............................................................4 (default)
[wbmm_mpc_node-3]  #### 'threadPriority'........................................................50 (default)
[wbmm_mpc_node-3] 
[wbmm_mpc_node-3]  #### HPIPM Settings:
[wbmm_mpc_node-3]  #### =============================================================================
[wbmm_mpc_node-3]  #### 'mode'...................................................................1 (default)
[wbmm_mpc_node-3]  #### 'iter_max'..............................................................30 (default)
[wbmm_mpc_node-3]  #### 'alpha_min'..........................................................1e-12 (default)
[wbmm_mpc_node-3]  #### 'mu0'...................................................................10 (default)
[wbmm_mpc_node-3]  #### 'tol_stat'...........................................................1e-06 (default)
[wbmm_mpc_node-3]  #### 'tol_eq'.............................................................1e-08 (default)
[wbmm_mpc_node-3]  #### 'tol_ineq'...........................................................1e-08 (default)
[wbmm_mpc_node-3]  #### 'tol_comp'...........................................................1e-08 (default)
[wbmm_mpc_node-3]  #### 'reg_prim'...........................................................1e-12 (default)
[wbmm_mpc_node-3]  #### 'warm_start'.............................................................0 (default)
[wbmm_mpc_node-3]  #### 'pred_corr'..............................................................1 (default)
[wbmm_mpc_node-3]  #### 'ric_alg'................................................................0 (default)
[wbmm_mpc_node-3]  #### =============================================================================
[wbmm_mpc_node-3]  #### =============================================================================
[wbmm_mpc_node-3] WARNING: Loaded at least one default value in matrix: "inputCost.R.base.wheelBasedMobileManipulator"
[wbmm_mpc_node-3] WARNING: Loaded at least one default value in matrix: "inputCost.R.arm"
[wbmm_mpc_node-3] 
[wbmm_mpc_node-3]  #### Input Cost Settings: 
[wbmm_mpc_node-3]  #### =============================================================================
[wbmm_mpc_node-3] inputCost.R:  
[wbmm_mpc_node-3] 0.025     0     0     0     0     0     0     0
[wbmm_mpc_node-3]     0   0.1     0     0     0     0     0     0
[wbmm_mpc_node-3]     0     0  0.01     0     0     0     0     0
[wbmm_mpc_node-3]     0     0     0  0.01     0     0     0     0
[wbmm_mpc_node-3]     0     0     0     0  0.01     0     0     0
[wbmm_mpc_node-3]     0     0     0     0     0  0.01     0     0
[wbmm_mpc_node-3]     0     0     0     0     0     0  0.01     0
[wbmm_mpc_node-3]     0     0     0     0     0     0     0  0.01
[wbmm_mpc_node-3]  #### =============================================================================
[wbmm_mpc_node-3]  #### 'activate'...............................................................1
[wbmm_mpc_node-3] 
[wbmm_mpc_node-3]  #### JointPositionLimits Settings: 
[wbmm_mpc_node-3]  #### =============================================================================
[wbmm_mpc_node-3]  #### lowerBound: -6.28 -1.48 -3.05 -1.48 -6.28 -6.28
[wbmm_mpc_node-3]  #### upperBound: 6.28 4.62 3.05 4.62 6.28 6.28
[wbmm_mpc_node-3]  #### 'mu'..................................................................0.01
[wbmm_mpc_node-3]  #### 'delta'..............................................................0.001
[wbmm_mpc_node-3]  #### =============================================================================
[wbmm_mpc_node-3] 
[wbmm_mpc_node-3]  #### JointVelocityLimits Settings: 
[wbmm_mpc_node-3]  #### =============================================================================
[wbmm_mpc_node-3]  #### 'lowerBound':  -0.1 -0.4 -0.2 -0.2 -0.2 -0.2 -0.2 -0.2
[wbmm_mpc_node-3]  #### 'upperBound':  0.1 0.4 0.2 0.2 0.2 0.2 0.2 0.2
[wbmm_mpc_node-3]  #### 'mu'..................................................................0.01
[wbmm_mpc_node-3]  #### 'delta'..............................................................0.001
[wbmm_mpc_node-3]  #### =============================================================================
[wbmm_mpc_node-3] 
[wbmm_mpc_node-3]  #### Dual-reference phase switching is ENABLED.
[wbmm_mpc_node-3]  #### wholeBodyTracking and endEffectorTracking are both registered and weighted by task phase.
[wbmm_mrt_node-4] [WbmmInterface] Loading task file: "/tmp/wbmm_diag03_validation/headless/ideal.info"
[wbmm_mrt_node-4] [WbmmInterface] Loading Pinocchio model from: "/home/a/WBMM/install/tracer_jaka_description/share/tracer_jaka_description/urdf/tracer_jaka_zu5.urdf"
[wbmm_mrt_node-4] [WbmmInterface] Generated library path: "/tmp/wbmm_force_mpc/auto_generated/mrt"
[wbmm_mrt_node-4] 
[wbmm_mrt_node-4]  #### Model Information:
[wbmm_mrt_node-4]  #### =============================================================================
[wbmm_mrt_node-4] 
[wbmm_mrt_node-4]  #### model: wheelBasedMobileManipulator (fixed by wbmm_ocs2)
[wbmm_mrt_node-4]  #### model_information.removeJoints: "left_wheel" "right_wheel" 
[wbmm_mrt_node-4]  #### Note: All mimic joints will be automatically detected and removed
[wbmm_mrt_node-4]  #### model_information.baseFrame: "base_footprint"
[wbmm_mrt_node-4]  #### model_information.eeFrame: "tool0"
[wbmm_mrt_node-4]  #### =============================================================================
[wbmm_mrt_node-4] model.nv = 9
[wbmm_mrt_node-4] model.nq = 9
[wbmm_mrt_node-4] model.njoints = 8
[wbmm_mrt_node-4] model.nbodies = 7
[wbmm_mrt_node-4] model.nframes = 69
[wbmm_mrt_node-4] 
[wbmm_mrt_node-4] Joints:
[wbmm_mrt_node-4]             universe:   ID = 0
[wbmm_mrt_node-4]           root_joint:   ID = 1
[wbmm_mrt_node-4]              joint_1:   ID = 2
[wbmm_mrt_node-4]              joint_2:   ID = 3
[wbmm_mrt_node-4]              joint_3:   ID = 4
[wbmm_mrt_node-4]              joint_4:   ID = 5
[wbmm_mrt_node-4]              joint_5:   ID = 6
[wbmm_mrt_node-4]              joint_6:   ID = 7
[wbmm_mrt_node-4] 
[wbmm_mrt_node-4] Frames:
[wbmm_mrt_node-4]             universe:   ID = 0, parent = 0, type = "FIXED_JOINT "
[wbmm_mrt_node-4]           root_joint:   ID = 1, parent = 1, type = "JOINT "
[wbmm_mrt_node-4]       base_footprint:   ID = 2, parent = 1, type = "BODY "
[wbmm_mrt_node-4] base_footprint_to_base_link:   ID = 3, parent = 1, type = "FIXED_JOINT "
[wbmm_mrt_node-4]            base_link:   ID = 4, parent = 1, type = "BODY "
[wbmm_mrt_node-4]         base_to_d455:   ID = 5, parent = 1, type = "FIXED_JOINT "
[wbmm_mrt_node-4]            d455_link:   ID = 6, parent = 1, type = "BODY "
[wbmm_mrt_node-4]          base_to_imu:   ID = 7, parent = 1, type = "FIXED_JOINT "
[wbmm_mrt_node-4]             imu_link:   ID = 8, parent = 1, type = "BODY "
[wbmm_mrt_node-4]         base_to_jaka:   ID = 9, parent = 1, type = "FIXED_JOINT "
[wbmm_mrt_node-4]       jaka_base_link:   ID = 10, parent = 1, type = "BODY "
[wbmm_mrt_node-4]                fixed:   ID = 11, parent = 1, type = "FIXED_JOINT "
[wbmm_mrt_node-4]               Link_0:   ID = 12, parent = 1, type = "BODY "
[wbmm_mrt_node-4]              joint_1:   ID = 13, parent = 2, type = "JOINT "
[wbmm_mrt_node-4]               Link_1:   ID = 14, parent = 2, type = "BODY "
[wbmm_mrt_node-4]              joint_2:   ID = 15, parent = 3, type = "JOINT "
[wbmm_mrt_node-4]               Link_2:   ID = 16, parent = 3, type = "BODY "
[wbmm_mrt_node-4]              joint_3:   ID = 17, parent = 4, type = "JOINT "
[wbmm_mrt_node-4]               Link_3:   ID = 18, parent = 4, type = "BODY "
[wbmm_mrt_node-4]              joint_4:   ID = 19, parent = 5, type = "JOINT "
[wbmm_mrt_node-4]               Link_4:   ID = 20, parent = 5, type = "BODY "
[wbmm_mrt_node-4]              joint_5:   ID = 21, parent = 6, type = "JOINT "
[wbmm_mrt_node-4]               Link_5:   ID = 22, parent = 6, type = "BODY "
[wbmm_mrt_node-4]              joint_6:   ID = 23, parent = 7, type = "JOINT "
[wbmm_mrt_node-4]               Link_6:   ID = 24, parent = 7, type = "BODY "
[wbmm_mrt_node-4]              fixed_2:   ID = 25, parent = 7, type = "FIXED_JOINT "
[wbmm_mrt_node-4]            Link_6_45:   ID = 26, parent = 7, type = "BODY "
[wbmm_mrt_node-4]   jk_se_vi_200_joint:   ID = 27, parent = 7, type = "FIXED_JOINT "
[wbmm_mrt_node-4]    jk_se_vi_200_link:   ID = 28, parent = 7, type = "BODY "
[wbmm_mrt_node-4] tool0_and_camera_link_joint:   ID = 29, parent = 7, type = "FIXED_JOINT "
[wbmm_mrt_node-4] tool0_and_camera_link:   ID = 30, parent = 7, type = "BODY "
[wbmm_mrt_node-4]          d435i_joint:   ID = 31, parent = 7, type = "FIXED_JOINT "
[wbmm_mrt_node-4]           d435i_link:   ID = 32, parent = 7, type = "BODY "
[wbmm_mrt_node-4]          tool0_joint:   ID = 33, parent = 7, type = "FIXED_JOINT "
[wbmm_mrt_node-4]                tool0:   ID = 34, parent = 7, type = "BODY "
[wbmm_mrt_node-4]        base_to_laser:   ID = 35, parent = 1, type = "FIXED_JOINT "
[wbmm_mrt_node-4]           laser_link:   ID = 36, parent = 1, type = "BODY "
[wbmm_mrt_node-4]      fl_castor_wheel:   ID = 37, parent = 1, type = "FIXED_JOINT "
[wbmm_mrt_node-4]       fl_castor_link:   ID = 38, parent = 1, type = "BODY "
[wbmm_mrt_node-4]             fl_wheel:   ID = 39, parent = 1, type = "FIXED_JOINT "
[wbmm_mrt_node-4]        fl_wheel_link:   ID = 40, parent = 1, type = "BODY "
[wbmm_mrt_node-4]      fr_castor_wheel:   ID = 41, parent = 1, type = "FIXED_JOINT "
[wbmm_mrt_node-4]       fr_castor_link:   ID = 42, parent = 1, type = "BODY "
[wbmm_mrt_node-4]             fr_wheel:   ID = 43, parent = 1, type = "FIXED_JOINT "
[wbmm_mrt_node-4]        fr_wheel_link:   ID = 44, parent = 1, type = "BODY "
[wbmm_mrt_node-4]       inertial_joint:   ID = 45, parent = 1, type = "FIXED_JOINT "
[wbmm_mrt_node-4]        inertial_link:   ID = 46, parent = 1, type = "BODY "
[wbmm_mrt_node-4] joint_aluminium_2_base_link:   ID = 47, parent = 1, type = "FIXED_JOINT "
[wbmm_mrt_node-4] aluminium_2_base_link:   ID = 48, parent = 1, type = "BODY "
[wbmm_mrt_node-4] joint_aluminium_3_base_link:   ID = 49, parent = 1, type = "FIXED_JOINT "
[wbmm_mpc_node-3] WARNING: Loaded at least one default value in matrix: "wholeBodyTracking.Q.base"
[wbmm_mrt_node-4] aluminium_3_base_link:   ID = 50, parent = 1, type = "BODY "
[wbmm_mrt_node-4] joint_aluminium_4_base_link:   ID = 51, parent = 1, type = "FIXED_JOINT "
[wbmm_mrt_node-4] aluminium_4_base_link:   ID = 52, parent = 1, type = "BODY "
[wbmm_mrt_node-4] joint_aluminium_base_link:   ID = 53, parent = 1, type = "FIXED_JOINT "
[wbmm_mrt_node-4]  aluminium_base_link:   ID = 54, parent = 1, type = "BODY "
[wbmm_mrt_node-4]           left_wheel:   ID = 55, parent = 1, type = "FIXED_JOINT "
[wbmm_mrt_node-4]      left_wheel_link:   ID = 56, parent = 1, type = "BODY "
[wbmm_mrt_node-4]          right_wheel:   ID = 57, parent = 1, type = "FIXED_JOINT "
[wbmm_mrt_node-4]     right_wheel_link:   ID = 58, parent = 1, type = "BODY "
[wbmm_mrt_node-4]      rl_castor_wheel:   ID = 59, parent = 1, type = "FIXED_JOINT "
[wbmm_mrt_node-4]       rl_castor_link:   ID = 60, parent = 1, type = "BODY "
[wbmm_mrt_node-4]             rl_wheel:   ID = 61, parent = 1, type = "FIXED_JOINT "
[wbmm_mrt_node-4]        rl_wheel_link:   ID = 62, parent = 1, type = "BODY "
[wbmm_mrt_node-4]      rr_castor_wheel:   ID = 63, parent = 1, type = "FIXED_JOINT "
[wbmm_mrt_node-4]       rr_castor_link:   ID = 64, parent = 1, type = "BODY "
[wbmm_mrt_node-4]             rr_wheel:   ID = 65, parent = 1, type = "FIXED_JOINT "
[wbmm_mrt_node-4]        rr_wheel_link:   ID = 66, parent = 1, type = "BODY "
[wbmm_mrt_node-4]          tracer_base:   ID = 67, parent = 1, type = "FIXED_JOINT "
[wbmm_mrt_node-4]     urbase_base_link:   ID = 68, parent = 1, type = "BODY "
[wbmm_mrt_node-4] 
[wbmm_mrt_node-4]  #### Model Settings:
[wbmm_mrt_node-4]  #### =============================================================================
[wbmm_mrt_node-4]  #### 'usePreComputation'......................................................1
[wbmm_mrt_node-4]  #### 'recompileLibraries'.....................................................1
[wbmm_mrt_node-4]  #### =============================================================================
[wbmm_mrt_node-4] Initial State:         0       0       0  -0.515  1.5707 -1.5707  1.5707  1.5707   0.254
[wbmm_mpc_node-3] WARNING: Loaded at least one default value in matrix: "wholeBodyTracking.Q.arm"
[wbmm_mpc_node-3] 
[wbmm_mpc_node-3]  #### wholeBodyTracking (intermediate) Settings: 
[wbmm_mpc_node-3]  #### =============================================================================
[wbmm_mpc_node-3]  #### stateDim : 9  (base 3 + arm 6)
[wbmm_mpc_node-3]  #### yawIndex : 2
[wbmm_mpc_node-3]  #### Q:
[wbmm_mpc_node-3]   1   0   0   0   0   0   0   0   0
[wbmm_mpc_node-3]   0   1   0   0   0   0   0   0   0
[wbmm_mpc_node-3]   0   0 0.5   0   0   0   0   0   0
[wbmm_mpc_node-3]   0   0   0   1   0   0   0   0   0
[wbmm_mpc_node-3]   0   0   0   0   1   0   0   0   0
[wbmm_mpc_node-3]   0   0   0   0   0   1   0   0   0
[wbmm_mpc_node-3]   0   0   0   0   0   0   1   0   0
[wbmm_mpc_node-3]   0   0   0   0   0   0   0   1   0
[wbmm_mpc_node-3]   0   0   0   0   0   0   0   0   1
[wbmm_mpc_node-3]  #### 参考轨迹来源: ROS topic <robot>_mpc_target (TargetTrajectories, 9 维 state)
[wbmm_mpc_node-3]  #### =============================================================================
[wbmm_mrt_node-4] 
[wbmm_mrt_node-4]  #### DDP Settings: 
[wbmm_mrt_node-4]  #### =============================================================================
[wbmm_mrt_node-4]  #### 'algorithm'............................................................SLQ
[wbmm_mrt_node-4]  #### 'nThreads'...............................................................3
[wbmm_mrt_node-4]  #### 'threadPriority'........................................................50
[wbmm_mrt_node-4]  #### 'maxNumIterations'.......................................................1
[wbmm_mrt_node-4]  #### 'minRelCost'...........................................................0.1
[wbmm_mrt_node-4]  #### 'constraintTolerance'................................................0.001
[wbmm_mrt_node-4]  #### 'displayInfo'............................................................0
[wbmm_mrt_node-4]  #### 'displayShortSummary'....................................................0
[wbmm_mrt_node-4]  #### 'checkNumericalStability'................................................0
[wbmm_mrt_node-4]  #### 'debugPrintRollout'......................................................0
[wbmm_mrt_node-4]  #### 'AbsTolODE'..........................................................1e-05
[wbmm_mrt_node-4]  #### 'RelTolODE'..........................................................0.001
[wbmm_mrt_node-4]  #### 'maxNumStepsPerSecond'..............................................100000
[wbmm_mrt_node-4]  #### 'timeStep'...........................................................0.001
[wbmm_mrt_node-4]  #### 'backwardPassIntegratorType'.........................................ODE45
[wbmm_mrt_node-4]  #### 'constraintPenaltyInitialValue'.........................................20
[wbmm_mrt_node-4]  #### 'constraintPenaltyIncreaseRate'..........................................2
[wbmm_mrt_node-4]  #### 'preComputeRiccatiTerms'.................................................1
[wbmm_mrt_node-4]  #### 'useFeedbackPolicy'......................................................0
[wbmm_mrt_node-4]  #### 'riskSensitiveCoeff'.....................................................0 (default)
[wbmm_mrt_node-4]  #### 'strategy'.....................................................LINE_SEARCH
[wbmm_mrt_node-4]  #### LINE_SEARCH Settings: {
[wbmm_mrt_node-4]  #### 'minStepLength'.......................................................0.01
[wbmm_mrt_node-4]  #### 'maxStepLength'..........................................................1
[wbmm_mrt_node-4]  #### 'contractionRate'......................................................0.5 (default)
[wbmm_mrt_node-4]  #### 'armijoCoefficient'.................................................0.0001 (default)
[wbmm_mrt_node-4]  #### 'hessianCorrectionStrategy'.................................DIAGONAL_SHIFT
[wbmm_mrt_node-4]  #### 'hessianCorrectionMultiple'..........................................0.001
[wbmm_mrt_node-4]  #### }
[wbmm_mrt_node-4]  #### =============================================================================
[wbmm_mrt_node-4] 
[wbmm_mrt_node-4]  #### MPC Settings:
[wbmm_mrt_node-4]  #### =============================================================================
[wbmm_mrt_node-4]  #### 'timeHorizon'............................................................2
[wbmm_mrt_node-4]  #### 'solutionTimeWindow'...................................................0.2
[wbmm_mrt_node-4]  #### 'coldStart'..............................................................0
[wbmm_mrt_node-4]  #### 'debugPrint'.............................................................0
[wbmm_mrt_node-4]  #### 'mpcDesiredFrequency'...................................................50
[wbmm_mpc_node-3] WARNING: Loaded at least one default value in matrix: "endEffectorTracking.Q.position"
[wbmm_mrt_node-4]  #### 'mrtDesiredFrequency'..................................................100 (default)
[wbmm_mrt_node-4]  #### =============================================================================
[wbmm_mrt_node-4] 
[wbmm_mrt_node-4]  #### Multiple-Shooting SQP Settings:
[wbmm_mrt_node-4]  #### =============================================================================
[wbmm_mrt_node-4]  #### 'sqpIteration'..........................................................10 (default)
[wbmm_mrt_node-4]  #### 'deltaTol'...........................................................1e-06 (default)
[wbmm_mrt_node-4]  #### 'alpha_decay'..........................................................0.5 (default)
[wbmm_mrt_node-4]  #### 'alpha_min'.........................................................0.0001 (default)
[wbmm_mrt_node-4]  #### 'gamma_c'............................................................1e-06 (default)
[wbmm_mrt_node-4]  #### 'g_max'..............................................................1e+06 (default)
[wbmm_mrt_node-4]  #### 'g_min'..............................................................1e-06 (default)
[wbmm_mrt_node-4]  #### 'armijoFactor'......................................................0.0001 (default)
[wbmm_mrt_node-4]  #### 'costTol'...........................................................0.0001 (default)
[wbmm_mrt_node-4]  #### 'dt'..................................................................0.01 (default)
[wbmm_mrt_node-4]  #### 'useFeedbackPolicy'......................................................1 (default)
[wbmm_mrt_node-4]  #### 'createValueFunction'....................................................0 (default)
[wbmm_mrt_node-4]  #### 'integratorType'.......................................................RK2 (default)
[wbmm_mrt_node-4]  #### 'inequalityConstraintMu'.................................................0 (default)
[wbmm_mrt_node-4]  #### 'inequalityConstraintDelta'..........................................1e-06 (default)
[wbmm_mrt_node-4]  #### 'projectStateInputEqualityConstraints'...................................1 (default)
[wbmm_mrt_node-4]  #### 'extractProjectionMultiplier'............................................0 (default)
[wbmm_mrt_node-4]  #### 'printSolverStatus'......................................................0 (default)
[wbmm_mrt_node-4]  #### 'printSolverStatistics'..................................................0 (default)
[wbmm_mrt_node-4]  #### 'printLinesearch'........................................................0 (default)
[wbmm_mrt_node-4]  #### 'enableLogging'..........................................................1 (default)
[wbmm_mrt_node-4]  #### 'logSize'.............................................................1000 (default)
[wbmm_mrt_node-4]  #### 'logFilePath'.........................................../tmp/ocs2/sqp_log/ (default)
[wbmm_mrt_node-4]  #### 'nThreads'...............................................................4 (default)
[wbmm_mrt_node-4]  #### 'threadPriority'........................................................50 (default)
[wbmm_mrt_node-4] 
[wbmm_mrt_node-4]  #### HPIPM Settings:
[wbmm_mrt_node-4]  #### =============================================================================
[wbmm_mrt_node-4]  #### 'mode'...................................................................1 (default)
[wbmm_mrt_node-4]  #### 'iter_max'..............................................................30 (default)
[wbmm_mrt_node-4]  #### 'alpha_min'..........................................................1e-12 (default)
[wbmm_mrt_node-4]  #### 'mu0'...................................................................10 (default)
[wbmm_mrt_node-4]  #### 'tol_stat'...........................................................1e-06 (default)
[wbmm_mrt_node-4]  #### 'tol_eq'.............................................................1e-08 (default)
[wbmm_mrt_node-4]  #### 'tol_ineq'...........................................................1e-08 (default)
[wbmm_mrt_node-4]  #### 'tol_comp'...........................................................1e-08 (default)
[wbmm_mrt_node-4]  #### 'reg_prim'...........................................................1e-12 (default)
[wbmm_mrt_node-4]  #### 'warm_start'.............................................................0 (default)
[wbmm_mrt_node-4]  #### 'pred_corr'..............................................................1 (default)
[wbmm_mrt_node-4]  #### 'ric_alg'................................................................0 (default)
[wbmm_mrt_node-4]  #### =============================================================================
[wbmm_mrt_node-4]  #### =============================================================================
[wbmm_mrt_node-4] WARNING: Loaded at least one default value in matrix: "inputCost.R.base.wheelBasedMobileManipulator"
[wbmm_mrt_node-4] WARNING: Loaded at least one default value in matrix: "inputCost.R.arm"
[wbmm_mrt_node-4] 
[wbmm_mrt_node-4]  #### Input Cost Settings: 
[wbmm_mrt_node-4]  #### =============================================================================
[wbmm_mrt_node-4] inputCost.R:  
[wbmm_mrt_node-4] 0.025     0     0     0     0     0     0     0
[wbmm_mrt_node-4]     0   0.1     0     0     0     0     0     0
[wbmm_mrt_node-4]     0     0  0.01     0     0     0     0     0
[wbmm_mrt_node-4]     0     0     0  0.01     0     0     0     0
[wbmm_mrt_node-4]     0     0     0     0  0.01     0     0     0
[wbmm_mrt_node-4]     0     0     0     0     0  0.01     0     0
[wbmm_mrt_node-4]     0     0     0     0     0     0  0.01     0
[wbmm_mrt_node-4]     0     0     0     0     0     0     0  0.01
[wbmm_mrt_node-4]  #### =============================================================================
[wbmm_mrt_node-4]  #### 'activate'...............................................................1
[wbmm_mrt_node-4] 
[wbmm_mrt_node-4]  #### JointPositionLimits Settings: 
[wbmm_mrt_node-4]  #### =============================================================================
[wbmm_mrt_node-4]  #### lowerBound: -6.28 -1.48 -3.05 -1.48 -6.28 -6.28
[wbmm_mrt_node-4]  #### upperBound: 6.28 4.62 3.05 4.62 6.28 6.28
[wbmm_mrt_node-4]  #### 'mu'..................................................................0.01
[wbmm_mrt_node-4]  #### 'delta'..............................................................0.001
[wbmm_mrt_node-4]  #### =============================================================================
[wbmm_mrt_node-4] 
[wbmm_mrt_node-4]  #### JointVelocityLimits Settings: 
[wbmm_mrt_node-4]  #### =============================================================================
[wbmm_mrt_node-4]  #### 'lowerBound':  -0.1 -0.4 -0.2 -0.2 -0.2 -0.2 -0.2 -0.2
[wbmm_mrt_node-4]  #### 'upperBound':  0.1 0.4 0.2 0.2 0.2 0.2 0.2 0.2
[wbmm_mrt_node-4]  #### 'mu'..................................................................0.01
[wbmm_mrt_node-4]  #### 'delta'..............................................................0.001
[wbmm_mrt_node-4]  #### =============================================================================
[wbmm_mrt_node-4] 
[wbmm_mrt_node-4]  #### Dual-reference phase switching is ENABLED.
[wbmm_mrt_node-4]  #### wholeBodyTracking and endEffectorTracking are both registered and weighted by task phase.
[wbmm_mrt_node-4] WARNING: Loaded at least one default value in matrix: "wholeBodyTracking.Q.base"
[wbmm_mrt_node-4] WARNING: Loaded at least one default value in matrix: "wholeBodyTracking.Q.arm"
[wbmm_mrt_node-4] 
[wbmm_mrt_node-4]  #### wholeBodyTracking (intermediate) Settings: 
[wbmm_mrt_node-4]  #### =============================================================================
[wbmm_mrt_node-4]  #### stateDim : 9  (base 3 + arm 6)
[wbmm_mrt_node-4]  #### yawIndex : 2
[wbmm_mrt_node-4]  #### Q:
[wbmm_mrt_node-4]   1   0   0   0   0   0   0   0   0
[wbmm_mrt_node-4]   0   1   0   0   0   0   0   0   0
[wbmm_mrt_node-4]   0   0 0.5   0   0   0   0   0   0
[wbmm_mrt_node-4]   0   0   0   1   0   0   0   0   0
[wbmm_mrt_node-4]   0   0   0   0   1   0   0   0   0
[wbmm_mrt_node-4]   0   0   0   0   0   1   0   0   0
[wbmm_mrt_node-4]   0   0   0   0   0   0   1   0   0
[wbmm_mrt_node-4]   0   0   0   0   0   0   0   1   0
[wbmm_mrt_node-4]   0   0   0   0   0   0   0   0   1
[wbmm_mrt_node-4]  #### 参考轨迹来源: ROS topic <robot>_mpc_target (TargetTrajectories, 9 维 state)
[wbmm_mrt_node-4]  #### =============================================================================
[wbmm_mrt_node-4] WARNING: Loaded at least one default value in matrix: "endEffectorTracking.Q.position"
[wbmm_mrt_node-4] WARNING: Loaded at least one default value in matrix: "endEffectorTracking.Q.orientation"
[wbmm_mrt_node-4] 
[wbmm_mrt_node-4]  #### endEffectorTracking Settings: 
[wbmm_mrt_node-4]  #### =============================================================================
[wbmm_mrt_node-4]  #### Q.position:
[wbmm_mrt_node-4] 100   0   0
[wbmm_mrt_node-4]   0 100   0
[wbmm_mrt_node-4]   0   0 100
[wbmm_mrt_node-4]  #### Q.orientation:
[wbmm_mrt_node-4] 25  0  0
[wbmm_mrt_node-4]  0 25  0
[wbmm_mrt_node-4]  0  0 25
[wbmm_mrt_node-4]  #### =============================================================================
[wbmm_mpc_node-3] WARNING: Loaded at least one default value in matrix: "endEffectorTracking.Q.orientation"
[wbmm_mpc_node-3] 
[wbmm_mpc_node-3]  #### endEffectorTracking Settings: 
[wbmm_mpc_node-3]  #### =============================================================================
[wbmm_mpc_node-3]  #### Q.position:
[wbmm_mpc_node-3] 100   0   0
[wbmm_mpc_node-3]   0 100   0
[wbmm_mpc_node-3]   0   0 100
[wbmm_mpc_node-3]  #### Q.orientation:
[wbmm_mpc_node-3] 25  0  0
[wbmm_mpc_node-3]  0 25  0
[wbmm_mpc_node-3]  0  0 25
[wbmm_mpc_node-3]  #### =============================================================================
[wbmm_mpc_node-3] WARNING: Loaded at least one default value in matrix: "wholeBodyTracking.Q.base"
[wbmm_mpc_node-3] WARNING: Loaded at least one default value in matrix: "wholeBodyTracking.Q.arm"
[wbmm_mpc_node-3] 
[wbmm_mpc_node-3]  #### wholeBodyTracking (final) Settings: 
[wbmm_mpc_node-3]  #### =============================================================================
[wbmm_mpc_node-3]  #### stateDim : 9  (base 3 + arm 6)
[wbmm_mpc_node-3]  #### yawIndex : 2
[wbmm_mpc_node-3]  #### Q:
[wbmm_mpc_node-3]   1   0   0   0   0   0   0   0   0
[wbmm_mpc_node-3]   0   1   0   0   0   0   0   0   0
[wbmm_mpc_node-3]   0   0 0.5   0   0   0   0   0   0
[wbmm_mpc_node-3]   0   0   0   1   0   0   0   0   0
[wbmm_mpc_node-3]   0   0   0   0   1   0   0   0   0
[wbmm_mpc_node-3]   0   0   0   0   0   1   0   0   0
[wbmm_mpc_node-3]   0   0   0   0   0   0   1   0   0
[wbmm_mpc_node-3]   0   0   0   0   0   0   0   1   0
[wbmm_mpc_node-3]   0   0   0   0   0   0   0   0   1
[wbmm_mpc_node-3]  #### 参考轨迹来源: ROS topic <robot>_mpc_target (TargetTrajectories, 9 维 state)
[wbmm_mpc_node-3]  #### =============================================================================
[wbmm_mpc_node-3] WARNING: Loaded at least one default value in matrix: "endEffectorTracking.Q.position"
[wbmm_mpc_node-3] WARNING: Loaded at least one default value in matrix: "endEffectorTracking.Q.orientation"
[wbmm_mpc_node-3] 
[wbmm_mpc_node-3]  #### endEffectorTracking Settings: 
[wbmm_mpc_node-3]  #### =============================================================================
[wbmm_mpc_node-3]  #### Q.position:
[wbmm_mpc_node-3] 100   0   0
[wbmm_mpc_node-3]   0 100   0
[wbmm_mpc_node-3]   0   0 100
[wbmm_mpc_node-3]  #### Q.orientation:
[wbmm_mpc_node-3] 25  0  0
[wbmm_mpc_node-3]  0 25  0
[wbmm_mpc_node-3]  0  0 25
[wbmm_mpc_node-3]  #### =============================================================================
[wbmm_mrt_node-4] WARNING: Loaded at least one default value in matrix: "wholeBodyTracking.Q.base"
[wbmm_mrt_node-4] WARNING: Loaded at least one default value in matrix: "wholeBodyTracking.Q.arm"
[wbmm_mrt_node-4] 
[wbmm_mrt_node-4]  #### wholeBodyTracking (final) Settings: 
[wbmm_mrt_node-4]  #### =============================================================================
[wbmm_mrt_node-4]  #### stateDim : 9  (base 3 + arm 6)
[wbmm_mrt_node-4]  #### yawIndex : 2
[wbmm_mrt_node-4]  #### Q:
[wbmm_mrt_node-4]   1   0   0   0   0   0   0   0   0
[wbmm_mrt_node-4]   0   1   0   0   0   0   0   0   0
[wbmm_mrt_node-4]   0   0 0.5   0   0   0   0   0   0
[wbmm_mrt_node-4]   0   0   0   1   0   0   0   0   0
[wbmm_mrt_node-4]   0   0   0   0   1   0   0   0   0
[wbmm_mrt_node-4]   0   0   0   0   0   1   0   0   0
[wbmm_mrt_node-4]   0   0   0   0   0   0   1   0   0
[wbmm_mrt_node-4]   0   0   0   0   0   0   0   1   0
[wbmm_mrt_node-4]   0   0   0   0   0   0   0   0   1
[wbmm_mrt_node-4]  #### 参考轨迹来源: ROS topic <robot>_mpc_target (TargetTrajectories, 9 维 state)
[wbmm_mrt_node-4]  #### =============================================================================
[wbmm_mrt_node-4] WARNING: Loaded at least one default value in matrix: "endEffectorTracking.Q.position"
[wbmm_mpc_node-3] 
[wbmm_mpc_node-3]  #### Arm Manipulability Settings:
[wbmm_mpc_node-3]  #### =============================================================================
[wbmm_mpc_node-3]  #### frameName: tool0
[wbmm_mpc_node-3]  #### stateFrame: odom
[wbmm_mpc_node-3]  #### metrics.scope/task/scaling: arm / pose / characteristic_length
[wbmm_mpc_node-3]  #### term: process/evaluator, normalized: 1, weightScale: 1, sigma: 1 ref=0.05 weight=0.5, Yoshikawa: 0 ref=0.0015 weight=0.005
[wbmm_mpc_node-3]  #### =============================================================================
[wbmm_mrt_node-4] WARNING: Loaded at least one default value in matrix: "endEffectorTracking.Q.orientation"
[wbmm_mrt_node-4] 
[wbmm_mrt_node-4]  #### endEffectorTracking Settings: 
[wbmm_mrt_node-4]  #### =============================================================================
[wbmm_mrt_node-4]  #### Q.position:
[wbmm_mrt_node-4] 100   0   0
[wbmm_mrt_node-4]   0 100   0
[wbmm_mrt_node-4]   0   0 100
[wbmm_mrt_node-4]  #### Q.orientation:
[wbmm_mrt_node-4] 25  0  0
[wbmm_mrt_node-4]  0 25  0
[wbmm_mrt_node-4]  0  0 25
[wbmm_mrt_node-4]  #### =============================================================================
[wbmm_mrt_node-4] 
[wbmm_mrt_node-4]  #### Arm Manipulability Settings:
[wbmm_mrt_node-4]  #### =============================================================================
[wbmm_mrt_node-4]  #### frameName: tool0
[wbmm_mrt_node-4]  #### stateFrame: odom
[wbmm_mrt_node-4]  #### metrics.scope/task/scaling: arm / pose / characteristic_length
[wbmm_mrt_node-4]  #### term: process/evaluator, normalized: 1, weightScale: 1, sigma: 1 ref=0.05 weight=0.5, Yoshikawa: 0 ref=0.0015 weight=0.005
[wbmm_mrt_node-4]  #### =============================================================================
[wbmm_mpc_node-3] 
[wbmm_mpc_node-3]  #### Arm Manipulability Settings:
[wbmm_mpc_node-3]  #### =============================================================================
[wbmm_mpc_node-3]  #### frameName: tool0
[wbmm_mpc_node-3]  #### stateFrame: odom
[wbmm_mpc_node-3]  #### metrics.scope/task/scaling: arm / pose / characteristic_length
[wbmm_mpc_node-3]  #### term: terminal, normalized: 1, weightScale: 1, sigma: 1 ref=0.05 weight=0.5, Yoshikawa: 0 ref=0.0015 weight=0.005
[wbmm_mpc_node-3]  #### =============================================================================
[whole_body_force_control_node-6] [INFO] [1791533981.395856698] [whole_body_force_control]: Ready: frame=odom axes=[fx,fy,fz] admittance_enable=true output=true
[wbmm_mrt_node-4] 
[wbmm_mrt_node-4]  #### Arm Manipulability Settings:
[wbmm_mrt_node-4]  #### =============================================================================
[wbmm_mrt_node-4]  #### frameName: tool0
[wbmm_mrt_node-4]  #### stateFrame: odom
[wbmm_mrt_node-4]  #### metrics.scope/task/scaling: arm / pose / characteristic_length
[wbmm_mrt_node-4]  #### term: terminal, normalized: 1, weightScale: 1, sigma: 1 ref=0.05 weight=0.5, Yoshikawa: 0 ref=0.0015 weight=0.005
[wbmm_mrt_node-4]  #### =============================================================================
[wbmm_mrt_node-4] 
[wbmm_mrt_node-4]  #### Arm Manipulability Settings:
[wbmm_mrt_node-4]  #### =============================================================================
[wbmm_mrt_node-4]  #### frameName: tool0
[wbmm_mrt_node-4]  #### stateFrame: odom
[wbmm_mrt_node-4]  #### metrics.scope/task/scaling: arm / pose / characteristic_length
[wbmm_mrt_node-4]  #### term: process/evaluator, normalized: 1, weightScale: 1, sigma: 1 ref=0.05 weight=0.5, Yoshikawa: 0 ref=0.0015 weight=0.005
[wbmm_mrt_node-4]  #### =============================================================================
[wbmm_mrt_node-4]  #### 'activate'...............................................................1
[wbmm_mrt_node-4] 
[wbmm_mrt_node-4]  #### SelfCollision Settings: 
[wbmm_mrt_node-4]  #### =============================================================================
[wbmm_mrt_node-4]  #### 'mu'..................................................................0.01
[wbmm_mrt_node-4]  #### 'delta'..............................................................0.001
[wbmm_mrt_node-4]  #### 'minimumDistance'.....................................................0.02
[wbmm_mrt_node-4]  #### 'selfCollision.collisionObjectPairs': { }
[wbmm_mrt_node-4]  #### 'selfCollision.collisionLinkPairs': {[base_link, Link_2], [base_link, Link_3], [base_link, Link_4], [base_link, Link_5], [base_link, Link_6], [base_link, tool0_and_camera_link], [base_link, d435i_link], [Link_0, Link_2], [Link_0, Link_3], [Link_1, Link_3], [Link_1, Link_4], [Link_2, Link_4], [Link_2, Link_5], [Link_3, Link_5], [Link_3, Link_6], [Link_4, Link_6], [Link_0, tool0_and_camera_link], [Link_1, tool0_and_camera_link], [Link_2, tool0_and_camera_link], [Link_3, tool0_and_camera_link], [Link_4, tool0_and_camera_link], [Link_5, tool0_and_camera_link], [Link_0, d435i_link], [Link_1, d435i_link], [Link_2, d435i_link], [Link_3, d435i_link], [Link_4, d435i_link], [Link_5, d435i_link], }
[wbmm_mpc_node-3] 
[wbmm_mpc_node-3]  #### Arm Manipulability Settings:
[wbmm_mpc_node-3]  #### =============================================================================
[wbmm_mpc_node-3]  #### frameName: tool0
[wbmm_mpc_node-3]  #### stateFrame: odom
[wbmm_mpc_node-3]  #### metrics.scope/task/scaling: arm / pose / characteristic_length
[wbmm_mpc_node-3]  #### term: process/evaluator, normalized: 1, weightScale: 1, sigma: 1 ref=0.05 weight=0.5, Yoshikawa: 0 ref=0.0015 weight=0.005
[wbmm_mpc_node-3]  #### =============================================================================
[wbmm_mpc_node-3]  #### 'activate'...............................................................1
[wbmm_mpc_node-3] 
[wbmm_mpc_node-3]  #### SelfCollision Settings: 
[wbmm_mpc_node-3]  #### =============================================================================
[wbmm_mpc_node-3]  #### 'mu'..................................................................0.01
[wbmm_mpc_node-3]  #### 'delta'..............................................................0.001
[wbmm_mpc_node-3]  #### 'minimumDistance'.....................................................0.02
[wbmm_mpc_node-3]  #### 'selfCollision.collisionObjectPairs': { }
[wbmm_mrt_node-4]  #### minimumDistance: 0.02 (minimum allowed distance)
[wbmm_mrt_node-4]  #### activationDistance: 0.1 (penalty only active when distance < this value)
[wbmm_mrt_node-4]  #### =============================================================================
[wbmm_mpc_node-3]  #### 'selfCollision.collisionLinkPairs': {[base_link, Link_2], [base_link, Link_3], [base_link, Link_4], [base_link, Link_5], [base_link, Link_6], [base_link, tool0_and_camera_link], [base_link, d435i_link], [Link_0, Link_2], [Link_0, Link_3], [Link_1, Link_3], [Link_1, Link_4], [Link_2, Link_4], [Link_2, Link_5], [Link_3, Link_5], [Link_3, Link_6], [Link_4, Link_6], [Link_0, tool0_and_camera_link], [Link_1, tool0_and_camera_link], [Link_2, tool0_and_camera_link], [Link_3, tool0_and_camera_link], [Link_4, tool0_and_camera_link], [Link_5, tool0_and_camera_link], [Link_0, d435i_link], [Link_1, d435i_link], [Link_2, d435i_link], [Link_3, d435i_link], [Link_4, d435i_link], [Link_5, d435i_link], }
[wbmm_mpc_node-3]  #### minimumDistance: 0.02 (minimum allowed distance)
[wbmm_mpc_node-3]  #### activationDistance: 0.1 (penalty only active when distance < this value)
[wbmm_mpc_node-3]  #### =============================================================================
[wbmm_mrt_node-4] SelfCollision: Testing for 139 collision pairs
[wbmm_mrt_node-4] [CppAdInterface] Compiling Shared Library: /tmp/wbmm_force_mpc/auto_generated/mrt/dynamics_flow_map/cppad_generated/dynamics_flow_map_libcppadcg_tmp39231627.so
[wbmm_mpc_node-3] SelfCollision: Testing for 139 collision pairs
[wbmm_mpc_node-3] [CppAdInterface] Compiling Shared Library: /tmp/wbmm_force_mpc/auto_generated/mpc/dynamics_flow_map/cppad_generated/dynamics_flow_map_libcppadcg_tmp12931625.so
[wbmm_mpc_node-3] [CppAdInterface] Renaming /tmp/wbmm_force_mpc/auto_generated/mpc/dynamics_flow_map/cppad_generated/dynamics_flow_map_libcppadcg_tmp12931625.so to /tmp/wbmm_force_mpc/auto_generated/mpc/dynamics_flow_map/cppad_generated/dynamics_flow_map_lib.so
[wbmm_mpc_node-3] [CppAdInterface] Compiling Shared Library: /tmp/wbmm_force_mpc/auto_generated/mpc/dynamics_jump_map/cppad_generated/dynamics_jump_map_libcppadcg_tmp19331625.so
[wbmm_mrt_node-4] [CppAdInterface] Renaming /tmp/wbmm_force_mpc/auto_generated/mrt/dynamics_flow_map/cppad_generated/dynamics_flow_map_libcppadcg_tmp39231627.so to /tmp/wbmm_force_mpc/auto_generated/mrt/dynamics_flow_map/cppad_generated/dynamics_flow_map_lib.so
[wbmm_mrt_node-4] [CppAdInterface] Compiling Shared Library: /tmp/wbmm_force_mpc/auto_generated/mrt/dynamics_jump_map/cppad_generated/dynamics_jump_map_libcppadcg_tmp91631627.so
[wbmm_mpc_node-3] [CppAdInterface] Renaming /tmp/wbmm_force_mpc/auto_generated/mpc/dynamics_jump_map/cppad_generated/dynamics_jump_map_libcppadcg_tmp19331625.so to /tmp/wbmm_force_mpc/auto_generated/mpc/dynamics_jump_map/cppad_generated/dynamics_jump_map_lib.so
[wbmm_mpc_node-3] [CppAdInterface] Compiling Shared Library: /tmp/wbmm_force_mpc/auto_generated/mpc/dynamics_guard_surfaces/cppad_generated/dynamics_guard_surfaces_libcppadcg_tmp37031625.so
[wbmm_mrt_node-4] [CppAdInterface] Renaming /tmp/wbmm_force_mpc/auto_generated/mrt/dynamics_jump_map/cppad_generated/dynamics_jump_map_libcppadcg_tmp91631627.so to /tmp/wbmm_force_mpc/auto_generated/mrt/dynamics_jump_map/cppad_generated/dynamics_jump_map_lib.so
[wbmm_mrt_node-4] [CppAdInterface] Compiling Shared Library: /tmp/wbmm_force_mpc/auto_generated/mrt/dynamics_guard_surfaces/cppad_generated/dynamics_guard_surfaces_libcppadcg_tmp27431627.so
[wbmm_mpc_node-3] [CppAdInterface] Renaming /tmp/wbmm_force_mpc/auto_generated/mpc/dynamics_guard_surfaces/cppad_generated/dynamics_guard_surfaces_libcppadcg_tmp37031625.so to /tmp/wbmm_force_mpc/auto_generated/mpc/dynamics_guard_surfaces/cppad_generated/dynamics_guard_surfaces_lib.so
[wbmm_mpc_node-3] 
[wbmm_mpc_node-3]  #### Rollout Settings: 
[wbmm_mpc_node-3]  #### =============================================================================
[wbmm_mpc_node-3]  #### 'AbsTolODE'..........................................................1e-05
[wbmm_mpc_node-3]  #### 'RelTolODE'..........................................................0.001
[wbmm_mpc_node-3]  #### 'maxNumStepsPerSecond'..............................................100000
[wbmm_mpc_node-3]  #### 'timeStep'............................................................0.01
[wbmm_mpc_node-3]  #### 'integratorType'.....................................................ODE45
[wbmm_mpc_node-3]  #### 'checkNumericalStability'................................................0
[wbmm_mpc_node-3]  #### 'reconstructInputTrajectory'.............................................1 (default)
[wbmm_mpc_node-3]  #### 'rootFindingAlgorithm'...................................................0 (default)
[wbmm_mpc_node-3]  #### 'maxSingleEventIterations'..............................................10 (default)
[wbmm_mpc_node-3]  #### 'useTrajectorySpreadingController'.......................................0 (default)
[wbmm_mpc_node-3]  #### =============================================================================
[wbmm_mpc_node-3] WARNING: Failed to set threads priority (one possible reason could be that the user and the group permissions are not set properly.)
[wbmm_mpc_node-3] WARNING: Failed to set threads priority (one possible reason could be that the user and the group permissions are not set properly.)
[wbmm_mpc_node-3] [INFO] [1791533981.947037226] [wbmm_mpc_node]: Task phase service : mobile_manipulator_set_task_phase
[wbmm_mpc_node-3] [INFO] [1791533981.947139425] [wbmm_mpc_node]: Task phase state   : mobile_manipulator_task_phase_state (latched)
[wbmm_mpc_node-3] [INFO] [1791533981.947146907] [wbmm_mpc_node]: Whole-body target: mobile_manipulator_whole_body_target
[wbmm_mpc_node-3] [INFO] [1791533981.947156579] [wbmm_mpc_node]: EE target       : /mobile_manipulator_ee_target
[wbmm_mpc_node-3] [INFO] [1791533981.947162836] [MPC_ROS_Interface]: MPC node is setting up ...
[wbmm_mpc_node-3] [INFO] [1791533981.949518085] [MPC_ROS_Interface]: Publishing SLQ-MPC messages on a separate thread.
[wbmm_mpc_node-3] [INFO] [1791533981.949538016] [MPC_ROS_Interface]: MPC node is ready.
[wbmm_mpc_node-3] [INFO] [1791533981.949541832] [MPC_ROS_Interface]: Start spinning now ...
[wbmm_mrt_node-4] [CppAdInterface] Renaming /tmp/wbmm_force_mpc/auto_generated/mrt/dynamics_guard_surfaces/cppad_generated/dynamics_guard_surfaces_libcppadcg_tmp27431627.so to /tmp/wbmm_force_mpc/auto_generated/mrt/dynamics_guard_surfaces/cppad_generated/dynamics_guard_surfaces_lib.so
[wbmm_mrt_node-4] 
[wbmm_mrt_node-4]  #### Rollout Settings: 
[wbmm_mrt_node-4]  #### =============================================================================
[wbmm_mrt_node-4]  #### 'AbsTolODE'..........................................................1e-05
[wbmm_mrt_node-4]  #### 'RelTolODE'..........................................................0.001
[wbmm_mrt_node-4]  #### 'maxNumStepsPerSecond'..............................................100000
[wbmm_mrt_node-4]  #### 'timeStep'............................................................0.01
[wbmm_mrt_node-4]  #### 'integratorType'.....................................................ODE45
[wbmm_mrt_node-4]  #### 'checkNumericalStability'................................................0
[wbmm_mrt_node-4]  #### 'reconstructInputTrajectory'.............................................1 (default)
[wbmm_mrt_node-4]  #### 'rootFindingAlgorithm'...................................................0 (default)
[wbmm_mrt_node-4]  #### 'maxSingleEventIterations'..............................................10 (default)
[wbmm_mrt_node-4]  #### 'useTrajectorySpreadingController'.......................................0 (default)
[wbmm_mrt_node-4]  #### =============================================================================
[wbmm_mrt_node-4] [INFO] [1791533981.975905573] [wbmm_mrt_node]: OCS2 model dims: state=9 input=8 arm=6
[wbmm_mrt_node-4] [INFO] [1791533981.976067601] [wbmm_mrt_node]: Task phase mode: ENABLED, initial phase=2
[wbmm_mrt_node-4] [INFO] [1791533981.984679614] [wbmm_mrt_node]: Publishing base commands as Twist on /base_controller/cmd_vel
[wbmm_mrt_node-4] [INFO] [1791533981.985572470] [wbmm_mrt_node]: Publishing arm position commands on /arm_controller/commands
[wbmm_mrt_node-4] [INFO] [1791533981.993844975] [wbmm_mrt_node]: Subscribing task phase state on mobile_manipulator_task_phase_state
[wbmm_mrt_node-4] [INFO] [1791533981.993881499] [wbmm_mrt_node]: Forward controller joint command order: [joint_1, joint_2, joint_3, joint_4, joint_5, joint_6]
[wbmm_mrt_node-4] [INFO] [1791533982.006939032] [MRT_ROS_Interface]: MRT node is setting up ...
[wbmm_mrt_node-4] [INFO] [1791533982.011620747] [MRT_ROS_Interface]: Publishing MRT messages on a separate thread.
[wbmm_mrt_node-4] [INFO] [1791533982.011641571] [MRT_ROS_Interface]: MRT node is ready.
[wbmm_mrt_node-4]  #### 'activate'...............................................................1
[wbmm_mrt_node-4]  #### 'selfCollision.collisionObjectPairs': { }
[wbmm_mrt_node-4]  #### 'selfCollision.collisionLinkPairs': {[base_link, Link_2], [base_link, Link_3], [base_link, Link_4], [base_link, Link_5], [base_link, Link_6], [base_link, tool0_and_camera_link], [base_link, d435i_link], [Link_0, Link_2], [Link_0, Link_3], [Link_1, Link_3], [Link_1, Link_4], [Link_2, Link_4], [Link_2, Link_5], [Link_3, Link_5], [Link_3, Link_6], [Link_4, Link_6], [Link_0, tool0_and_camera_link], [Link_1, tool0_and_camera_link], [Link_2, tool0_and_camera_link], [Link_3, tool0_and_camera_link], [Link_4, tool0_and_camera_link], [Link_5, tool0_and_camera_link], [Link_0, d435i_link], [Link_1, d435i_link], [Link_2, d435i_link], [Link_3, d435i_link], [Link_4, d435i_link], [Link_5, d435i_link], }
[wbmm_mrt_node-4] [WARN] [1791533982.022601730] [rcl.logging_rosout]: Publisher already registered for provided node name. If this is due to multiple nodes with the same name then all logs for that logger name will go out over the existing publisher. As soon as any node with that name is destructed it will unregister the publisher, preventing any further logs for that name from being published on the rosout topic.
[wbmm_mrt_node-4] [INFO] [1791533982.032761019] [wbmm_mrt_node]: [WbmmVisualization] 自碰撞距离可视化已启用 (activationDistance=0.100)。
[wbmm_mrt_node-4] [INFO] [1791533982.033087943] [wbmm_mrt_node]: [WbmmVisualization] environmentCollision.activate=false, 无障碍物可视化。
[wbmm_mrt_node-4] [INFO] [1791533982.033124839] [wbmm_mrt_node]: [WbmmVisualization] up. frame=odom, stateDim=9, eeFrame=tool0
[wbmm_mrt_node-4] [INFO] [1791533982.033132921] [wbmm_mrt_node]: Visualization enabled: every 6 cycles (approximately 20.8 Hz)
[wbmm_mrt_node-4] [INFO] [1791533982.033239565] [wbmm_mrt_node]: Waiting for odom and complete joint_states...
[wbmm_mrt_node-4] [INFO] [1791533982.033445453] [wbmm_mrt_node]: Received initial task phase: 2 (active=0)
[mujoco_bridge-1] [INFO] [1791533982.352746436] [mujoco_bridge]: Arm physical position servos: kp=[1000.0, 2500.0, 2000.0, 300.0, 300.0, 50.0] kv=[200.0, 250.0, 250.0, 15.0, 15.0, 1.0] integrator=3
[mujoco_bridge-1] [INFO] [1791533982.353552190] [mujoco_bridge]: Arm position servos: gravity/Coriolis feedforward enabled
[mujoco_bridge-1] [INFO] [1791533982.385353292] [mujoco_bridge]: Loaded /home/a/WBMM/install/tracer_jaka_mujoco/share/tracer_jaka_mujoco/models/scene_force_follow_infinite.xml  dt=0.0020  exact_base=True
[wbmm_mrt_node-4] [INFO] [1791533982.443437540] [wbmm_mrt_node]: Initial EE target: pos=(-0.138, -0.476, 0.510), quat=(1.000, 0.009, -0.000, -0.000)
[wbmm_mrt_node-4] [INFO] [1791533982.443578017] [MRT_ROS_Interface]: MPC node has been reset.
[wbmm_mrt_node-4] [INFO] [1791533982.443586572] [wbmm_mrt_node]: Waiting for first MPC policy...
[wbmm_mpc_node-3] 
[wbmm_mpc_node-3] #####################################################
[wbmm_mpc_node-3] #####################################################
[wbmm_mpc_node-3] #################  MPC is reset.  ###################
[wbmm_mpc_node-3] #####################################################
[wbmm_mpc_node-3] #####################################################
[whole_body_force_control_node-6] [INFO] [1791533982.444086385] [whole_body_force_control]: Captured nominal TCP axes in odom
[wbmm_mrt_node-4] [INFO] [1791533982.594086165] [wbmm_mrt_node]: Got first MPC policy. Entering MRT loop at 125.0 Hz
[wbmm_mrt_node-4] [INFO] [1791533982.610399567] [wbmm_mrt_node]: MPC policy window: 0.258 s (planEnd - mpcInitObservation.time).
[wbmm_mrt_node-4] [INFO] [1791533984.594417245] [wbmm_mrt_node]: [timing] ctrl_loop=125.5 Hz (target 125.0) | work avg=0.37 ms max=1.54 ms | MPC_policy_seen=78.0 Hz | plan_age avg=22.9 ms max=40.0 ms | sim/wall=1.000
[wbmm_mrt_node-4] [INFO] [1791533986.602324794] [wbmm_mrt_node]: [timing] ctrl_loop=125.0 Hz (target 125.0) | work avg=0.32 ms max=1.77 ms | MPC_policy_seen=69.2 Hz | plan_age avg=26.3 ms max=40.0 ms | sim/wall=1.000
[wbmm_mrt_node-4] [INFO] [1791533988.602356694] [wbmm_mrt_node]: [timing] ctrl_loop=125.0 Hz (target 125.0) | work avg=0.33 ms max=1.53 ms | MPC_policy_seen=76.0 Hz | plan_age avg=24.0 ms max=40.0 ms | sim/wall=0.996
[wbmm_mrt_node-4] [INFO] [1791533990.603400902] [wbmm_mrt_node]: [timing] ctrl_loop=124.9 Hz (target 125.0) | work avg=0.34 ms max=1.43 ms | MPC_policy_seen=77.0 Hz | plan_age avg=23.9 ms max=40.0 ms | sim/wall=0.999
[wbmm_mrt_node-4] [INFO] [1791533992.610324332] [wbmm_mrt_node]: [timing] ctrl_loop=125.1 Hz (target 125.0) | work avg=0.33 ms max=1.40 ms | MPC_policy_seen=69.3 Hz | plan_age avg=26.5 ms max=56.0 ms | sim/wall=1.001
[wbmm_mrt_node-4] [INFO] [1791533994.610366506] [wbmm_mrt_node]: [timing] ctrl_loop=125.0 Hz (target 125.0) | work avg=0.34 ms max=1.35 ms | MPC_policy_seen=71.5 Hz | plan_age avg=25.9 ms max=48.0 ms | sim/wall=1.000
[wbmm_mrt_node-4] [INFO] [1791533996.610368446] [wbmm_mrt_node]: [timing] ctrl_loop=125.0 Hz (target 125.0) | work avg=0.30 ms max=2.33 ms | MPC_policy_seen=90.0 Hz | plan_age avg=20.9 ms max=36.0 ms | sim/wall=1.000
[wbmm_mrt_node-4] [INFO] [1791533998.619572965] [wbmm_mrt_node]: [timing] ctrl_loop=124.9 Hz (target 125.0) | work avg=0.32 ms max=1.57 ms | MPC_policy_seen=89.6 Hz | plan_age avg=20.8 ms max=36.0 ms | sim/wall=0.999
[wbmm_mrt_node-4] [INFO] [1791534000.626410674] [wbmm_mrt_node]: [timing] ctrl_loop=125.1 Hz (target 125.0) | work avg=0.31 ms max=1.36 ms | MPC_policy_seen=71.8 Hz | plan_age avg=25.8 ms max=44.0 ms | sim/wall=0.999
[wbmm_mrt_node-4] [INFO] [1791534002.634352132] [wbmm_mrt_node]: [timing] ctrl_loop=125.0 Hz (target 125.0) | work avg=0.29 ms max=1.30 ms | MPC_policy_seen=65.7 Hz | plan_age avg=27.8 ms max=48.0 ms | sim/wall=1.000
[WARNING] [launch]: user interrupted with ctrl-c (SIGINT)
[wbmm_mrt_node-4] [INFO] [1791534003.802544147] [rclcpp]: signal_handler(SIGINT/SIGTERM)
[virtual_wrench_node-7] [INFO] [1791534003.802540364] [rclcpp]: signal_handler(SIGINT/SIGTERM)
[whole_body_force_control_node-6] [INFO] [1791534003.802540313] [rclcpp]: signal_handler(SIGINT/SIGTERM)
[force_sensor_processor_node-5] [INFO] [1791534003.802552848] [rclcpp]: signal_handler(SIGINT/SIGTERM)
[wbmm_mpc_node-3] [INFO] [1791534003.802705601] [rclcpp]: signal_handler(SIGINT/SIGTERM)
[mujoco_bridge-1] Exception in thread Thread-1 (spin):
[mujoco_bridge-1] Traceback (most recent call last):
[mujoco_bridge-1]   File "/usr/lib/python3.10/threading.py", line 1016, in _bootstrap_inner
[mujoco_bridge-1]     self.run()
[mujoco_bridge-1]   File "/usr/lib/python3.10/threading.py", line 953, in run
[mujoco_bridge-1]     self._target(*self._args, **self._kwargs)
[mujoco_bridge-1]   File "/opt/ros/humble/local/lib/python3.10/dist-packages/rclpy/executors.py", line 323, in spin
[INFO] [virtual_wrench_node-7]: sending signal 'SIGINT' to process[virtual_wrench_node-7]
[INFO] [whole_body_force_control_node-6]: sending signal 'SIGINT' to process[whole_body_force_control_node-6]
[INFO] [force_sensor_processor_node-5]: sending signal 'SIGINT' to process[force_sensor_processor_node-5]
[INFO] [wbmm_mrt_node-4]: sending signal 'SIGINT' to process[wbmm_mrt_node-4]
[INFO] [wbmm_mpc_node-3]: sending signal 'SIGINT' to process[wbmm_mpc_node-3]
[INFO] [robot_state_publisher-2]: sending signal 'SIGINT' to process[robot_state_publisher-2]
[INFO] [mujoco_bridge-1]: sending signal 'SIGINT' to process[mujoco_bridge-1]
[robot_state_publisher-2] [INFO] [1791534003.803056185] [rclcpp]: signal_handler(SIGINT/SIGTERM)
[whole_body_force_control_node-6] [INFO] [1791534003.808461252] [rclcpp]: signal_handler(SIGINT/SIGTERM)
[force_sensor_processor_node-5] [INFO] [1791534003.809312256] [rclcpp]: signal_handler(SIGINT/SIGTERM)
[virtual_wrench_node-7] [INFO] [1791534003.809571292] [rclcpp]: signal_handler(SIGINT/SIGTERM)
[wbmm_mrt_node-4] [INFO] [1791534003.810063665] [rclcpp]: signal_handler(SIGINT/SIGTERM)
[wbmm_mpc_node-3] [INFO] [1791534003.810773578] [rclcpp]: signal_handler(SIGINT/SIGTERM)
[robot_state_publisher-2] [INFO] [1791534003.811495356] [rclcpp]: signal_handler(SIGINT/SIGTERM)
[wbmm_mrt_node-4] [INFO] [1791534003.813782887] [MRT_ROS_Interface]: Shutting down workers ...
[wbmm_mrt_node-4] [INFO] [1791534003.813826439] [MRT_ROS_Interface]: All workers are shut down.
[wbmm_mpc_node-3] [INFO] [1791534003.824272081] [MPC_ROS_Interface]: Shutting down workers ...
[wbmm_mpc_node-3] [INFO] [1791534003.824322413] [MPC_ROS_Interface]: All workers are shut down.
[ERROR] [mujoco_bridge-1]: process has died [pid 31621, exit code -2, cmd '/home/a/WBMM/install/tracer_jaka_mujoco/lib/tracer_jaka_mujoco/mujoco_bridge --ros-args -r __node:=mujoco_bridge --params-file /home/a/WBMM/install/tracer_jaka_mujoco/share/tracer_jaka_mujoco/config/sensors.yaml --params-file /home/a/WBMM/install/tracer_jaka_mujoco/share/tracer_jaka_mujoco/config/arm_servo.yaml --params-file /home/a/WBMM/src/sim/tracer_jaka_mujoco/config/base_response_diag03.yaml --params-file /tmp/launch_params_o70a8ldu'].
[INFO] [virtual_wrench_node-7]: process has finished cleanly [pid 31633]
[INFO] [force_sensor_processor_node-5]: process has finished cleanly [pid 31629]
[INFO] [robot_state_publisher-2]: process has finished cleanly [pid 31623]
[INFO] [whole_body_force_control_node-6]: process has finished cleanly [pid 31631]
[INFO] [wbmm_mrt_node-4]: process has finished cleanly [pid 31627]
[INFO] [wbmm_mpc_node-3]: process has finished cleanly [pid 31625]
