[INFO] [launch]: All log files can be found below /tmp/wbmm_task_velocity_integration_ros/2026-10-09-12-48-43-278449-a-86293
[INFO] [launch]: Default logging verbosity is set to INFO
[INFO] [mujoco_bridge-1]: process started with pid [86319]
[INFO] [robot_state_publisher-2]: process started with pid [86321]
[INFO] [wbmm_mpc_node-3]: process started with pid [86323]
[INFO] [wbmm_mrt_node-4]: process started with pid [86325]
[INFO] [force_sensor_processor_node-5]: process started with pid [86327]
[INFO] [whole_body_force_control_node-6]: process started with pid [86329]
[INFO] [virtual_wrench_node-7]: process started with pid [86331]
[wbmm_mpc_node-3] [INFO] [1791521323.379540885] [wbmm_mpc_node]: Task file : /home/a/WBMM/install/tracer_jaka_bringup/share/tracer_jaka_bringup/config/sim/task_force_mpc.info
[wbmm_mpc_node-3] [INFO] [1791521323.379631513] [wbmm_mpc_node]: Lib folder: /tmp/wbmm_force_mpc/auto_generated/mpc
[wbmm_mpc_node-3] [INFO] [1791521323.379641896] [wbmm_mpc_node]: URDF file : /home/a/WBMM/install/tracer_jaka_description/share/tracer_jaka_description/urdf/tracer_jaka_zu5.urdf
[wbmm_mpc_node-3] [INFO] [1791521323.379649501] [wbmm_mpc_node]: World frame: odom
[wbmm_mpc_node-3] [INFO] [1791521323.379656455] [wbmm_mpc_node]: ESDF file override: <task file>
[wbmm_mpc_node-3] [WbmmInterface] Loading task file: "/home/a/WBMM/install/tracer_jaka_bringup/share/tracer_jaka_bringup/config/sim/task_force_mpc.info"
[wbmm_mpc_node-3] [WbmmInterface] Loading Pinocchio model from: "/home/a/WBMM/install/tracer_jaka_description/share/tracer_jaka_description/urdf/tracer_jaka_zu5.urdf"
[wbmm_mpc_node-3] [WbmmInterface] Generated library path: "/tmp/wbmm_force_mpc/auto_generated/mpc"
[force_sensor_processor_node-5] [INFO] [1791521323.380303079] [force_sensor_processor]: Ready: raw=/whole_body_force_control/fake_wrench processed=/whole_body_force_control/processed_wrench frame=jk_se_vi_200_link->tool0
[wbmm_mpc_node-3] 
[wbmm_mpc_node-3]  #### Model Information:
[wbmm_mpc_node-3]  #### =============================================================================
[wbmm_mpc_node-3] 
[wbmm_mpc_node-3]  #### model: wheelBasedMobileManipulator (fixed by wbmm_ocs2)
[wbmm_mpc_node-3]  #### model_information.removeJoints: "left_wheel" "right_wheel" 
[wbmm_mpc_node-3]  #### Note: All mimic joints will be automatically detected and removed
[wbmm_mpc_node-3]  #### model_information.baseFrame: "base_footprint"
[wbmm_mpc_node-3]  #### model_information.eeFrame: "tool0"
[wbmm_mpc_node-3]  #### =============================================================================
[wbmm_mpc_node-3] model.nv = 9
[wbmm_mpc_node-3] model.nq = 9
[wbmm_mpc_node-3] model.njoints = 8
[wbmm_mpc_node-3] model.nbodies = 7
[wbmm_mpc_node-3] model.nframes = 69
[wbmm_mpc_node-3] 
[wbmm_mpc_node-3] Joints:
[wbmm_mpc_node-3]             universe:   ID = 0
[wbmm_mpc_node-3]           root_joint:   ID = 1
[wbmm_mpc_node-3]              joint_1:   ID = 2
[wbmm_mpc_node-3]              joint_2:   ID = 3
[wbmm_mpc_node-3]              joint_3:   ID = 4
[wbmm_mpc_node-3]              joint_4:   ID = 5
[wbmm_mpc_node-3]              joint_5:   ID = 6
[wbmm_mpc_node-3]              joint_6:   ID = 7
[wbmm_mpc_node-3] 
[wbmm_mpc_node-3] Frames:
[wbmm_mpc_node-3]             universe:   ID = 0, parent = 0, type = "FIXED_JOINT "
[wbmm_mpc_node-3]           root_joint:   ID = 1, parent = 1, type = "JOINT "
[wbmm_mpc_node-3]       base_footprint:   ID = 2, parent = 1, type = "BODY "
[wbmm_mpc_node-3] base_footprint_to_base_link:   ID = 3, parent = 1, type = "FIXED_JOINT "
[wbmm_mpc_node-3]            base_link:   ID = 4, parent = 1, type = "BODY "
[wbmm_mpc_node-3]         base_to_d455:   ID = 5, parent = 1, type = "FIXED_JOINT "
[wbmm_mpc_node-3]            d455_link:   ID = 6, parent = 1, type = "BODY "
[wbmm_mpc_node-3]          base_to_imu:   ID = 7, parent = 1, type = "FIXED_JOINT "
[wbmm_mpc_node-3]             imu_link:   ID = 8, parent = 1, type = "BODY "
[wbmm_mpc_node-3]         base_to_jaka:   ID = 9, parent = 1, type = "FIXED_JOINT "
[wbmm_mpc_node-3]       jaka_base_link:   ID = 10, parent = 1, type = "BODY "
[wbmm_mpc_node-3]                fixed:   ID = 11, parent = 1, type = "FIXED_JOINT "
[wbmm_mpc_node-3]               Link_0:   ID = 12, parent = 1, type = "BODY "
[wbmm_mpc_node-3]              joint_1:   ID = 13, parent = 2, type = "JOINT "
[wbmm_mpc_node-3]               Link_1:   ID = 14, parent = 2, type = "BODY "
[wbmm_mpc_node-3]              joint_2:   ID = 15, parent = 3, type = "JOINT "
[wbmm_mpc_node-3]               Link_2:   ID = 16, parent = 3, type = "BODY "
[wbmm_mpc_node-3]              joint_3:   ID = 17, parent = 4, type = "JOINT "
[wbmm_mpc_node-3]               Link_3:   ID = 18, parent = 4, type = "BODY "
[wbmm_mpc_node-3]              joint_4:   ID = 19, parent = 5, type = "JOINT "
[wbmm_mpc_node-3]               Link_4:   ID = 20, parent = 5, type = "BODY "
[wbmm_mpc_node-3]              joint_5:   ID = 21, parent = 6, type = "JOINT "
[wbmm_mpc_node-3]               Link_5:   ID = 22, parent = 6, type = "BODY "
[wbmm_mpc_node-3]              joint_6:   ID = 23, parent = 7, type = "JOINT "
[wbmm_mpc_node-3]               Link_6:   ID = 24, parent = 7, type = "BODY "
[wbmm_mpc_node-3]              fixed_2:   ID = 25, parent = 7, type = "FIXED_JOINT "
[wbmm_mpc_node-3]            Link_6_45:   ID = 26, parent = 7, type = "BODY "
[wbmm_mpc_node-3]   jk_se_vi_200_joint:   ID = 27, parent = 7, type = "FIXED_JOINT "
[wbmm_mpc_node-3]    jk_se_vi_200_link:   ID = 28, parent = 7, type = "BODY "
[wbmm_mpc_node-3] tool0_and_camera_link_joint:   ID = 29, parent = 7, type = "FIXED_JOINT "
[wbmm_mpc_node-3] tool0_and_camera_link:   ID = 30, parent = 7, type = "BODY "
[wbmm_mpc_node-3]          d435i_joint:   ID = 31, parent = 7, type = "FIXED_JOINT "
[wbmm_mpc_node-3]           d435i_link:   ID = 32, parent = 7, type = "BODY "
[wbmm_mpc_node-3]          tool0_joint:   ID = 33, parent = 7, type = "FIXED_JOINT "
[wbmm_mpc_node-3]                tool0:   ID = 34, parent = 7, type = "BODY "
[wbmm_mpc_node-3]        base_to_laser:   ID = 35, parent = 1, type = "FIXED_JOINT "
[wbmm_mpc_node-3]           laser_link:   ID = 36, parent = 1, type = "BODY "
[wbmm_mpc_node-3]      fl_castor_wheel:   ID = 37, parent = 1, type = "FIXED_JOINT "
[wbmm_mpc_node-3]       fl_castor_link:   ID = 38, parent = 1, type = "BODY "
[wbmm_mpc_node-3]             fl_wheel:   ID = 39, parent = 1, type = "FIXED_JOINT "
[wbmm_mpc_node-3]        fl_wheel_link:   ID = 40, parent = 1, type = "BODY "
[wbmm_mpc_node-3]      fr_castor_wheel:   ID = 41, parent = 1, type = "FIXED_JOINT "
[wbmm_mpc_node-3]       fr_castor_link:   ID = 42, parent = 1, type = "BODY "
[wbmm_mpc_node-3]             fr_wheel:   ID = 43, parent = 1, type = "FIXED_JOINT "
[wbmm_mpc_node-3]        fr_wheel_link:   ID = 44, parent = 1, type = "BODY "
[wbmm_mpc_node-3]       inertial_joint:   ID = 45, parent = 1, type = "FIXED_JOINT "
[wbmm_mpc_node-3]        inertial_link:   ID = 46, parent = 1, type = "BODY "
[wbmm_mpc_node-3] joint_aluminium_2_base_link:   ID = 47, parent = 1, type = "FIXED_JOINT "
[wbmm_mpc_node-3] aluminium_2_base_link:   ID = 48, parent = 1, type = "BODY "
[wbmm_mpc_node-3] joint_aluminium_3_base_link:   ID = 49, parent = 1, type = "FIXED_JOINT "
[wbmm_mpc_node-3] aluminium_3_base_link:   ID = 50, parent = 1, type = "BODY "
[wbmm_mpc_node-3] joint_aluminium_4_base_link:   ID = 51, parent = 1, type = "FIXED_JOINT "
[wbmm_mpc_node-3] aluminium_4_base_link:   ID = 52, parent = 1, type = "BODY "
[wbmm_mpc_node-3] joint_aluminium_base_link:   ID = 53, parent = 1, type = "FIXED_JOINT "
[wbmm_mpc_node-3]  aluminium_base_link:   ID = 54, parent = 1, type = "BODY "
[wbmm_mpc_node-3]           left_wheel:   ID = 55, parent = 1, type = "FIXED_JOINT "
[wbmm_mpc_node-3]      left_wheel_link:   ID = 56, parent = 1, type = "BODY "
[wbmm_mpc_node-3]          right_wheel:   ID = 57, parent = 1, type = "FIXED_JOINT "
[wbmm_mpc_node-3]     right_wheel_link:   ID = 58, parent = 1, type = "BODY "
[wbmm_mpc_node-3]      rl_castor_wheel:   ID = 59, parent = 1, type = "FIXED_JOINT "
[wbmm_mpc_node-3]       rl_castor_link:   ID = 60, parent = 1, type = "BODY "
[wbmm_mpc_node-3]             rl_wheel:   ID = 61, parent = 1, type = "FIXED_JOINT "
[wbmm_mpc_node-3]        rl_wheel_link:   ID = 62, parent = 1, type = "BODY "
[wbmm_mpc_node-3]      rr_castor_wheel:   ID = 63, parent = 1, type = "FIXED_JOINT "
[wbmm_mpc_node-3]       rr_castor_link:   ID = 64, parent = 1, type = "BODY "
[wbmm_mpc_node-3]             rr_wheel:   ID = 65, parent = 1, type = "FIXED_JOINT "
[wbmm_mrt_node-4] [WbmmInterface] Loading task file: "/home/a/WBMM/install/tracer_jaka_bringup/share/tracer_jaka_bringup/config/sim/task_force_mpc.info"
[wbmm_mpc_node-3]        rr_wheel_link:   ID = 66, parent = 1, type = "BODY "
[wbmm_mpc_node-3]          tracer_base:   ID = 67, parent = 1, type = "FIXED_JOINT "
[wbmm_mpc_node-3]     urbase_base_link:   ID = 68, parent = 1, type = "BODY "
[wbmm_mpc_node-3] 
[wbmm_mpc_node-3]  #### Model Settings:
[wbmm_mpc_node-3]  #### =============================================================================
[wbmm_mpc_node-3]  #### 'usePreComputation'......................................................1
[wbmm_mpc_node-3]  #### 'recompileLibraries'.....................................................1
[wbmm_mpc_node-3]  #### =============================================================================
[wbmm_mpc_node-3] Initial State:          0        0        0        0   1.5707        0   1.5707  3.14159 0.785398
[wbmm_mrt_node-4] [WbmmInterface] Loading Pinocchio model from: "/home/a/WBMM/install/tracer_jaka_description/share/tracer_jaka_description/urdf/tracer_jaka_zu5.urdf"
[wbmm_mrt_node-4] [WbmmInterface] Generated library path: "/tmp/wbmm_force_mpc/auto_generated/mrt"
[wbmm_mrt_node-4] 
[wbmm_mrt_node-4]  #### Model Information:
[wbmm_mrt_node-4]  #### =============================================================================
[wbmm_mrt_node-4] 
[wbmm_mrt_node-4]  #### model: wheelBasedMobileManipulator (fixed by wbmm_ocs2)
[wbmm_mrt_node-4]  #### model_information.removeJoints: "left_wheel" "right_wheel" 
[wbmm_mrt_node-4]  #### Note: All mimic joints will be automatically detected and removed
[wbmm_mrt_node-4]  #### model_information.baseFrame: "base_footprint"
[wbmm_mrt_node-4]  #### model_information.eeFrame: "tool0"
[wbmm_mrt_node-4]  #### =============================================================================
[wbmm_mpc_node-3] 
[wbmm_mpc_node-3]  #### DDP Settings: 
[wbmm_mpc_node-3]  #### =============================================================================
[wbmm_mpc_node-3]  #### 'algorithm'............................................................SLQ
[wbmm_mpc_node-3]  #### 'nThreads'...............................................................3
[wbmm_mpc_node-3]  #### 'threadPriority'........................................................50
[wbmm_mpc_node-3]  #### 'maxNumIterations'.......................................................1
[wbmm_mpc_node-3]  #### 'minRelCost'...........................................................0.1
[wbmm_mpc_node-3]  #### 'constraintTolerance'................................................0.001
[wbmm_mpc_node-3]  #### 'displayInfo'............................................................0
[wbmm_mpc_node-3]  #### 'displayShortSummary'....................................................0
[wbmm_mpc_node-3]  #### 'checkNumericalStability'................................................0
[wbmm_mpc_node-3]  #### 'debugPrintRollout'......................................................0
[wbmm_mpc_node-3]  #### 'AbsTolODE'..........................................................1e-05
[wbmm_mpc_node-3]  #### 'RelTolODE'..........................................................0.001
[wbmm_mpc_node-3]  #### 'maxNumStepsPerSecond'..............................................100000
[wbmm_mpc_node-3]  #### 'timeStep'...........................................................0.001
[wbmm_mpc_node-3]  #### 'backwardPassIntegratorType'.........................................ODE45
[wbmm_mpc_node-3]  #### 'constraintPenaltyInitialValue'.........................................20
[wbmm_mpc_node-3]  #### 'constraintPenaltyIncreaseRate'..........................................2
[wbmm_mpc_node-3]  #### 'preComputeRiccatiTerms'.................................................1
[wbmm_mpc_node-3]  #### 'useFeedbackPolicy'......................................................1
[wbmm_mpc_node-3]  #### 'riskSensitiveCoeff'.....................................................0 (default)
[wbmm_mpc_node-3]  #### 'strategy'.....................................................LINE_SEARCH
[wbmm_mpc_node-3]  #### LINE_SEARCH Settings: {
[wbmm_mpc_node-3]  #### 'minStepLength'.......................................................0.01
[wbmm_mpc_node-3]  #### 'maxStepLength'..........................................................1
[wbmm_mpc_node-3]  #### 'contractionRate'......................................................0.5 (default)
[wbmm_mpc_node-3]  #### 'armijoCoefficient'.................................................0.0001 (default)
[wbmm_mpc_node-3]  #### 'hessianCorrectionStrategy'.................................DIAGONAL_SHIFT
[wbmm_mpc_node-3]  #### 'hessianCorrectionMultiple'..........................................0.001
[wbmm_mpc_node-3]  #### }
[wbmm_mpc_node-3]  #### =============================================================================
[wbmm_mpc_node-3] 
[wbmm_mpc_node-3]  #### MPC Settings:
[wbmm_mpc_node-3]  #### =============================================================================
[wbmm_mpc_node-3]  #### 'timeHorizon'............................................................2
[wbmm_mpc_node-3]  #### 'solutionTimeWindow'...................................................0.2
[wbmm_mpc_node-3]  #### 'coldStart'..............................................................0
[wbmm_mpc_node-3]  #### 'debugPrint'.............................................................0
[wbmm_mpc_node-3]  #### 'mpcDesiredFrequency'..................................................100
[wbmm_mpc_node-3]  #### 'mrtDesiredFrequency'..................................................100 (default)
[wbmm_mpc_node-3]  #### =============================================================================
[wbmm_mpc_node-3] 
[wbmm_mpc_node-3]  #### Multiple-Shooting SQP Settings:
[wbmm_mpc_node-3]  #### =============================================================================
[wbmm_mpc_node-3]  #### 'sqpIteration'..........................................................10 (default)
[wbmm_mpc_node-3]  #### 'deltaTol'...........................................................1e-06 (default)
[wbmm_mpc_node-3]  #### 'alpha_decay'..........................................................0.5 (default)
[wbmm_mpc_node-3]  #### 'alpha_min'.........................................................0.0001 (default)
[wbmm_mpc_node-3]  #### 'gamma_c'............................................................1e-06 (default)
[wbmm_mpc_node-3]  #### 'g_max'..............................................................1e+06 (default)
[wbmm_mpc_node-3]  #### 'g_min'..............................................................1e-06 (default)
[wbmm_mpc_node-3]  #### 'armijoFactor'......................................................0.0001 (default)
[wbmm_mpc_node-3]  #### 'costTol'...........................................................0.0001 (default)
[wbmm_mpc_node-3]  #### 'dt'..................................................................0.01 (default)
[wbmm_mpc_node-3]  #### 'useFeedbackPolicy'......................................................1 (default)
[wbmm_mpc_node-3]  #### 'createValueFunction'....................................................0 (default)
[wbmm_mpc_node-3]  #### 'integratorType'.......................................................RK2 (default)
[wbmm_mpc_node-3]  #### 'inequalityConstraintMu'.................................................0 (default)
[wbmm_mpc_node-3]  #### 'inequalityConstraintDelta'..........................................1e-06 (default)
[wbmm_mpc_node-3]  #### 'projectStateInputEqualityConstraints'...................................1 (default)
[wbmm_mpc_node-3]  #### 'extractProjectionMultiplier'............................................0 (default)
[wbmm_mpc_node-3]  #### 'printSolverStatus'......................................................0 (default)
[wbmm_mpc_node-3]  #### 'printSolverStatistics'..................................................0 (default)
[wbmm_mpc_node-3]  #### 'printLinesearch'........................................................0 (default)
[wbmm_mpc_node-3]  #### 'enableLogging'..........................................................1 (default)
[wbmm_mpc_node-3]  #### 'logSize'.............................................................1000 (default)
[wbmm_mpc_node-3]  #### 'logFilePath'.........................................../tmp/ocs2/sqp_log/ (default)
[wbmm_mpc_node-3]  #### 'nThreads'...............................................................4 (default)
[wbmm_mpc_node-3]  #### 'threadPriority'........................................................50 (default)
[wbmm_mpc_node-3] 
[wbmm_mpc_node-3]  #### HPIPM Settings:
[wbmm_mpc_node-3]  #### =============================================================================
[wbmm_mpc_node-3]  #### 'mode'...................................................................1 (default)
[wbmm_mpc_node-3]  #### 'iter_max'..............................................................30 (default)
[wbmm_mpc_node-3]  #### 'alpha_min'..........................................................1e-12 (default)
[wbmm_mpc_node-3]  #### 'mu0'...................................................................10 (default)
[wbmm_mpc_node-3]  #### 'tol_stat'...........................................................1e-06 (default)
[wbmm_mpc_node-3]  #### 'tol_eq'.............................................................1e-08 (default)
[wbmm_mpc_node-3]  #### 'tol_ineq'...........................................................1e-08 (default)
[wbmm_mpc_node-3]  #### 'tol_comp'...........................................................1e-08 (default)
[wbmm_mpc_node-3]  #### 'reg_prim'...........................................................1e-12 (default)
[wbmm_mpc_node-3]  #### 'warm_start'.............................................................0 (default)
[wbmm_mpc_node-3]  #### 'pred_corr'..............................................................1 (default)
[wbmm_mpc_node-3]  #### 'ric_alg'................................................................0 (default)
[wbmm_mpc_node-3]  #### =============================================================================
[wbmm_mpc_node-3]  #### =============================================================================
[wbmm_mpc_node-3] WARNING: Loaded at least one default value in matrix: "inputCost.R.base.wheelBasedMobileManipulator"
[wbmm_mrt_node-4] model.nv = 9
[wbmm_mrt_node-4] model.nq = 9
[wbmm_mrt_node-4] model.njoints = 8
[wbmm_mrt_node-4] model.nbodies = 7
[wbmm_mrt_node-4] model.nframes = 69
[wbmm_mrt_node-4] 
[wbmm_mrt_node-4] Joints:
[wbmm_mrt_node-4]             universe:   ID = 0
[wbmm_mrt_node-4]           root_joint:   ID = 1
[wbmm_mrt_node-4]              joint_1:   ID = 2
[wbmm_mrt_node-4]              joint_2:   ID = 3
[wbmm_mrt_node-4]              joint_3:   ID = 4
[wbmm_mrt_node-4]              joint_4:   ID = 5
[wbmm_mrt_node-4]              joint_5:   ID = 6
[wbmm_mrt_node-4]              joint_6:   ID = 7
[wbmm_mrt_node-4] 
[wbmm_mrt_node-4] Frames:
[wbmm_mrt_node-4]             universe:   ID = 0, parent = 0, type = "FIXED_JOINT "
[wbmm_mrt_node-4]           root_joint:   ID = 1, parent = 1, type = "JOINT "
[wbmm_mrt_node-4]       base_footprint:   ID = 2, parent = 1, type = "BODY "
[wbmm_mrt_node-4] base_footprint_to_base_link:   ID = 3, parent = 1, type = "FIXED_JOINT "
[wbmm_mrt_node-4]            base_link:   ID = 4, parent = 1, type = "BODY "
[wbmm_mrt_node-4]         base_to_d455:   ID = 5, parent = 1, type = "FIXED_JOINT "
[wbmm_mrt_node-4]            d455_link:   ID = 6, parent = 1, type = "BODY "
[wbmm_mrt_node-4]          base_to_imu:   ID = 7, parent = 1, type = "FIXED_JOINT "
[wbmm_mrt_node-4]             imu_link:   ID = 8, parent = 1, type = "BODY "
[wbmm_mrt_node-4]         base_to_jaka:   ID = 9, parent = 1, type = "FIXED_JOINT "
[wbmm_mrt_node-4]       jaka_base_link:   ID = 10, parent = 1, type = "BODY "
[wbmm_mrt_node-4]                fixed:   ID = 11, parent = 1, type = "FIXED_JOINT "
[wbmm_mrt_node-4]               Link_0:   ID = 12, parent = 1, type = "BODY "
[wbmm_mrt_node-4]              joint_1:   ID = 13, parent = 2, type = "JOINT "
[wbmm_mrt_node-4]               Link_1:   ID = 14, parent = 2, type = "BODY "
[wbmm_mrt_node-4]              joint_2:   ID = 15, parent = 3, type = "JOINT "
[wbmm_mrt_node-4]               Link_2:   ID = 16, parent = 3, type = "BODY "
[wbmm_mrt_node-4]              joint_3:   ID = 17, parent = 4, type = "JOINT "
[wbmm_mrt_node-4]               Link_3:   ID = 18, parent = 4, type = "BODY "
[wbmm_mrt_node-4]              joint_4:   ID = 19, parent = 5, type = "JOINT "
[wbmm_mrt_node-4]               Link_4:   ID = 20, parent = 5, type = "BODY "
[wbmm_mrt_node-4]              joint_5:   ID = 21, parent = 6, type = "JOINT "
[wbmm_mrt_node-4]               Link_5:   ID = 22, parent = 6, type = "BODY "
[wbmm_mrt_node-4]              joint_6:   ID = 23, parent = 7, type = "JOINT "
[wbmm_mrt_node-4]               Link_6:   ID = 24, parent = 7, type = "BODY "
[wbmm_mrt_node-4]              fixed_2:   ID = 25, parent = 7, type = "FIXED_JOINT "
[wbmm_mrt_node-4]            Link_6_45:   ID = 26, parent = 7, type = "BODY "
[wbmm_mrt_node-4]   jk_se_vi_200_joint:   ID = 27, parent = 7, type = "FIXED_JOINT "
[wbmm_mrt_node-4]    jk_se_vi_200_link:   ID = 28, parent = 7, type = "BODY "
[wbmm_mrt_node-4] tool0_and_camera_link_joint:   ID = 29, parent = 7, type = "FIXED_JOINT "
[wbmm_mrt_node-4] tool0_and_camera_link:   ID = 30, parent = 7, type = "BODY "
[wbmm_mrt_node-4]          d435i_joint:   ID = 31, parent = 7, type = "FIXED_JOINT "
[wbmm_mrt_node-4]           d435i_link:   ID = 32, parent = 7, type = "BODY "
[wbmm_mrt_node-4]          tool0_joint:   ID = 33, parent = 7, type = "FIXED_JOINT "
[wbmm_mrt_node-4]                tool0:   ID = 34, parent = 7, type = "BODY "
[wbmm_mrt_node-4]        base_to_laser:   ID = 35, parent = 1, type = "FIXED_JOINT "
[wbmm_mrt_node-4]           laser_link:   ID = 36, parent = 1, type = "BODY "
[wbmm_mrt_node-4]      fl_castor_wheel:   ID = 37, parent = 1, type = "FIXED_JOINT "
[wbmm_mrt_node-4]       fl_castor_link:   ID = 38, parent = 1, type = "BODY "
[wbmm_mrt_node-4]             fl_wheel:   ID = 39, parent = 1, type = "FIXED_JOINT "
[wbmm_mrt_node-4]        fl_wheel_link:   ID = 40, parent = 1, type = "BODY "
[wbmm_mrt_node-4]      fr_castor_wheel:   ID = 41, parent = 1, type = "FIXED_JOINT "
[wbmm_mrt_node-4]       fr_castor_link:   ID = 42, parent = 1, type = "BODY "
[wbmm_mrt_node-4]             fr_wheel:   ID = 43, parent = 1, type = "FIXED_JOINT "
[wbmm_mrt_node-4]        fr_wheel_link:   ID = 44, parent = 1, type = "BODY "
[wbmm_mrt_node-4]       inertial_joint:   ID = 45, parent = 1, type = "FIXED_JOINT "
[wbmm_mrt_node-4]        inertial_link:   ID = 46, parent = 1, type = "BODY "
[wbmm_mrt_node-4] joint_aluminium_2_base_link:   ID = 47, parent = 1, type = "FIXED_JOINT "
[wbmm_mrt_node-4] aluminium_2_base_link:   ID = 48, parent = 1, type = "BODY "
[wbmm_mrt_node-4] joint_aluminium_3_base_link:   ID = 49, parent = 1, type = "FIXED_JOINT "
[wbmm_mrt_node-4] aluminium_3_base_link:   ID = 50, parent = 1, type = "BODY "
[wbmm_mrt_node-4] joint_aluminium_4_base_link:   ID = 51, parent = 1, type = "FIXED_JOINT "
[wbmm_mrt_node-4] aluminium_4_base_link:   ID = 52, parent = 1, type = "BODY "
[wbmm_mrt_node-4] joint_aluminium_base_link:   ID = 53, parent = 1, type = "FIXED_JOINT "
[wbmm_mrt_node-4]  aluminium_base_link:   ID = 54, parent = 1, type = "BODY "
[wbmm_mrt_node-4]           left_wheel:   ID = 55, parent = 1, type = "FIXED_JOINT "
[wbmm_mrt_node-4]      left_wheel_link:   ID = 56, parent = 1, type = "BODY "
[wbmm_mrt_node-4]          right_wheel:   ID = 57, parent = 1, type = "FIXED_JOINT "
[wbmm_mrt_node-4]     right_wheel_link:   ID = 58, parent = 1, type = "BODY "
[wbmm_mrt_node-4]      rl_castor_wheel:   ID = 59, parent = 1, type = "FIXED_JOINT "
[wbmm_mrt_node-4]       rl_castor_link:   ID = 60, parent = 1, type = "BODY "
[wbmm_mrt_node-4]             rl_wheel:   ID = 61, parent = 1, type = "FIXED_JOINT "
[wbmm_mrt_node-4]        rl_wheel_link:   ID = 62, parent = 1, type = "BODY "
[wbmm_mrt_node-4]      rr_castor_wheel:   ID = 63, parent = 1, type = "FIXED_JOINT "
[wbmm_mrt_node-4]       rr_castor_link:   ID = 64, parent = 1, type = "BODY "
[wbmm_mrt_node-4]             rr_wheel:   ID = 65, parent = 1, type = "FIXED_JOINT "
[wbmm_mrt_node-4]        rr_wheel_link:   ID = 66, parent = 1, type = "BODY "
[wbmm_mrt_node-4]          tracer_base:   ID = 67, parent = 1, type = "FIXED_JOINT "
[wbmm_mrt_node-4]     urbase_base_link:   ID = 68, parent = 1, type = "BODY "
[wbmm_mrt_node-4] 
[wbmm_mrt_node-4]  #### Model Settings:
[wbmm_mrt_node-4]  #### =============================================================================
[wbmm_mrt_node-4]  #### 'usePreComputation'......................................................1
[wbmm_mrt_node-4]  #### 'recompileLibraries'.....................................................1
[wbmm_mrt_node-4]  #### =============================================================================
[wbmm_mrt_node-4] Initial State:          0        0        0        0   1.5707        0   1.5707  3.14159 0.785398
[wbmm_mpc_node-3] WARNING: Loaded at least one default value in matrix: "inputCost.R.arm"
[wbmm_mpc_node-3] 
[wbmm_mpc_node-3]  #### Input Cost Settings: 
[wbmm_mpc_node-3]  #### =============================================================================
[wbmm_mpc_node-3] inputCost.R:  
[wbmm_mpc_node-3] 0.25    0    0    0    0    0    0    0
[wbmm_mpc_node-3]    0    1    0    0    0    0    0    0
[wbmm_mpc_node-3]    0    0 0.01    0    0    0    0    0
[wbmm_mpc_node-3]    0    0    0 0.01    0    0    0    0
[wbmm_mpc_node-3]    0    0    0    0 0.01    0    0    0
[wbmm_mpc_node-3]    0    0    0    0    0 0.01    0    0
[wbmm_mpc_node-3]    0    0    0    0    0    0 0.01    0
[wbmm_mpc_node-3]    0    0    0    0    0    0    0 0.01
[wbmm_mpc_node-3]  #### =============================================================================
[wbmm_mpc_node-3]  #### 'activate'...............................................................1
[wbmm_mpc_node-3] 
[wbmm_mpc_node-3]  #### JointPositionLimits Settings: 
[wbmm_mpc_node-3]  #### =============================================================================
[wbmm_mpc_node-3]  #### lowerBound: -6.28 -1.48 -3.05 -1.48 -6.28 -6.28
[wbmm_mpc_node-3]  #### upperBound: 6.28 4.62 3.05 4.62 6.28 6.28
[wbmm_mpc_node-3]  #### 'mu'..................................................................0.01
[wbmm_mpc_node-3]  #### 'delta'..............................................................0.001
[wbmm_mpc_node-3]  #### =============================================================================
[virtual_wrench_node-7] [INFO] [1791521323.387315472] [virtual_force_publisher]: Virtual sensor publishing /whole_body_force_control/fake_wrench in jk_se_vi_200_link; keyboard command=/whole_body_force_control/virtual_wrench_command (tool0), timeout=0.150 s
[wbmm_mrt_node-4] 
[wbmm_mrt_node-4]  #### DDP Settings: 
[wbmm_mrt_node-4]  #### =============================================================================
[wbmm_mrt_node-4]  #### 'algorithm'............................................................SLQ
[wbmm_mrt_node-4]  #### 'nThreads'...............................................................3
[wbmm_mrt_node-4]  #### 'threadPriority'........................................................50
[wbmm_mrt_node-4]  #### 'maxNumIterations'.......................................................1
[wbmm_mrt_node-4]  #### 'minRelCost'...........................................................0.1
[wbmm_mrt_node-4]  #### 'constraintTolerance'................................................0.001
[wbmm_mrt_node-4]  #### 'displayInfo'............................................................0
[wbmm_mrt_node-4]  #### 'displayShortSummary'....................................................0
[wbmm_mrt_node-4]  #### 'checkNumericalStability'................................................0
[wbmm_mrt_node-4]  #### 'debugPrintRollout'......................................................0
[wbmm_mrt_node-4]  #### 'AbsTolODE'..........................................................1e-05
[wbmm_mrt_node-4]  #### 'RelTolODE'..........................................................0.001
[wbmm_mrt_node-4]  #### 'maxNumStepsPerSecond'..............................................100000
[wbmm_mrt_node-4]  #### 'timeStep'...........................................................0.001
[wbmm_mrt_node-4]  #### 'backwardPassIntegratorType'.........................................ODE45
[wbmm_mrt_node-4]  #### 'constraintPenaltyInitialValue'.........................................20
[wbmm_mrt_node-4]  #### 'constraintPenaltyIncreaseRate'..........................................2
[wbmm_mrt_node-4]  #### 'preComputeRiccatiTerms'.................................................1
[wbmm_mrt_node-4]  #### 'useFeedbackPolicy'......................................................1
[wbmm_mrt_node-4]  #### 'riskSensitiveCoeff'.....................................................0 (default)
[wbmm_mrt_node-4]  #### 'strategy'.....................................................LINE_SEARCH
[wbmm_mpc_node-3] 
[wbmm_mpc_node-3]  #### JointVelocityLimits Settings: 
[wbmm_mpc_node-3]  #### =============================================================================
[wbmm_mpc_node-3]  #### 'lowerBound':  -0.1 -0.4 -0.2 -0.2 -0.2 -0.2 -0.2 -0.2
[wbmm_mpc_node-3]  #### 'upperBound':  0.1 0.4 0.2 0.2 0.2 0.2 0.2 0.2
[wbmm_mpc_node-3]  #### 'mu'..................................................................0.01
[wbmm_mpc_node-3]  #### 'delta'..............................................................0.001
[wbmm_mpc_node-3]  #### =============================================================================
[wbmm_mpc_node-3] 
[wbmm_mpc_node-3]  #### Dual-reference phase switching is ENABLED.
[wbmm_mpc_node-3]  #### wholeBodyTracking and endEffectorTracking are both registered and weighted by task phase.
[whole_body_force_control_node-6] [INFO] [1791521323.388837978] [whole_body_force_control]: Ready: frame=odom axes=[fx,fy,fz] admittance_enable=true output=true
[wbmm_mrt_node-4]  #### LINE_SEARCH Settings: {
[wbmm_mrt_node-4]  #### 'minStepLength'.......................................................0.01
[wbmm_mrt_node-4]  #### 'maxStepLength'..........................................................1
[wbmm_mrt_node-4]  #### 'contractionRate'......................................................0.5 (default)
[wbmm_mrt_node-4]  #### 'armijoCoefficient'.................................................0.0001 (default)
[wbmm_mrt_node-4]  #### 'hessianCorrectionStrategy'.................................DIAGONAL_SHIFT
[wbmm_mrt_node-4]  #### 'hessianCorrectionMultiple'..........................................0.001
[wbmm_mrt_node-4]  #### }
[wbmm_mrt_node-4]  #### =============================================================================
[wbmm_mrt_node-4] 
[wbmm_mrt_node-4]  #### MPC Settings:
[wbmm_mrt_node-4]  #### =============================================================================
[wbmm_mrt_node-4]  #### 'timeHorizon'............................................................2
[wbmm_mrt_node-4]  #### 'solutionTimeWindow'...................................................0.2
[wbmm_mrt_node-4]  #### 'coldStart'..............................................................0
[wbmm_mrt_node-4]  #### 'debugPrint'.............................................................0
[wbmm_mrt_node-4]  #### 'mpcDesiredFrequency'..................................................100
[wbmm_mrt_node-4]  #### 'mrtDesiredFrequency'..................................................100 (default)
[wbmm_mrt_node-4]  #### =============================================================================
[wbmm_mpc_node-3] WARNING: Loaded at least one default value in matrix: "wholeBodyTracking.Q.base"
[wbmm_mrt_node-4] 
[wbmm_mrt_node-4]  #### Multiple-Shooting SQP Settings:
[wbmm_mrt_node-4]  #### =============================================================================
[wbmm_mrt_node-4]  #### 'sqpIteration'..........................................................10 (default)
[wbmm_mrt_node-4]  #### 'deltaTol'...........................................................1e-06 (default)
[wbmm_mrt_node-4]  #### 'alpha_decay'..........................................................0.5 (default)
[wbmm_mrt_node-4]  #### 'alpha_min'.........................................................0.0001 (default)
[wbmm_mrt_node-4]  #### 'gamma_c'............................................................1e-06 (default)
[wbmm_mrt_node-4]  #### 'g_max'..............................................................1e+06 (default)
[wbmm_mrt_node-4]  #### 'g_min'..............................................................1e-06 (default)
[wbmm_mrt_node-4]  #### 'armijoFactor'......................................................0.0001 (default)
[wbmm_mrt_node-4]  #### 'costTol'...........................................................0.0001 (default)
[wbmm_mrt_node-4]  #### 'dt'..................................................................0.01 (default)
[wbmm_mrt_node-4]  #### 'useFeedbackPolicy'......................................................1 (default)
[wbmm_mrt_node-4]  #### 'createValueFunction'....................................................0 (default)
[wbmm_mrt_node-4]  #### 'integratorType'.......................................................RK2 (default)
[wbmm_mrt_node-4]  #### 'inequalityConstraintMu'.................................................0 (default)
[wbmm_mrt_node-4]  #### 'inequalityConstraintDelta'..........................................1e-06 (default)
[wbmm_mrt_node-4]  #### 'projectStateInputEqualityConstraints'...................................1 (default)
[wbmm_mrt_node-4]  #### 'extractProjectionMultiplier'............................................0 (default)
[wbmm_mrt_node-4]  #### 'printSolverStatus'......................................................0 (default)
[wbmm_mrt_node-4]  #### 'printSolverStatistics'..................................................0 (default)
[wbmm_mrt_node-4]  #### 'printLinesearch'........................................................0 (default)
[wbmm_mrt_node-4]  #### 'enableLogging'..........................................................1 (default)
[wbmm_mrt_node-4]  #### 'logSize'.............................................................1000 (default)
[wbmm_mrt_node-4]  #### 'logFilePath'.........................................../tmp/ocs2/sqp_log/ (default)
[wbmm_mrt_node-4]  #### 'nThreads'...............................................................4 (default)
[wbmm_mrt_node-4]  #### 'threadPriority'........................................................50 (default)
[wbmm_mrt_node-4] 
[wbmm_mrt_node-4]  #### HPIPM Settings:
[wbmm_mrt_node-4]  #### =============================================================================
[wbmm_mrt_node-4]  #### 'mode'...................................................................1 (default)
[wbmm_mrt_node-4]  #### 'iter_max'..............................................................30 (default)
[wbmm_mrt_node-4]  #### 'alpha_min'..........................................................1e-12 (default)
[wbmm_mrt_node-4]  #### 'mu0'...................................................................10 (default)
[wbmm_mrt_node-4]  #### 'tol_stat'...........................................................1e-06 (default)
[wbmm_mrt_node-4]  #### 'tol_eq'.............................................................1e-08 (default)
[wbmm_mrt_node-4]  #### 'tol_ineq'...........................................................1e-08 (default)
[wbmm_mrt_node-4]  #### 'tol_comp'...........................................................1e-08 (default)
[wbmm_mrt_node-4]  #### 'reg_prim'...........................................................1e-12 (default)
[wbmm_mrt_node-4]  #### 'warm_start'.............................................................0 (default)
[wbmm_mrt_node-4]  #### 'pred_corr'..............................................................1 (default)
[wbmm_mrt_node-4]  #### 'ric_alg'................................................................0 (default)
[wbmm_mrt_node-4]  #### =============================================================================
[wbmm_mrt_node-4]  #### =============================================================================
[wbmm_mrt_node-4] WARNING: Loaded at least one default value in matrix: "inputCost.R.base.wheelBasedMobileManipulator"
[wbmm_mpc_node-3] WARNING: Loaded at least one default value in matrix: "wholeBodyTracking.Q.arm"
[wbmm_mpc_node-3] 
[wbmm_mpc_node-3]  #### wholeBodyTracking (intermediate) Settings: 
[wbmm_mpc_node-3]  #### =============================================================================
[wbmm_mpc_node-3]  #### stateDim : 9  (base 3 + arm 6)
[wbmm_mpc_node-3]  #### yawIndex : 2
[wbmm_mpc_node-3]  #### Q:
[wbmm_mpc_node-3] 5 0 0 0 0 0 0 0 0
[wbmm_mpc_node-3] 0 5 0 0 0 0 0 0 0
[wbmm_mpc_node-3] 0 0 2 0 0 0 0 0 0
[wbmm_mpc_node-3] 0 0 0 2 0 0 0 0 0
[wbmm_mpc_node-3] 0 0 0 0 2 0 0 0 0
[wbmm_mpc_node-3] 0 0 0 0 0 2 0 0 0
[wbmm_mpc_node-3] 0 0 0 0 0 0 2 0 0
[wbmm_mpc_node-3] 0 0 0 0 0 0 0 2 0
[wbmm_mpc_node-3] 0 0 0 0 0 0 0 0 2
[wbmm_mpc_node-3]  #### 参考轨迹来源: ROS topic <robot>_mpc_target (TargetTrajectories, 9 维 state)
[wbmm_mpc_node-3]  #### =============================================================================
[wbmm_mpc_node-3] WARNING: Loaded at least one default value in matrix: "endEffectorTracking.Q.position"
[wbmm_mrt_node-4] WARNING: Loaded at least one default value in matrix: "inputCost.R.arm"
[wbmm_mrt_node-4] 
[wbmm_mrt_node-4]  #### Input Cost Settings: 
[wbmm_mrt_node-4]  #### =============================================================================
[wbmm_mrt_node-4] inputCost.R:  
[wbmm_mrt_node-4] 0.25    0    0    0    0    0    0    0
[wbmm_mrt_node-4]    0    1    0    0    0    0    0    0
[wbmm_mrt_node-4]    0    0 0.01    0    0    0    0    0
[wbmm_mrt_node-4]    0    0    0 0.01    0    0    0    0
[wbmm_mrt_node-4]    0    0    0    0 0.01    0    0    0
[wbmm_mrt_node-4]    0    0    0    0    0 0.01    0    0
[wbmm_mrt_node-4]    0    0    0    0    0    0 0.01    0
[wbmm_mrt_node-4]    0    0    0    0    0    0    0 0.01
[wbmm_mrt_node-4]  #### =============================================================================
[wbmm_mrt_node-4]  #### 'activate'...............................................................1
[wbmm_mrt_node-4] 
[wbmm_mrt_node-4]  #### JointPositionLimits Settings: 
[wbmm_mrt_node-4]  #### =============================================================================
[wbmm_mrt_node-4]  #### lowerBound: -6.28 -1.48 -3.05 -1.48 -6.28 -6.28
[wbmm_mrt_node-4]  #### upperBound: 6.28 4.62 3.05 4.62 6.28 6.28
[wbmm_mrt_node-4]  #### 'mu'..................................................................0.01
[wbmm_mrt_node-4]  #### 'delta'..............................................................0.001
[wbmm_mrt_node-4]  #### =============================================================================
[wbmm_mpc_node-3] WARNING: Loaded at least one default value in matrix: "endEffectorTracking.Q.orientation"
[wbmm_mpc_node-3] 
[wbmm_mpc_node-3]  #### endEffectorTracking Settings: 
[wbmm_mpc_node-3]  #### =============================================================================
[wbmm_mpc_node-3]  #### Q.position:
[wbmm_mpc_node-3] 100   0   0
[wbmm_mpc_node-3]   0 100   0
[wbmm_mpc_node-3]   0   0 100
[wbmm_mpc_node-3]  #### Q.orientation:
[wbmm_mpc_node-3] 25  0  0
[wbmm_mpc_node-3]  0 25  0
[wbmm_mpc_node-3]  0  0 25
[wbmm_mpc_node-3]  #### =============================================================================
[wbmm_mpc_node-3] WARNING: Loaded at least one default value in matrix: "wholeBodyTracking.Q.base"
[wbmm_mpc_node-3] WARNING: Loaded at least one default value in matrix: "wholeBodyTracking.Q.arm"
[wbmm_mpc_node-3] 
[wbmm_mpc_node-3]  #### wholeBodyTracking (final) Settings: 
[wbmm_mpc_node-3]  #### =============================================================================
[wbmm_mpc_node-3]  #### stateDim : 9  (base 3 + arm 6)
[wbmm_mpc_node-3]  #### yawIndex : 2
[wbmm_mpc_node-3]  #### Q:
[wbmm_mpc_node-3] 5 0 0 0 0 0 0 0 0
[wbmm_mpc_node-3] 0 5 0 0 0 0 0 0 0
[wbmm_mpc_node-3] 0 0 2 0 0 0 0 0 0
[wbmm_mpc_node-3] 0 0 0 2 0 0 0 0 0
[wbmm_mpc_node-3] 0 0 0 0 2 0 0 0 0
[wbmm_mpc_node-3] 0 0 0 0 0 2 0 0 0
[wbmm_mpc_node-3] 0 0 0 0 0 0 2 0 0
[wbmm_mpc_node-3] 0 0 0 0 0 0 0 2 0
[wbmm_mpc_node-3] 0 0 0 0 0 0 0 0 2
[wbmm_mpc_node-3]  #### 参考轨迹来源: ROS topic <robot>_mpc_target (TargetTrajectories, 9 维 state)
[wbmm_mpc_node-3]  #### =============================================================================
[wbmm_mpc_node-3] WARNING: Loaded at least one default value in matrix: "endEffectorTracking.Q.position"
[wbmm_mpc_node-3] WARNING: Loaded at least one default value in matrix: "endEffectorTracking.Q.orientation"
[wbmm_mpc_node-3] 
[wbmm_mpc_node-3]  #### endEffectorTracking Settings: 
[wbmm_mpc_node-3]  #### =============================================================================
[wbmm_mpc_node-3]  #### Q.position:
[wbmm_mpc_node-3] 100   0   0
[wbmm_mpc_node-3]   0 100   0
[wbmm_mpc_node-3]   0   0 100
[wbmm_mpc_node-3]  #### Q.orientation:
[wbmm_mpc_node-3] 25  0  0
[wbmm_mpc_node-3]  0 25  0
[wbmm_mpc_node-3]  0  0 25
[wbmm_mpc_node-3]  #### =============================================================================
[wbmm_mpc_node-3] 
[wbmm_mpc_node-3]  #### Arm Manipulability Settings:
[wbmm_mpc_node-3]  #### =============================================================================
[wbmm_mpc_node-3]  #### frameName: tool0
[wbmm_mpc_node-3]  #### stateFrame: odom
[wbmm_mpc_node-3]  #### metrics.scope/task/scaling: arm / pose / characteristic_length
[wbmm_mpc_node-3]  #### term: process/evaluator, normalized: 1, weightScale: 1, sigma: 1 ref=0.12 weight=0.5, Yoshikawa: 0 ref=0.0015 weight=0.005
[wbmm_mpc_node-3]  #### =============================================================================
[wbmm_mrt_node-4] 
[wbmm_mrt_node-4]  #### JointVelocityLimits Settings: 
[wbmm_mrt_node-4]  #### =============================================================================
[wbmm_mrt_node-4]  #### 'lowerBound':  -0.1 -0.4 -0.2 -0.2 -0.2 -0.2 -0.2 -0.2
[wbmm_mrt_node-4]  #### 'upperBound':  0.1 0.4 0.2 0.2 0.2 0.2 0.2 0.2
[wbmm_mrt_node-4]  #### 'mu'..................................................................0.01
[wbmm_mrt_node-4]  #### 'delta'..............................................................0.001
[wbmm_mrt_node-4]  #### =============================================================================
[wbmm_mrt_node-4] 
[wbmm_mrt_node-4]  #### Dual-reference phase switching is ENABLED.
[wbmm_mrt_node-4]  #### wholeBodyTracking and endEffectorTracking are both registered and weighted by task phase.
[wbmm_mrt_node-4] WARNING: Loaded at least one default value in matrix: "wholeBodyTracking.Q.base"
[wbmm_mrt_node-4] WARNING: Loaded at least one default value in matrix: "wholeBodyTracking.Q.arm"
[wbmm_mrt_node-4] 
[wbmm_mrt_node-4]  #### wholeBodyTracking (intermediate) Settings: 
[wbmm_mrt_node-4]  #### =============================================================================
[wbmm_mrt_node-4]  #### stateDim : 9  (base 3 + arm 6)
[wbmm_mrt_node-4]  #### yawIndex : 2
[wbmm_mrt_node-4]  #### Q:
[wbmm_mrt_node-4] 5 0 0 0 0 0 0 0 0
[wbmm_mrt_node-4] 0 5 0 0 0 0 0 0 0
[wbmm_mrt_node-4] 0 0 2 0 0 0 0 0 0
[wbmm_mrt_node-4] 0 0 0 2 0 0 0 0 0
[wbmm_mrt_node-4] 0 0 0 0 2 0 0 0 0
[wbmm_mrt_node-4] 0 0 0 0 0 2 0 0 0
[wbmm_mrt_node-4] 0 0 0 0 0 0 2 0 0
[wbmm_mrt_node-4] 0 0 0 0 0 0 0 2 0
[wbmm_mrt_node-4] 0 0 0 0 0 0 0 0 2
[wbmm_mrt_node-4]  #### 参考轨迹来源: ROS topic <robot>_mpc_target (TargetTrajectories, 9 维 state)
[wbmm_mrt_node-4]  #### =============================================================================
[wbmm_mrt_node-4] WARNING: Loaded at least one default value in matrix: "endEffectorTracking.Q.position"
[wbmm_mpc_node-3] 
[wbmm_mpc_node-3]  #### Arm Manipulability Settings:
[wbmm_mpc_node-3]  #### =============================================================================
[wbmm_mpc_node-3]  #### frameName: tool0
[wbmm_mpc_node-3]  #### stateFrame: odom
[wbmm_mpc_node-3]  #### metrics.scope/task/scaling: arm / pose / characteristic_length
[wbmm_mpc_node-3]  #### term: terminal, normalized: 1, weightScale: 1, sigma: 1 ref=0.12 weight=0.5, Yoshikawa: 0 ref=0.0015 weight=0.005
[wbmm_mpc_node-3]  #### =============================================================================
[wbmm_mpc_node-3] 
[wbmm_mpc_node-3]  #### Arm Manipulability Settings:
[wbmm_mpc_node-3]  #### =============================================================================
[wbmm_mpc_node-3]  #### frameName: tool0
[wbmm_mpc_node-3]  #### stateFrame: odom
[wbmm_mpc_node-3]  #### metrics.scope/task/scaling: arm / pose / characteristic_length
[wbmm_mpc_node-3]  #### term: process/evaluator, normalized: 1, weightScale: 1, sigma: 1 ref=0.12 weight=0.5, Yoshikawa: 0 ref=0.0015 weight=0.005
[wbmm_mpc_node-3]  #### =============================================================================
[wbmm_mpc_node-3]  #### 'activate'...............................................................1
[wbmm_mrt_node-4] WARNING: Loaded at least one default value in matrix: "endEffectorTracking.Q.orientation"
[wbmm_mrt_node-4] 
[wbmm_mrt_node-4]  #### endEffectorTracking Settings: 
[wbmm_mrt_node-4]  #### =============================================================================
[wbmm_mrt_node-4]  #### Q.position:
[wbmm_mrt_node-4] 100   0   0
[wbmm_mrt_node-4]   0 100   0
[wbmm_mrt_node-4]   0   0 100
[wbmm_mrt_node-4]  #### Q.orientation:
[wbmm_mrt_node-4] 25  0  0
[wbmm_mrt_node-4]  0 25  0
[wbmm_mrt_node-4]  0  0 25
[wbmm_mrt_node-4]  #### =============================================================================
[wbmm_mrt_node-4] WARNING: Loaded at least one default value in matrix: "wholeBodyTracking.Q.base"
[wbmm_mpc_node-3] 
[wbmm_mpc_node-3]  #### SelfCollision Settings: 
[wbmm_mpc_node-3]  #### =============================================================================
[wbmm_mpc_node-3]  #### 'mu'..................................................................0.01
[wbmm_mpc_node-3]  #### 'delta'..............................................................0.001
[wbmm_mpc_node-3]  #### 'minimumDistance'.....................................................0.02
[wbmm_mpc_node-3]  #### 'selfCollision.collisionObjectPairs': { }
[wbmm_mpc_node-3]  #### 'selfCollision.collisionLinkPairs': {[base_link, Link_2], [base_link, Link_3], [base_link, Link_4], [base_link, Link_5], [base_link, Link_6], [base_link, tool0_and_camera_link], [base_link, d435i_link], [Link_0, Link_2], [Link_0, Link_3], [Link_1, Link_3], [Link_1, Link_4], [Link_2, Link_4], [Link_2, Link_5], [Link_3, Link_5], [Link_3, Link_6], [Link_4, Link_6], [Link_0, tool0_and_camera_link], [Link_1, tool0_and_camera_link], [Link_2, tool0_and_camera_link], [Link_3, tool0_and_camera_link], [Link_4, tool0_and_camera_link], [Link_5, tool0_and_camera_link], [Link_0, d435i_link], [Link_1, d435i_link], [Link_2, d435i_link], [Link_3, d435i_link], [Link_4, d435i_link], [Link_5, d435i_link], }
[wbmm_mpc_node-3]  #### minimumDistance: 0.02 (minimum allowed distance)
[wbmm_mpc_node-3]  #### activationDistance: 0.05 (penalty only active when distance < this value)
[wbmm_mpc_node-3]  #### =============================================================================
[wbmm_mrt_node-4] WARNING: Loaded at least one default value in matrix: "wholeBodyTracking.Q.arm"
[wbmm_mrt_node-4] 
[wbmm_mrt_node-4]  #### wholeBodyTracking (final) Settings: 
[wbmm_mrt_node-4]  #### =============================================================================
[wbmm_mrt_node-4]  #### stateDim : 9  (base 3 + arm 6)
[wbmm_mrt_node-4]  #### yawIndex : 2
[wbmm_mrt_node-4]  #### Q:
[wbmm_mrt_node-4] 5 0 0 0 0 0 0 0 0
[wbmm_mrt_node-4] 0 5 0 0 0 0 0 0 0
[wbmm_mrt_node-4] 0 0 2 0 0 0 0 0 0
[wbmm_mrt_node-4] 0 0 0 2 0 0 0 0 0
[wbmm_mrt_node-4] 0 0 0 0 2 0 0 0 0
[wbmm_mrt_node-4] 0 0 0 0 0 2 0 0 0
[wbmm_mrt_node-4] 0 0 0 0 0 0 2 0 0
[wbmm_mrt_node-4] 0 0 0 0 0 0 0 2 0
[wbmm_mrt_node-4] 0 0 0 0 0 0 0 0 2
[wbmm_mrt_node-4]  #### 参考轨迹来源: ROS topic <robot>_mpc_target (TargetTrajectories, 9 维 state)
[wbmm_mrt_node-4]  #### =============================================================================
[wbmm_mrt_node-4] WARNING: Loaded at least one default value in matrix: "endEffectorTracking.Q.position"
[wbmm_mrt_node-4] WARNING: Loaded at least one default value in matrix: "endEffectorTracking.Q.orientation"
[wbmm_mrt_node-4] 
[wbmm_mrt_node-4]  #### endEffectorTracking Settings: 
[wbmm_mrt_node-4]  #### =============================================================================
[wbmm_mrt_node-4]  #### Q.position:
[wbmm_mrt_node-4] 100   0   0
[wbmm_mrt_node-4]   0 100   0
[wbmm_mrt_node-4]   0   0 100
[wbmm_mrt_node-4]  #### Q.orientation:
[wbmm_mrt_node-4] 25  0  0
[wbmm_mrt_node-4]  0 25  0
[wbmm_mrt_node-4]  0  0 25
[wbmm_mrt_node-4]  #### =============================================================================
[wbmm_mrt_node-4] 
[wbmm_mrt_node-4]  #### Arm Manipulability Settings:
[wbmm_mrt_node-4]  #### =============================================================================
[wbmm_mrt_node-4]  #### frameName: tool0
[wbmm_mrt_node-4]  #### stateFrame: odom
[wbmm_mrt_node-4]  #### metrics.scope/task/scaling: arm / pose / characteristic_length
[wbmm_mrt_node-4]  #### term: process/evaluator, normalized: 1, weightScale: 1, sigma: 1 ref=0.12 weight=0.5, Yoshikawa: 0 ref=0.0015 weight=0.005
[wbmm_mrt_node-4]  #### =============================================================================
[wbmm_mrt_node-4] 
[wbmm_mrt_node-4]  #### Arm Manipulability Settings:
[wbmm_mrt_node-4]  #### =============================================================================
[wbmm_mrt_node-4]  #### frameName: tool0
[wbmm_mrt_node-4]  #### stateFrame: odom
[wbmm_mrt_node-4]  #### metrics.scope/task/scaling: arm / pose / characteristic_length
[wbmm_mrt_node-4]  #### term: terminal, normalized: 1, weightScale: 1, sigma: 1 ref=0.12 weight=0.5, Yoshikawa: 0 ref=0.0015 weight=0.005
[wbmm_mrt_node-4]  #### =============================================================================
[wbmm_mrt_node-4] 
[wbmm_mrt_node-4]  #### Arm Manipulability Settings:
[wbmm_mrt_node-4]  #### =============================================================================
[wbmm_mrt_node-4]  #### frameName: tool0
[wbmm_mrt_node-4]  #### stateFrame: odom
[wbmm_mrt_node-4]  #### metrics.scope/task/scaling: arm / pose / characteristic_length
[wbmm_mrt_node-4]  #### term: process/evaluator, normalized: 1, weightScale: 1, sigma: 1 ref=0.12 weight=0.5, Yoshikawa: 0 ref=0.0015 weight=0.005
[wbmm_mrt_node-4]  #### =============================================================================
[wbmm_mrt_node-4]  #### 'activate'...............................................................1
[wbmm_mrt_node-4] 
[wbmm_mrt_node-4]  #### SelfCollision Settings: 
[wbmm_mrt_node-4]  #### =============================================================================
[wbmm_mrt_node-4]  #### 'mu'..................................................................0.01
[wbmm_mrt_node-4]  #### 'delta'..............................................................0.001
[wbmm_mrt_node-4]  #### 'minimumDistance'.....................................................0.02
[wbmm_mpc_node-3] SelfCollision: Testing for 139 collision pairs
[wbmm_mpc_node-3] [CppAdInterface] Compiling Shared Library: /tmp/wbmm_force_mpc/auto_generated/mpc/dynamics_flow_map/cppad_generated/dynamics_flow_map_libcppadcg_tmp-70686323.so
[wbmm_mrt_node-4]  #### 'selfCollision.collisionObjectPairs': { }
[wbmm_mrt_node-4]  #### 'selfCollision.collisionLinkPairs': {[base_link, Link_2], [base_link, Link_3], [base_link, Link_4], [base_link, Link_5], [base_link, Link_6], [base_link, tool0_and_camera_link], [base_link, d435i_link], [Link_0, Link_2], [Link_0, Link_3], [Link_1, Link_3], [Link_1, Link_4], [Link_2, Link_4], [Link_2, Link_5], [Link_3, Link_5], [Link_3, Link_6], [Link_4, Link_6], [Link_0, tool0_and_camera_link], [Link_1, tool0_and_camera_link], [Link_2, tool0_and_camera_link], [Link_3, tool0_and_camera_link], [Link_4, tool0_and_camera_link], [Link_5, tool0_and_camera_link], [Link_0, d435i_link], [Link_1, d435i_link], [Link_2, d435i_link], [Link_3, d435i_link], [Link_4, d435i_link], [Link_5, d435i_link], }
[wbmm_mrt_node-4]  #### minimumDistance: 0.02 (minimum allowed distance)
[wbmm_mrt_node-4]  #### activationDistance: 0.05 (penalty only active when distance < this value)
[wbmm_mrt_node-4]  #### =============================================================================
[wbmm_mrt_node-4] SelfCollision: Testing for 139 collision pairs
[wbmm_mrt_node-4] [CppAdInterface] Compiling Shared Library: /tmp/wbmm_force_mpc/auto_generated/mrt/dynamics_flow_map/cppad_generated/dynamics_flow_map_libcppadcg_tmp-37586325.so
[robot_state_publisher-2] [INFO] [1791521323.409309364] [robot_state_publisher]: got segment Link_0
[robot_state_publisher-2] [INFO] [1791521323.409405964] [robot_state_publisher]: got segment Link_1
[robot_state_publisher-2] [INFO] [1791521323.409413081] [robot_state_publisher]: got segment Link_2
[robot_state_publisher-2] [INFO] [1791521323.409417136] [robot_state_publisher]: got segment Link_3
[robot_state_publisher-2] [INFO] [1791521323.409420628] [robot_state_publisher]: got segment Link_4
[robot_state_publisher-2] [INFO] [1791521323.409424100] [robot_state_publisher]: got segment Link_5
[robot_state_publisher-2] [INFO] [1791521323.409427596] [robot_state_publisher]: got segment Link_6
[robot_state_publisher-2] [INFO] [1791521323.409431112] [robot_state_publisher]: got segment Link_6_45
[robot_state_publisher-2] [INFO] [1791521323.409435021] [robot_state_publisher]: got segment aluminium_2_base_link
[robot_state_publisher-2] [INFO] [1791521323.409438945] [robot_state_publisher]: got segment aluminium_3_base_link
[robot_state_publisher-2] [INFO] [1791521323.409442516] [robot_state_publisher]: got segment aluminium_4_base_link
[robot_state_publisher-2] [INFO] [1791521323.409446014] [robot_state_publisher]: got segment aluminium_base_link
[robot_state_publisher-2] [INFO] [1791521323.409449889] [robot_state_publisher]: got segment base_footprint
[robot_state_publisher-2] [INFO] [1791521323.409453658] [robot_state_publisher]: got segment base_link
[robot_state_publisher-2] [INFO] [1791521323.409457358] [robot_state_publisher]: got segment d435i_link
[robot_state_publisher-2] [INFO] [1791521323.409461049] [robot_state_publisher]: got segment d455_link
[robot_state_publisher-2] [INFO] [1791521323.409464642] [robot_state_publisher]: got segment fl_castor_link
[robot_state_publisher-2] [INFO] [1791521323.409468215] [robot_state_publisher]: got segment fl_wheel_link
[robot_state_publisher-2] [INFO] [1791521323.409471873] [robot_state_publisher]: got segment fr_castor_link
[robot_state_publisher-2] [INFO] [1791521323.409475389] [robot_state_publisher]: got segment fr_wheel_link
[robot_state_publisher-2] [INFO] [1791521323.409478872] [robot_state_publisher]: got segment imu_link
[robot_state_publisher-2] [INFO] [1791521323.409482563] [robot_state_publisher]: got segment inertial_link
[robot_state_publisher-2] [INFO] [1791521323.409486047] [robot_state_publisher]: got segment jaka_base_link
[robot_state_publisher-2] [INFO] [1791521323.409489652] [robot_state_publisher]: got segment jk_se_vi_200_link
[robot_state_publisher-2] [INFO] [1791521323.409493304] [robot_state_publisher]: got segment laser_link
[robot_state_publisher-2] [INFO] [1791521323.409496891] [robot_state_publisher]: got segment left_wheel_link
[robot_state_publisher-2] [INFO] [1791521323.409500519] [robot_state_publisher]: got segment right_wheel_link
[robot_state_publisher-2] [INFO] [1791521323.409504018] [robot_state_publisher]: got segment rl_castor_link
[robot_state_publisher-2] [INFO] [1791521323.409513666] [robot_state_publisher]: got segment rl_wheel_link
[robot_state_publisher-2] [INFO] [1791521323.409519203] [robot_state_publisher]: got segment rr_castor_link
[robot_state_publisher-2] [INFO] [1791521323.409522940] [robot_state_publisher]: got segment rr_wheel_link
[robot_state_publisher-2] [INFO] [1791521323.409526471] [robot_state_publisher]: got segment tool0
[robot_state_publisher-2] [INFO] [1791521323.409530148] [robot_state_publisher]: got segment tool0_and_camera_link
[robot_state_publisher-2] [INFO] [1791521323.409534234] [robot_state_publisher]: got segment urbase_base_link
[wbmm_mpc_node-3] [CppAdInterface] Renaming /tmp/wbmm_force_mpc/auto_generated/mpc/dynamics_flow_map/cppad_generated/dynamics_flow_map_libcppadcg_tmp-70686323.so to /tmp/wbmm_force_mpc/auto_generated/mpc/dynamics_flow_map/cppad_generated/dynamics_flow_map_lib.so
[wbmm_mpc_node-3] [CppAdInterface] Compiling Shared Library: /tmp/wbmm_force_mpc/auto_generated/mpc/dynamics_jump_map/cppad_generated/dynamics_jump_map_libcppadcg_tmp-89386323.so
[wbmm_mrt_node-4] [CppAdInterface] Renaming /tmp/wbmm_force_mpc/auto_generated/mrt/dynamics_flow_map/cppad_generated/dynamics_flow_map_libcppadcg_tmp-37586325.so to /tmp/wbmm_force_mpc/auto_generated/mrt/dynamics_flow_map/cppad_generated/dynamics_flow_map_lib.so
[wbmm_mrt_node-4] [CppAdInterface] Compiling Shared Library: /tmp/wbmm_force_mpc/auto_generated/mrt/dynamics_jump_map/cppad_generated/dynamics_jump_map_libcppadcg_tmp-14386325.so
[wbmm_mpc_node-3] [CppAdInterface] Renaming /tmp/wbmm_force_mpc/auto_generated/mpc/dynamics_jump_map/cppad_generated/dynamics_jump_map_libcppadcg_tmp-89386323.so to /tmp/wbmm_force_mpc/auto_generated/mpc/dynamics_jump_map/cppad_generated/dynamics_jump_map_lib.so
[wbmm_mrt_node-4] [CppAdInterface] Renaming /tmp/wbmm_force_mpc/auto_generated/mrt/dynamics_jump_map/cppad_generated/dynamics_jump_map_libcppadcg_tmp-14386325.so to /tmp/wbmm_force_mpc/auto_generated/mrt/dynamics_jump_map/cppad_generated/dynamics_jump_map_lib.so
[wbmm_mrt_node-4] [CppAdInterface] Compiling Shared Library: /tmp/wbmm_force_mpc/auto_generated/mrt/dynamics_guard_surfaces/cppad_generated/dynamics_guard_surfaces_libcppadcg_tmp-20686325.so
[wbmm_mpc_node-3] [CppAdInterface] Compiling Shared Library: /tmp/wbmm_force_mpc/auto_generated/mpc/dynamics_guard_surfaces/cppad_generated/dynamics_guard_surfaces_libcppadcg_tmp-79886323.so
[wbmm_mpc_node-3] [CppAdInterface] Renaming /tmp/wbmm_force_mpc/auto_generated/mpc/dynamics_guard_surfaces/cppad_generated/dynamics_guard_surfaces_libcppadcg_tmp-79886323.so to /tmp/wbmm_force_mpc/auto_generated/mpc/dynamics_guard_surfaces/cppad_generated/dynamics_guard_surfaces_lib.so
[wbmm_mpc_node-3] 
[wbmm_mpc_node-3]  #### Rollout Settings: 
[wbmm_mpc_node-3]  #### =============================================================================
[wbmm_mpc_node-3]  #### 'AbsTolODE'..........................................................1e-05
[wbmm_mpc_node-3]  #### 'RelTolODE'..........................................................0.001
[wbmm_mpc_node-3]  #### 'maxNumStepsPerSecond'..............................................100000
[wbmm_mpc_node-3]  #### 'timeStep'............................................................0.01
[wbmm_mpc_node-3]  #### 'integratorType'.....................................................ODE45
[wbmm_mpc_node-3]  #### 'checkNumericalStability'................................................0
[wbmm_mpc_node-3]  #### 'reconstructInputTrajectory'.............................................1 (default)
[wbmm_mpc_node-3]  #### 'rootFindingAlgorithm'...................................................0 (default)
[wbmm_mpc_node-3]  #### 'maxSingleEventIterations'..............................................10 (default)
[wbmm_mpc_node-3]  #### 'useTrajectorySpreadingController'.......................................0 (default)
[wbmm_mpc_node-3]  #### =============================================================================
[wbmm_mrt_node-4] [CppAdInterface] Renaming /tmp/wbmm_force_mpc/auto_generated/mrt/dynamics_guard_surfaces/cppad_generated/dynamics_guard_surfaces_libcppadcg_tmp-20686325.so to /tmp/wbmm_force_mpc/auto_generated/mrt/dynamics_guard_surfaces/cppad_generated/dynamics_guard_surfaces_lib.so
[wbmm_mrt_node-4] 
[wbmm_mrt_node-4]  #### Rollout Settings: 
[wbmm_mrt_node-4]  #### =============================================================================
[wbmm_mrt_node-4]  #### 'AbsTolODE'..........................................................1e-05
[wbmm_mrt_node-4]  #### 'RelTolODE'..........................................................0.001
[wbmm_mrt_node-4]  #### 'maxNumStepsPerSecond'..............................................100000
[wbmm_mrt_node-4]  #### 'timeStep'............................................................0.01
[wbmm_mrt_node-4]  #### 'integratorType'.....................................................ODE45
[wbmm_mrt_node-4]  #### 'checkNumericalStability'................................................0
[wbmm_mrt_node-4]  #### 'reconstructInputTrajectory'.............................................1 (default)
[wbmm_mrt_node-4]  #### 'rootFindingAlgorithm'...................................................0 (default)
[wbmm_mrt_node-4]  #### 'maxSingleEventIterations'..............................................10 (default)
[wbmm_mrt_node-4]  #### 'useTrajectorySpreadingController'.......................................0 (default)
[wbmm_mrt_node-4]  #### =============================================================================
[wbmm_mpc_node-3] WARNING: Failed to set threads priority (one possible reason could be that the user and the group permissions are not set properly.)
[wbmm_mpc_node-3] WARNING: Failed to set threads priority (one possible reason could be that the user and the group permissions are not set properly.)
[wbmm_mrt_node-4] [INFO] [1791521324.022547276] [wbmm_mrt_node]: OCS2 model dims: state=9 input=8 arm=6
[wbmm_mrt_node-4] [INFO] [1791521324.022736788] [wbmm_mrt_node]: Task phase mode: ENABLED, initial phase=2
[wbmm_mpc_node-3] [INFO] [1791521324.025217266] [wbmm_mpc_node]: Task phase service : mobile_manipulator_set_task_phase
[wbmm_mpc_node-3] [INFO] [1791521324.025263587] [wbmm_mpc_node]: Task phase state   : mobile_manipulator_task_phase_state (latched)
[wbmm_mpc_node-3] [INFO] [1791521324.025274602] [wbmm_mpc_node]: Whole-body target: mobile_manipulator_whole_body_target
[wbmm_mpc_node-3] [INFO] [1791521324.025280273] [wbmm_mpc_node]: EE target       : /mobile_manipulator_ee_target
[wbmm_mpc_node-3] [INFO] [1791521324.025285868] [MPC_ROS_Interface]: MPC node is setting up ...
[wbmm_mpc_node-3] [INFO] [1791521324.025870464] [MPC_ROS_Interface]: Publishing SLQ-MPC messages on a separate thread.
[wbmm_mpc_node-3] [INFO] [1791521324.025884080] [MPC_ROS_Interface]: MPC node is ready.
[wbmm_mpc_node-3] [INFO] [1791521324.025888633] [MPC_ROS_Interface]: Start spinning now ...
[wbmm_mrt_node-4] [INFO] [1791521324.026381967] [wbmm_mrt_node]: Publishing base commands as Twist on /base_controller/cmd_vel
[wbmm_mrt_node-4] [INFO] [1791521324.026587096] [wbmm_mrt_node]: Publishing arm position commands on /arm_controller/commands
[wbmm_mrt_node-4] [INFO] [1791521324.028795637] [wbmm_mrt_node]: Subscribing task phase state on mobile_manipulator_task_phase_state
[wbmm_mrt_node-4] [INFO] [1791521324.028824858] [wbmm_mrt_node]: Forward controller joint command order: [joint_1, joint_2, joint_3, joint_4, joint_5, joint_6]
[wbmm_mrt_node-4] [INFO] [1791521324.030974291] [MRT_ROS_Interface]: MRT node is setting up ...
[wbmm_mrt_node-4] [INFO] [1791521324.031918786] [MRT_ROS_Interface]: Publishing MRT messages on a separate thread.
[wbmm_mrt_node-4] [INFO] [1791521324.031935859] [MRT_ROS_Interface]: MRT node is ready.
[wbmm_mrt_node-4]  #### 'activate'...............................................................1
[wbmm_mrt_node-4]  #### 'selfCollision.collisionObjectPairs': { }
[wbmm_mrt_node-4]  #### 'selfCollision.collisionLinkPairs': {[base_link, Link_2], [base_link, Link_3], [base_link, Link_4], [base_link, Link_5], [base_link, Link_6], [base_link, tool0_and_camera_link], [base_link, d435i_link], [Link_0, Link_2], [Link_0, Link_3], [Link_1, Link_3], [Link_1, Link_4], [Link_2, Link_4], [Link_2, Link_5], [Link_3, Link_5], [Link_3, Link_6], [Link_4, Link_6], [Link_0, tool0_and_camera_link], [Link_1, tool0_and_camera_link], [Link_2, tool0_and_camera_link], [Link_3, tool0_and_camera_link], [Link_4, tool0_and_camera_link], [Link_5, tool0_and_camera_link], [Link_0, d435i_link], [Link_1, d435i_link], [Link_2, d435i_link], [Link_3, d435i_link], [Link_4, d435i_link], [Link_5, d435i_link], }
[wbmm_mrt_node-4] [WARN] [1791521324.039322227] [rcl.logging_rosout]: Publisher already registered for provided node name. If this is due to multiple nodes with the same name then all logs for that logger name will go out over the existing publisher. As soon as any node with that name is destructed it will unregister the publisher, preventing any further logs for that name from being published on the rosout topic.
[wbmm_mrt_node-4] [INFO] [1791521324.042864458] [wbmm_mrt_node]: [WbmmVisualization] 自碰撞距离可视化已启用 (activationDistance=0.050)。
[wbmm_mrt_node-4] [INFO] [1791521324.043277144] [wbmm_mrt_node]: [WbmmVisualization] environmentCollision.activate=false, 无障碍物可视化。
[wbmm_mrt_node-4] [INFO] [1791521324.043313871] [wbmm_mrt_node]: [WbmmVisualization] up. frame=odom, stateDim=9, eeFrame=tool0
[wbmm_mrt_node-4] [INFO] [1791521324.043325587] [wbmm_mrt_node]: Visualization enabled: every 6 cycles (approximately 20.8 Hz)
[wbmm_mrt_node-4] [INFO] [1791521324.043405302] [wbmm_mrt_node]: Waiting for odom and complete joint_states...
[wbmm_mrt_node-4] [INFO] [1791521324.043548324] [wbmm_mrt_node]: Received initial task phase: 2 (active=0)
[mujoco_bridge-1] [INFO] [1791521324.408039800] [mujoco_bridge]: Arm physical position servos: kp=[1000.0, 2500.0, 2000.0, 300.0, 300.0, 50.0] kv=[200.0, 250.0, 250.0, 15.0, 15.0, 1.0] integrator=3
[mujoco_bridge-1] [INFO] [1791521324.408720454] [mujoco_bridge]: Arm position servos: gravity/Coriolis feedforward enabled
[mujoco_bridge-1] [INFO] [1791521324.438136369] [mujoco_bridge]: Loaded /home/a/WBMM/install/tracer_jaka_mujoco/share/tracer_jaka_mujoco/models/scene_force_follow_infinite.xml  dt=0.0020  exact_base=True
[wbmm_mrt_node-4] [INFO] [1791521325.143556408] [wbmm_mrt_node]: Initial EE target: pos=(-0.138, -0.476, 0.510), quat=(1.000, 0.009, -0.000, -0.000)
[wbmm_mrt_node-4] [INFO] [1791521325.143791584] [MRT_ROS_Interface]: MPC node has been reset.
[wbmm_mrt_node-4] [INFO] [1791521325.143799389] [wbmm_mrt_node]: Waiting for first MPC policy...
[wbmm_mpc_node-3] [WARN] [1791521325.143962376] [MPC_ROS_Interface]: MPC should be reset first. Either call MPC_ROS_Interface::reset() or use the reset service.
[wbmm_mpc_node-3] 
[wbmm_mpc_node-3] #####################################################
[wbmm_mpc_node-3] #####################################################
[wbmm_mpc_node-3] #################  MPC is reset.  ###################
[wbmm_mpc_node-3] #####################################################
[wbmm_mpc_node-3] #####################################################
[whole_body_force_control_node-6] [INFO] [1791521325.149198065] [whole_body_force_control]: Captured nominal TCP axes in odom
[wbmm_mrt_node-4] [INFO] [1791521325.344747661] [wbmm_mrt_node]: Got first MPC policy. Entering MRT loop at 125.0 Hz
[wbmm_mrt_node-4] [INFO] [1791521325.377402221] [wbmm_mrt_node]: MPC policy window: 0.258 s (planEnd - mpcInitObservation.time).
[wbmm_mrt_node-4] [INFO] [1791521327.345241252] [wbmm_mrt_node]: [timing] ctrl_loop=125.5 Hz (target 125.0) | work avg=1.02 ms max=7.61 ms | MPC_policy_seen=81.0 Hz | plan_age avg=20.6 ms max=44.0 ms | sim/wall=0.896
[wbmm_mrt_node-4] [INFO] [1791521329.353279825] [wbmm_mrt_node]: [timing] ctrl_loop=125.0 Hz (target 125.0) | work avg=1.10 ms max=6.11 ms | MPC_policy_seen=84.7 Hz | plan_age avg=19.9 ms max=32.0 ms | sim/wall=0.896
[wbmm_mrt_node-4] [INFO] [1791521331.353363191] [wbmm_mrt_node]: [timing] ctrl_loop=125.0 Hz (target 125.0) | work avg=1.02 ms max=5.92 ms | MPC_policy_seen=82.0 Hz | plan_age avg=19.9 ms max=32.0 ms | sim/wall=0.898
[wbmm_mrt_node-4] [INFO] [1791521333.358028176] [wbmm_mrt_node]: [timing] ctrl_loop=124.7 Hz (target 125.0) | work avg=1.05 ms max=6.65 ms | MPC_policy_seen=81.8 Hz | plan_age avg=20.4 ms max=36.0 ms | sim/wall=0.894
[wbmm_mrt_node-4] [INFO] [1791521335.361221749] [wbmm_mrt_node]: [timing] ctrl_loop=125.3 Hz (target 125.0) | work avg=1.00 ms max=5.90 ms | MPC_policy_seen=80.9 Hz | plan_age avg=20.6 ms max=32.0 ms | sim/wall=0.901
[wbmm_mrt_node-4] [INFO] [1791521337.361276897] [wbmm_mrt_node]: [timing] ctrl_loop=125.0 Hz (target 125.0) | work avg=0.95 ms max=6.38 ms | MPC_policy_seen=80.0 Hz | plan_age avg=20.8 ms max=36.0 ms | sim/wall=0.896
[wbmm_mrt_node-4] [INFO] [1791521339.369284230] [wbmm_mrt_node]: [timing] ctrl_loop=125.0 Hz (target 125.0) | work avg=0.95 ms max=5.90 ms | MPC_policy_seen=81.2 Hz | plan_age avg=20.4 ms max=40.0 ms | sim/wall=0.898
[wbmm_mrt_node-4] [INFO] [1791521341.371977963] [wbmm_mrt_node]: [timing] ctrl_loop=124.8 Hz (target 125.0) | work avg=1.07 ms max=6.19 ms | MPC_policy_seen=78.9 Hz | plan_age avg=21.2 ms max=36.0 ms | sim/wall=0.899
[wbmm_mrt_node-4] [INFO] [1791521343.377200644] [wbmm_mrt_node]: [timing] ctrl_loop=125.2 Hz (target 125.0) | work avg=0.89 ms max=4.81 ms | MPC_policy_seen=76.8 Hz | plan_age avg=21.9 ms max=44.0 ms | sim/wall=0.908
[wbmm_mrt_node-4] [INFO] [1791521345.377221479] [wbmm_mrt_node]: [timing] ctrl_loop=125.0 Hz (target 125.0) | work avg=0.98 ms max=5.95 ms | MPC_policy_seen=83.0 Hz | plan_age avg=20.1 ms max=36.0 ms | sim/wall=0.900
[wbmm_mrt_node-4] [INFO] [1791521347.377240511] [wbmm_mrt_node]: [timing] ctrl_loop=125.0 Hz (target 125.0) | work avg=0.93 ms max=5.99 ms | MPC_policy_seen=88.0 Hz | plan_age avg=19.2 ms max=32.0 ms | sim/wall=0.906
[wbmm_mrt_node-4] [INFO] [1791521349.387894417] [wbmm_mrt_node]: [timing] ctrl_loop=124.8 Hz (target 125.0) | work avg=0.95 ms max=6.47 ms | MPC_policy_seen=83.6 Hz | plan_age avg=19.7 ms max=32.0 ms | sim/wall=0.897
[wbmm_mrt_node-4] [INFO] [1791521351.393244429] [wbmm_mrt_node]: [timing] ctrl_loop=125.2 Hz (target 125.0) | work avg=1.09 ms max=6.63 ms | MPC_policy_seen=83.3 Hz | plan_age avg=19.5 ms max=32.0 ms | sim/wall=0.890
[wbmm_mrt_node-4] [INFO] [1791521353.393425508] [wbmm_mrt_node]: [timing] ctrl_loop=125.0 Hz (target 125.0) | work avg=1.01 ms max=6.50 ms | MPC_policy_seen=85.5 Hz | plan_age avg=19.6 ms max=32.0 ms | sim/wall=0.900
[wbmm_mrt_node-4] [INFO] [1791521355.401205319] [wbmm_mrt_node]: [timing] ctrl_loop=125.0 Hz (target 125.0) | work avg=0.99 ms max=6.34 ms | MPC_policy_seen=84.2 Hz | plan_age avg=20.0 ms max=32.0 ms | sim/wall=0.902
[whole_body_force_control_node-6] [ERROR] [1791521356.677731498] [whole_body_force_control]: Force-control fault latched: WRENCH_TIMEOUT
[whole_body_force_control_node-6] [INFO] [1791521356.677938707] [whole_body_force_control]: Latched hold EE target: pos=(-0.138, -0.474, 0.511)
[force_sensor_processor_node-5] [ERROR] [1791521356.681188656] [force_sensor_processor]: Force sensor fault latched: WRENCH_TIMEOUT
[wbmm_mrt_node-4] [INFO] [1791521357.404694947] [wbmm_mrt_node]: [timing] ctrl_loop=124.8 Hz (target 125.0) | work avg=1.00 ms max=5.72 ms | MPC_policy_seen=75.9 Hz | plan_age avg=21.4 ms max=36.0 ms | sim/wall=0.892
[whole_body_force_control_node-6] [INFO] [1791521359.005999836] [whole_body_force_control]: Latched hold EE target: pos=(-0.138, -0.474, 0.511)
[wbmm_mrt_node-4] [INFO] [1791521359.409219368] [wbmm_mrt_node]: [timing] ctrl_loop=125.2 Hz (target 125.0) | work avg=0.95 ms max=5.60 ms | MPC_policy_seen=76.3 Hz | plan_age avg=21.8 ms max=36.0 ms | sim/wall=0.896
[whole_body_force_control_node-6] [INFO] [1791521359.509954701] [whole_body_force_control]: Captured nominal TCP axes in odom
[wbmm_mrt_node-4] [INFO] [1791521361.409235526] [wbmm_mrt_node]: [timing] ctrl_loop=125.0 Hz (target 125.0) | work avg=1.06 ms max=6.04 ms | MPC_policy_seen=84.5 Hz | plan_age avg=20.0 ms max=36.0 ms | sim/wall=0.896
[WARNING] [launch]: user interrupted with ctrl-c (SIGINT)
[virtual_wrench_node-7] [INFO] [1791521362.016322642] [rclcpp]: signal_handler(SIGINT/SIGTERM)
[robot_state_publisher-2] [INFO] [1791521362.016324618] [rclcpp]: signal_handler(SIGINT/SIGTERM)
[INFO] [virtual_wrench_node-7]: sending signal 'SIGINT' to process[virtual_wrench_node-7]
[INFO] [whole_body_force_control_node-6]: sending signal 'SIGINT' to process[whole_body_force_control_node-6]
[INFO] [force_sensor_processor_node-5]: sending signal 'SIGINT' to process[force_sensor_processor_node-5]
[INFO] [wbmm_mrt_node-4]: sending signal 'SIGINT' to process[wbmm_mrt_node-4]
[INFO] [wbmm_mpc_node-3]: sending signal 'SIGINT' to process[wbmm_mpc_node-3]
[INFO] [robot_state_publisher-2]: sending signal 'SIGINT' to process[robot_state_publisher-2]
[INFO] [mujoco_bridge-1]: sending signal 'SIGINT' to process[mujoco_bridge-1]
[force_sensor_processor_node-5] [INFO] [1791521362.016331729] [rclcpp]: signal_handler(SIGINT/SIGTERM)
[wbmm_mpc_node-3] [INFO] [1791521362.016335017] [rclcpp]: signal_handler(SIGINT/SIGTERM)
[wbmm_mrt_node-4] [INFO] [1791521362.016544553] [rclcpp]: signal_handler(SIGINT/SIGTERM)
[whole_body_force_control_node-6] [INFO] [1791521362.016545861] [rclcpp]: signal_handler(SIGINT/SIGTERM)
[virtual_wrench_node-7] [INFO] [1791521362.020128751] [rclcpp]: signal_handler(SIGINT/SIGTERM)
[whole_body_force_control_node-6] [INFO] [1791521362.020911397] [rclcpp]: signal_handler(SIGINT/SIGTERM)
[force_sensor_processor_node-5] [INFO] [1791521362.021485596] [rclcpp]: signal_handler(SIGINT/SIGTERM)
[wbmm_mrt_node-4] [INFO] [1791521362.022022290] [rclcpp]: signal_handler(SIGINT/SIGTERM)
[robot_state_publisher-2] [INFO] [1791521362.023063816] [rclcpp]: signal_handler(SIGINT/SIGTERM)
[ERROR] [wbmm_mpc_node-3]: process has died [pid 86323, exit code -2, cmd '/home/a/WBMM/install/wbmm_ocs2_ros/lib/wbmm_ocs2_ros/wbmm_mpc_node --ros-args -r __node:=wbmm_mpc_node --params-file /home/a/WBMM/install/tracer_jaka_bringup/share/tracer_jaka_bringup/config/common/ocs2.yaml --params-file /home/a/WBMM/install/tracer_jaka_bringup/share/tracer_jaka_bringup/config/sim/ocs2.yaml --params-file /tmp/launch_params_5_os2blp'].
[wbmm_mrt_node-4] [INFO] [1791521362.036732864] [MRT_ROS_Interface]: Shutting down workers ...
[wbmm_mrt_node-4] [INFO] [1791521362.036777031] [MRT_ROS_Interface]: All workers are shut down.
[mujoco_bridge-1] Exception ignored in: <module 'threading' from '/usr/lib/python3.10/threading.py'>
[mujoco_bridge-1] Traceback (most recent call last):
[mujoco_bridge-1]   File "/usr/lib/python3.10/threading.py", line 1537, in _shutdown
[mujoco_bridge-1]     atexit_call()
[mujoco_bridge-1]   File "/usr/lib/python3.10/concurrent/futures/thread.py", line 31, in _python_exit
[mujoco_bridge-1]     t.join()
[mujoco_bridge-1]   File "/usr/lib/python3.10/threading.py", line 1096, in join
[mujoco_bridge-1]     self._wait_for_tstate_lock()
[mujoco_bridge-1]   File "/usr/lib/python3.10/threading.py", line 1116, in _wait_for_tstate_lock
[mujoco_bridge-1]     if lock.acquire(block, timeout):
[mujoco_bridge-1] KeyboardInterrupt: 
[mujoco_bridge-1] Xlib:  extension "NV-GLX" missing on display ":0".
[INFO] [virtual_wrench_node-7]: process has finished cleanly [pid 86331]
[INFO] [force_sensor_processor_node-5]: process has finished cleanly [pid 86327]
[INFO] [robot_state_publisher-2]: process has finished cleanly [pid 86321]
[INFO] [mujoco_bridge-1]: process has finished cleanly [pid 86319]
[INFO] [wbmm_mrt_node-4]: process has finished cleanly [pid 86325]
[INFO] [whole_body_force_control_node-6]: process has finished cleanly [pid 86329]
