[INFO] [launch]: All log files can be found below /tmp/wbmm_task_velocity_keyboard_ros/2026-10-09-12-47-00-822086-a-79091
[INFO] [launch]: Default logging verbosity is set to INFO
[INFO] [mujoco_bridge-1]: process started with pid [79160]
[INFO] [robot_state_publisher-2]: process started with pid [79163]
[INFO] [wbmm_mpc_node-3]: process started with pid [79165]
[INFO] [wbmm_mrt_node-4]: process started with pid [79167]
[INFO] [force_sensor_processor_node-5]: process started with pid [79169]
[INFO] [whole_body_force_control_node-6]: process started with pid [79171]
[INFO] [virtual_wrench_node-7]: process started with pid [79174]
[INFO] [keyboard_wrench_node-8]: process started with pid [79176]
[force_sensor_processor_node-5] [INFO] [1791521220.939961377] [force_sensor_processor]: Ready: raw=/whole_body_force_control/fake_wrench processed=/whole_body_force_control/processed_wrench frame=jk_se_vi_200_link->tool0
[wbmm_mpc_node-3] [INFO] [1791521220.943523897] [wbmm_mpc_node]: Task file : /home/a/WBMM/install/tracer_jaka_bringup/share/tracer_jaka_bringup/config/sim/task_force_mpc.info
[wbmm_mpc_node-3] [INFO] [1791521220.943614233] [wbmm_mpc_node]: Lib folder: /tmp/wbmm_force_mpc/auto_generated/mpc
[wbmm_mpc_node-3] [INFO] [1791521220.943626210] [wbmm_mpc_node]: URDF file : /home/a/WBMM/install/tracer_jaka_description/share/tracer_jaka_description/urdf/tracer_jaka_zu5.urdf
[wbmm_mpc_node-3] [INFO] [1791521220.943633253] [wbmm_mpc_node]: World frame: odom
[wbmm_mpc_node-3] [INFO] [1791521220.943640239] [wbmm_mpc_node]: ESDF file override: <task file>
[wbmm_mpc_node-3] [WbmmInterface] Loading task file: "/home/a/WBMM/install/tracer_jaka_bringup/share/tracer_jaka_bringup/config/sim/task_force_mpc.info"
[wbmm_mpc_node-3] [WbmmInterface] Loading Pinocchio model from: "/home/a/WBMM/install/tracer_jaka_description/share/tracer_jaka_description/urdf/tracer_jaka_zu5.urdf"
[wbmm_mpc_node-3] [WbmmInterface] Generated library path: "/tmp/wbmm_force_mpc/auto_generated/mpc"
[wbmm_mpc_node-3] 
[wbmm_mpc_node-3]  #### Model Information:
[wbmm_mpc_node-3]  #### =============================================================================
[wbmm_mpc_node-3] 
[wbmm_mpc_node-3]  #### model: wheelBasedMobileManipulator (fixed by wbmm_ocs2)
[wbmm_mpc_node-3]  #### model_information.removeJoints: "left_wheel" "right_wheel" 
[wbmm_mpc_node-3]  #### Note: All mimic joints will be automatically detected and removed
[wbmm_mpc_node-3]  #### model_information.baseFrame: "base_footprint"
[wbmm_mpc_node-3]  #### model_information.eeFrame: "tool0"
[wbmm_mpc_node-3]  #### =============================================================================
[virtual_wrench_node-7] [INFO] [1791521220.944288993] [virtual_force_publisher]: Virtual sensor publishing /whole_body_force_control/fake_wrench in jk_se_vi_200_link; keyboard command=/whole_body_force_control/virtual_wrench_command (tool0), timeout=0.150 s
[wbmm_mrt_node-4] [WbmmInterface] Loading task file: "/home/a/WBMM/install/tracer_jaka_bringup/share/tracer_jaka_bringup/config/sim/task_force_mpc.info"
[wbmm_mrt_node-4] [WbmmInterface] Loading Pinocchio model from: "/home/a/WBMM/install/tracer_jaka_description/share/tracer_jaka_description/urdf/tracer_jaka_zu5.urdf"
[wbmm_mrt_node-4] [WbmmInterface] Generated library path: "/tmp/wbmm_force_mpc/auto_generated/mrt"
[wbmm_mrt_node-4] 
[wbmm_mrt_node-4]  #### Model Information:
[wbmm_mrt_node-4]  #### =============================================================================
[wbmm_mrt_node-4] 
[wbmm_mrt_node-4]  #### model: wheelBasedMobileManipulator (fixed by wbmm_ocs2)
[wbmm_mrt_node-4]  #### model_information.removeJoints: "left_wheel" "right_wheel" 
[wbmm_mrt_node-4]  #### Note: All mimic joints will be automatically detected and removed
[wbmm_mrt_node-4]  #### model_information.baseFrame: "base_footprint"
[wbmm_mrt_node-4]  #### model_information.eeFrame: "tool0"
[wbmm_mrt_node-4]  #### =============================================================================
[keyboard_wrench_node-8] [INFO] [1791521220.947238843] [keyboard_force_publisher]: Keyboard force window: w/s (+X/-X), a/d (+Y/-Y), r/f (+Z/-Z); frame=tool0 topic=/whole_body_force_control/virtual_wrench_command
[wbmm_mpc_node-3] model.nv = 9
[wbmm_mpc_node-3] model.nq = 9
[wbmm_mpc_node-3] model.njoints = 8
[wbmm_mpc_node-3] model.nbodies = 7
[wbmm_mpc_node-3] model.nframes = 69
[wbmm_mpc_node-3] 
[wbmm_mpc_node-3] Joints:
[wbmm_mpc_node-3]             universe:   ID = 0
[wbmm_mpc_node-3]           root_joint:   ID = 1
[wbmm_mpc_node-3]              joint_1:   ID = 2
[wbmm_mpc_node-3]              joint_2:   ID = 3
[wbmm_mpc_node-3]              joint_3:   ID = 4
[wbmm_mpc_node-3]              joint_4:   ID = 5
[wbmm_mpc_node-3]              joint_5:   ID = 6
[wbmm_mpc_node-3]              joint_6:   ID = 7
[wbmm_mpc_node-3] 
[wbmm_mpc_node-3] Frames:
[wbmm_mpc_node-3]             universe:   ID = 0, parent = 0, type = "FIXED_JOINT "
[wbmm_mpc_node-3]           root_joint:   ID = 1, parent = 1, type = "JOINT "
[wbmm_mpc_node-3]       base_footprint:   ID = 2, parent = 1, type = "BODY "
[wbmm_mpc_node-3] base_footprint_to_base_link:   ID = 3, parent = 1, type = "FIXED_JOINT "
[wbmm_mpc_node-3]            base_link:   ID = 4, parent = 1, type = "BODY "
[wbmm_mpc_node-3]         base_to_d455:   ID = 5, parent = 1, type = "FIXED_JOINT "
[wbmm_mpc_node-3]            d455_link:   ID = 6, parent = 1, type = "BODY "
[wbmm_mpc_node-3]          base_to_imu:   ID = 7, parent = 1, type = "FIXED_JOINT "
[wbmm_mpc_node-3]             imu_link:   ID = 8, parent = 1, type = "BODY "
[wbmm_mpc_node-3]         base_to_jaka:   ID = 9, parent = 1, type = "FIXED_JOINT "
[wbmm_mpc_node-3]       jaka_base_link:   ID = 10, parent = 1, type = "BODY "
[wbmm_mpc_node-3]                fixed:   ID = 11, parent = 1, type = "FIXED_JOINT "
[wbmm_mpc_node-3]               Link_0:   ID = 12, parent = 1, type = "BODY "
[wbmm_mpc_node-3]              joint_1:   ID = 13, parent = 2, type = "JOINT "
[wbmm_mpc_node-3]               Link_1:   ID = 14, parent = 2, type = "BODY "
[wbmm_mpc_node-3]              joint_2:   ID = 15, parent = 3, type = "JOINT "
[wbmm_mpc_node-3]               Link_2:   ID = 16, parent = 3, type = "BODY "
[wbmm_mpc_node-3]              joint_3:   ID = 17, parent = 4, type = "JOINT "
[wbmm_mpc_node-3]               Link_3:   ID = 18, parent = 4, type = "BODY "
[wbmm_mpc_node-3]              joint_4:   ID = 19, parent = 5, type = "JOINT "
[wbmm_mpc_node-3]               Link_4:   ID = 20, parent = 5, type = "BODY "
[wbmm_mpc_node-3]              joint_5:   ID = 21, parent = 6, type = "JOINT "
[wbmm_mpc_node-3]               Link_5:   ID = 22, parent = 6, type = "BODY "
[wbmm_mpc_node-3]              joint_6:   ID = 23, parent = 7, type = "JOINT "
[wbmm_mpc_node-3]               Link_6:   ID = 24, parent = 7, type = "BODY "
[wbmm_mpc_node-3]              fixed_2:   ID = 25, parent = 7, type = "FIXED_JOINT "
[wbmm_mpc_node-3]            Link_6_45:   ID = 26, parent = 7, type = "BODY "
[wbmm_mpc_node-3]   jk_se_vi_200_joint:   ID = 27, parent = 7, type = "FIXED_JOINT "
[wbmm_mpc_node-3]    jk_se_vi_200_link:   ID = 28, parent = 7, type = "BODY "
[wbmm_mpc_node-3] tool0_and_camera_link_joint:   ID = 29, parent = 7, type = "FIXED_JOINT "
[wbmm_mpc_node-3] tool0_and_camera_link:   ID = 30, parent = 7, type = "BODY "
[wbmm_mpc_node-3]          d435i_joint:   ID = 31, parent = 7, type = "FIXED_JOINT "
[wbmm_mpc_node-3]           d435i_link:   ID = 32, parent = 7, type = "BODY "
[wbmm_mpc_node-3]          tool0_joint:   ID = 33, parent = 7, type = "FIXED_JOINT "
[wbmm_mpc_node-3]                tool0:   ID = 34, parent = 7, type = "BODY "
[wbmm_mpc_node-3]        base_to_laser:   ID = 35, parent = 1, type = "FIXED_JOINT "
[wbmm_mpc_node-3]           laser_link:   ID = 36, parent = 1, type = "BODY "
[wbmm_mpc_node-3]      fl_castor_wheel:   ID = 37, parent = 1, type = "FIXED_JOINT "
[wbmm_mpc_node-3]       fl_castor_link:   ID = 38, parent = 1, type = "BODY "
[wbmm_mpc_node-3]             fl_wheel:   ID = 39, parent = 1, type = "FIXED_JOINT "
[wbmm_mpc_node-3]        fl_wheel_link:   ID = 40, parent = 1, type = "BODY "
[wbmm_mpc_node-3]      fr_castor_wheel:   ID = 41, parent = 1, type = "FIXED_JOINT "
[wbmm_mpc_node-3]       fr_castor_link:   ID = 42, parent = 1, type = "BODY "
[wbmm_mpc_node-3]             fr_wheel:   ID = 43, parent = 1, type = "FIXED_JOINT "
[wbmm_mpc_node-3]        fr_wheel_link:   ID = 44, parent = 1, type = "BODY "
[wbmm_mpc_node-3]       inertial_joint:   ID = 45, parent = 1, type = "FIXED_JOINT "
[wbmm_mpc_node-3]        inertial_link:   ID = 46, parent = 1, type = "BODY "
[wbmm_mpc_node-3] joint_aluminium_2_base_link:   ID = 47, parent = 1, type = "FIXED_JOINT "
[wbmm_mpc_node-3] aluminium_2_base_link:   ID = 48, parent = 1, type = "BODY "
[wbmm_mpc_node-3] joint_aluminium_3_base_link:   ID = 49, parent = 1, type = "FIXED_JOINT "
[wbmm_mpc_node-3] aluminium_3_base_link:   ID = 50, parent = 1, type = "BODY "
[wbmm_mpc_node-3] joint_aluminium_4_base_link:   ID = 51, parent = 1, type = "FIXED_JOINT "
[wbmm_mpc_node-3] aluminium_4_base_link:   ID = 52, parent = 1, type = "BODY "
[wbmm_mpc_node-3] joint_aluminium_base_link:   ID = 53, parent = 1, type = "FIXED_JOINT "
[wbmm_mpc_node-3]  aluminium_base_link:   ID = 54, parent = 1, type = "BODY "
[wbmm_mpc_node-3]           left_wheel:   ID = 55, parent = 1, type = "FIXED_JOINT "
[wbmm_mpc_node-3]      left_wheel_link:   ID = 56, parent = 1, type = "BODY "
[wbmm_mpc_node-3]          right_wheel:   ID = 57, parent = 1, type = "FIXED_JOINT "
[wbmm_mpc_node-3]     right_wheel_link:   ID = 58, parent = 1, type = "BODY "
[wbmm_mpc_node-3]      rl_castor_wheel:   ID = 59, parent = 1, type = "FIXED_JOINT "
[wbmm_mpc_node-3]       rl_castor_link:   ID = 60, parent = 1, type = "BODY "
[wbmm_mpc_node-3]             rl_wheel:   ID = 61, parent = 1, type = "FIXED_JOINT "
[wbmm_mpc_node-3]        rl_wheel_link:   ID = 62, parent = 1, type = "BODY "
[wbmm_mpc_node-3]      rr_castor_wheel:   ID = 63, parent = 1, type = "FIXED_JOINT "
[wbmm_mpc_node-3]       rr_castor_link:   ID = 64, parent = 1, type = "BODY "
[wbmm_mpc_node-3]             rr_wheel:   ID = 65, parent = 1, type = "FIXED_JOINT "
[wbmm_mpc_node-3]        rr_wheel_link:   ID = 66, parent = 1, type = "BODY "
[wbmm_mpc_node-3]          tracer_base:   ID = 67, parent = 1, type = "FIXED_JOINT "
[wbmm_mpc_node-3]     urbase_base_link:   ID = 68, parent = 1, type = "BODY "
[wbmm_mpc_node-3] 
[wbmm_mpc_node-3]  #### Model Settings:
[wbmm_mpc_node-3]  #### =============================================================================
[wbmm_mpc_node-3]  #### 'usePreComputation'......................................................1
[wbmm_mpc_node-3]  #### 'recompileLibraries'.....................................................1
[wbmm_mpc_node-3]  #### =============================================================================
[wbmm_mpc_node-3] Initial State:          0        0        0        0   1.5707        0   1.5707  3.14159 0.785398
[wbmm_mpc_node-3] 
[wbmm_mpc_node-3]  #### DDP Settings: 
[wbmm_mpc_node-3]  #### =============================================================================
[wbmm_mpc_node-3]  #### 'algorithm'............................................................SLQ
[wbmm_mpc_node-3]  #### 'nThreads'...............................................................3
[wbmm_mpc_node-3]  #### 'threadPriority'........................................................50
[wbmm_mpc_node-3]  #### 'maxNumIterations'.......................................................1
[wbmm_mpc_node-3]  #### 'minRelCost'...........................................................0.1
[wbmm_mpc_node-3]  #### 'constraintTolerance'................................................0.001
[wbmm_mpc_node-3]  #### 'displayInfo'............................................................0
[wbmm_mpc_node-3]  #### 'displayShortSummary'....................................................0
[wbmm_mpc_node-3]  #### 'checkNumericalStability'................................................0
[wbmm_mpc_node-3]  #### 'debugPrintRollout'......................................................0
[wbmm_mpc_node-3]  #### 'AbsTolODE'..........................................................1e-05
[wbmm_mpc_node-3]  #### 'RelTolODE'..........................................................0.001
[wbmm_mpc_node-3]  #### 'maxNumStepsPerSecond'..............................................100000
[wbmm_mpc_node-3]  #### 'timeStep'...........................................................0.001
[wbmm_mpc_node-3]  #### 'backwardPassIntegratorType'.........................................ODE45
[wbmm_mpc_node-3]  #### 'constraintPenaltyInitialValue'.........................................20
[wbmm_mpc_node-3]  #### 'constraintPenaltyIncreaseRate'..........................................2
[wbmm_mpc_node-3]  #### 'preComputeRiccatiTerms'.................................................1
[wbmm_mpc_node-3]  #### 'useFeedbackPolicy'......................................................1
[wbmm_mpc_node-3]  #### 'riskSensitiveCoeff'.....................................................0 (default)
[wbmm_mpc_node-3]  #### 'strategy'.....................................................LINE_SEARCH
[wbmm_mpc_node-3]  #### LINE_SEARCH Settings: {
[wbmm_mpc_node-3]  #### 'minStepLength'.......................................................0.01
[wbmm_mpc_node-3]  #### 'maxStepLength'..........................................................1
[wbmm_mpc_node-3]  #### 'contractionRate'......................................................0.5 (default)
[wbmm_mpc_node-3]  #### 'armijoCoefficient'.................................................0.0001 (default)
[wbmm_mpc_node-3]  #### 'hessianCorrectionStrategy'.................................DIAGONAL_SHIFT
[wbmm_mpc_node-3]  #### 'hessianCorrectionMultiple'..........................................0.001
[wbmm_mpc_node-3]  #### }
[wbmm_mpc_node-3]  #### =============================================================================
[wbmm_mpc_node-3] 
[wbmm_mpc_node-3]  #### MPC Settings:
[wbmm_mpc_node-3]  #### =============================================================================
[wbmm_mpc_node-3]  #### 'timeHorizon'............................................................2
[wbmm_mpc_node-3]  #### 'solutionTimeWindow'...................................................0.2
[wbmm_mpc_node-3]  #### 'coldStart'..............................................................0
[wbmm_mpc_node-3]  #### 'debugPrint'.............................................................0
[wbmm_mpc_node-3]  #### 'mpcDesiredFrequency'..................................................100
[wbmm_mpc_node-3]  #### 'mrtDesiredFrequency'..................................................100 (default)
[wbmm_mpc_node-3]  #### =============================================================================
[wbmm_mpc_node-3] 
[wbmm_mpc_node-3]  #### Multiple-Shooting SQP Settings:
[wbmm_mpc_node-3]  #### =============================================================================
[wbmm_mpc_node-3]  #### 'sqpIteration'..........................................................10 (default)
[wbmm_mpc_node-3]  #### 'deltaTol'...........................................................1e-06 (default)
[wbmm_mpc_node-3]  #### 'alpha_decay'..........................................................0.5 (default)
[wbmm_mpc_node-3]  #### 'alpha_min'.........................................................0.0001 (default)
[wbmm_mpc_node-3]  #### 'gamma_c'............................................................1e-06 (default)
[wbmm_mpc_node-3]  #### 'g_max'..............................................................1e+06 (default)
[wbmm_mpc_node-3]  #### 'g_min'..............................................................1e-06 (default)
[wbmm_mpc_node-3]  #### 'armijoFactor'......................................................0.0001 (default)
[wbmm_mpc_node-3]  #### 'costTol'...........................................................0.0001 (default)
[wbmm_mpc_node-3]  #### 'dt'..................................................................0.01 (default)
[wbmm_mpc_node-3]  #### 'useFeedbackPolicy'......................................................1 (default)
[wbmm_mpc_node-3]  #### 'createValueFunction'....................................................0 (default)
[wbmm_mpc_node-3]  #### 'integratorType'.......................................................RK2 (default)
[wbmm_mpc_node-3]  #### 'inequalityConstraintMu'.................................................0 (default)
[wbmm_mpc_node-3]  #### 'inequalityConstraintDelta'..........................................1e-06 (default)
[wbmm_mpc_node-3]  #### 'projectStateInputEqualityConstraints'...................................1 (default)
[wbmm_mpc_node-3]  #### 'extractProjectionMultiplier'............................................0 (default)
[wbmm_mpc_node-3]  #### 'printSolverStatus'......................................................0 (default)
[wbmm_mpc_node-3]  #### 'printSolverStatistics'..................................................0 (default)
[wbmm_mpc_node-3]  #### 'printLinesearch'........................................................0 (default)
[wbmm_mpc_node-3]  #### 'enableLogging'..........................................................1 (default)
[wbmm_mpc_node-3]  #### 'logSize'.............................................................1000 (default)
[wbmm_mpc_node-3]  #### 'logFilePath'.........................................../tmp/ocs2/sqp_log/ (default)
[wbmm_mpc_node-3]  #### 'nThreads'...............................................................4 (default)
[wbmm_mpc_node-3]  #### 'threadPriority'........................................................50 (default)
[wbmm_mpc_node-3] 
[wbmm_mpc_node-3]  #### HPIPM Settings:
[wbmm_mpc_node-3]  #### =============================================================================
[wbmm_mpc_node-3]  #### 'mode'...................................................................1 (default)
[wbmm_mpc_node-3]  #### 'iter_max'..............................................................30 (default)
[wbmm_mpc_node-3]  #### 'alpha_min'..........................................................1e-12 (default)
[wbmm_mpc_node-3]  #### 'mu0'...................................................................10 (default)
[wbmm_mpc_node-3]  #### 'tol_stat'...........................................................1e-06 (default)
[wbmm_mpc_node-3]  #### 'tol_eq'.............................................................1e-08 (default)
[wbmm_mpc_node-3]  #### 'tol_ineq'...........................................................1e-08 (default)
[wbmm_mpc_node-3]  #### 'tol_comp'...........................................................1e-08 (default)
[wbmm_mpc_node-3]  #### 'reg_prim'...........................................................1e-12 (default)
[wbmm_mpc_node-3]  #### 'warm_start'.............................................................0 (default)
[wbmm_mpc_node-3]  #### 'pred_corr'..............................................................1 (default)
[wbmm_mpc_node-3]  #### 'ric_alg'................................................................0 (default)
[wbmm_mpc_node-3]  #### =============================================================================
[wbmm_mpc_node-3]  #### =============================================================================
[wbmm_mpc_node-3] WARNING: Loaded at least one default value in matrix: "inputCost.R.base.wheelBasedMobileManipulator"
[whole_body_force_control_node-6] [INFO] [1791521220.949762859] [whole_body_force_control]: Ready: frame=odom axes=[fx,fy,fz] admittance_enable=true output=true
[wbmm_mpc_node-3] WARNING: Loaded at least one default value in matrix: "inputCost.R.arm"
[wbmm_mpc_node-3] 
[wbmm_mpc_node-3]  #### Input Cost Settings: 
[wbmm_mpc_node-3]  #### =============================================================================
[wbmm_mpc_node-3] inputCost.R:  
[wbmm_mpc_node-3] 0.25    0    0    0    0    0    0    0
[wbmm_mpc_node-3]    0    1    0    0    0    0    0    0
[wbmm_mpc_node-3]    0    0 0.01    0    0    0    0    0
[wbmm_mpc_node-3]    0    0    0 0.01    0    0    0    0
[wbmm_mpc_node-3]    0    0    0    0 0.01    0    0    0
[wbmm_mpc_node-3]    0    0    0    0    0 0.01    0    0
[wbmm_mpc_node-3]    0    0    0    0    0    0 0.01    0
[wbmm_mpc_node-3]    0    0    0    0    0    0    0 0.01
[wbmm_mpc_node-3]  #### =============================================================================
[wbmm_mpc_node-3]  #### 'activate'...............................................................1
[wbmm_mpc_node-3] 
[wbmm_mpc_node-3]  #### JointPositionLimits Settings: 
[wbmm_mpc_node-3]  #### =============================================================================
[wbmm_mpc_node-3]  #### lowerBound: -6.28 -1.48 -3.05 -1.48 -6.28 -6.28
[wbmm_mpc_node-3]  #### upperBound: 6.28 4.62 3.05 4.62 6.28 6.28
[wbmm_mpc_node-3]  #### 'mu'..................................................................0.01
[wbmm_mpc_node-3]  #### 'delta'..............................................................0.001
[wbmm_mpc_node-3]  #### =============================================================================
[wbmm_mpc_node-3] 
[wbmm_mpc_node-3]  #### JointVelocityLimits Settings: 
[wbmm_mpc_node-3]  #### =============================================================================
[wbmm_mpc_node-3]  #### 'lowerBound':  -0.1 -0.4 -0.2 -0.2 -0.2 -0.2 -0.2 -0.2
[wbmm_mpc_node-3]  #### 'upperBound':  0.1 0.4 0.2 0.2 0.2 0.2 0.2 0.2
[wbmm_mpc_node-3]  #### 'mu'..................................................................0.01
[wbmm_mpc_node-3]  #### 'delta'..............................................................0.001
[wbmm_mpc_node-3]  #### =============================================================================
[wbmm_mpc_node-3] 
[wbmm_mpc_node-3]  #### Dual-reference phase switching is ENABLED.
[wbmm_mpc_node-3]  #### wholeBodyTracking and endEffectorTracking are both registered and weighted by task phase.
[wbmm_mpc_node-3] WARNING: Loaded at least one default value in matrix: "wholeBodyTracking.Q.base"
[wbmm_mpc_node-3] WARNING: Loaded at least one default value in matrix: "wholeBodyTracking.Q.arm"
[wbmm_mpc_node-3] 
[wbmm_mpc_node-3]  #### wholeBodyTracking (intermediate) Settings: 
[wbmm_mpc_node-3]  #### =============================================================================
[wbmm_mpc_node-3]  #### stateDim : 9  (base 3 + arm 6)
[wbmm_mpc_node-3]  #### yawIndex : 2
[wbmm_mpc_node-3]  #### Q:
[wbmm_mpc_node-3] 5 0 0 0 0 0 0 0 0
[wbmm_mpc_node-3] 0 5 0 0 0 0 0 0 0
[wbmm_mpc_node-3] 0 0 2 0 0 0 0 0 0
[wbmm_mpc_node-3] 0 0 0 2 0 0 0 0 0
[wbmm_mpc_node-3] 0 0 0 0 2 0 0 0 0
[wbmm_mpc_node-3] 0 0 0 0 0 2 0 0 0
[wbmm_mpc_node-3] 0 0 0 0 0 0 2 0 0
[wbmm_mpc_node-3] 0 0 0 0 0 0 0 2 0
[wbmm_mpc_node-3] 0 0 0 0 0 0 0 0 2
[wbmm_mpc_node-3]  #### 参考轨迹来源: ROS topic <robot>_mpc_target (TargetTrajectories, 9 维 state)
[wbmm_mpc_node-3]  #### =============================================================================
[wbmm_mpc_node-3] WARNING: Loaded at least one default value in matrix: "endEffectorTracking.Q.position"
[wbmm_mpc_node-3] WARNING: Loaded at least one default value in matrix: "endEffectorTracking.Q.orientation"
[wbmm_mpc_node-3] 
[wbmm_mpc_node-3]  #### endEffectorTracking Settings: 
[wbmm_mpc_node-3]  #### =============================================================================
[wbmm_mpc_node-3]  #### Q.position:
[wbmm_mpc_node-3] 100   0   0
[wbmm_mpc_node-3]   0 100   0
[wbmm_mpc_node-3]   0   0 100
[wbmm_mpc_node-3]  #### Q.orientation:
[wbmm_mpc_node-3] 25  0  0
[wbmm_mpc_node-3]  0 25  0
[wbmm_mpc_node-3]  0  0 25
[wbmm_mpc_node-3]  #### =============================================================================
[wbmm_mpc_node-3] WARNING: Loaded at least one default value in matrix: "wholeBodyTracking.Q.base"
[wbmm_mpc_node-3] WARNING: Loaded at least one default value in matrix: "wholeBodyTracking.Q.arm"
[wbmm_mpc_node-3] 
[wbmm_mpc_node-3]  #### wholeBodyTracking (final) Settings: 
[wbmm_mpc_node-3]  #### =============================================================================
[wbmm_mpc_node-3]  #### stateDim : 9  (base 3 + arm 6)
[wbmm_mpc_node-3]  #### yawIndex : 2
[wbmm_mpc_node-3]  #### Q:
[wbmm_mpc_node-3] 5 0 0 0 0 0 0 0 0
[wbmm_mpc_node-3] 0 5 0 0 0 0 0 0 0
[wbmm_mpc_node-3] 0 0 2 0 0 0 0 0 0
[wbmm_mpc_node-3] 0 0 0 2 0 0 0 0 0
[wbmm_mpc_node-3] 0 0 0 0 2 0 0 0 0
[wbmm_mpc_node-3] 0 0 0 0 0 2 0 0 0
[wbmm_mpc_node-3] 0 0 0 0 0 0 2 0 0
[wbmm_mpc_node-3] 0 0 0 0 0 0 0 2 0
[wbmm_mpc_node-3] 0 0 0 0 0 0 0 0 2
[wbmm_mpc_node-3]  #### 参考轨迹来源: ROS topic <robot>_mpc_target (TargetTrajectories, 9 维 state)
[wbmm_mpc_node-3]  #### =============================================================================
[wbmm_mrt_node-4] model.nv = 9
[wbmm_mrt_node-4] model.nq = 9
[wbmm_mrt_node-4] model.njoints = 8
[wbmm_mrt_node-4] model.nbodies = 7
[wbmm_mrt_node-4] model.nframes = 69
[wbmm_mrt_node-4] 
[wbmm_mrt_node-4] Joints:
[wbmm_mrt_node-4]             universe:   ID = 0
[wbmm_mrt_node-4]           root_joint:   ID = 1
[wbmm_mrt_node-4]              joint_1:   ID = 2
[wbmm_mrt_node-4]              joint_2:   ID = 3
[wbmm_mrt_node-4]              joint_3:   ID = 4
[wbmm_mrt_node-4]              joint_4:   ID = 5
[wbmm_mrt_node-4]              joint_5:   ID = 6
[wbmm_mrt_node-4]              joint_6:   ID = 7
[wbmm_mrt_node-4] 
[wbmm_mrt_node-4] Frames:
[wbmm_mrt_node-4]             universe:   ID = 0, parent = 0, type = "FIXED_JOINT "
[wbmm_mrt_node-4]           root_joint:   ID = 1, parent = 1, type = "JOINT "
[wbmm_mrt_node-4]       base_footprint:   ID = 2, parent = 1, type = "BODY "
[wbmm_mrt_node-4] base_footprint_to_base_link:   ID = 3, parent = 1, type = "FIXED_JOINT "
[wbmm_mrt_node-4]            base_link:   ID = 4, parent = 1, type = "BODY "
[wbmm_mrt_node-4]         base_to_d455:   ID = 5, parent = 1, type = "FIXED_JOINT "
[wbmm_mrt_node-4]            d455_link:   ID = 6, parent = 1, type = "BODY "
[wbmm_mrt_node-4]          base_to_imu:   ID = 7, parent = 1, type = "FIXED_JOINT "
[wbmm_mrt_node-4]             imu_link:   ID = 8, parent = 1, type = "BODY "
[wbmm_mrt_node-4]         base_to_jaka:   ID = 9, parent = 1, type = "FIXED_JOINT "
[wbmm_mrt_node-4]       jaka_base_link:   ID = 10, parent = 1, type = "BODY "
[wbmm_mrt_node-4]                fixed:   ID = 11, parent = 1, type = "FIXED_JOINT "
[wbmm_mrt_node-4]               Link_0:   ID = 12, parent = 1, type = "BODY "
[wbmm_mrt_node-4]              joint_1:   ID = 13, parent = 2, type = "JOINT "
[wbmm_mrt_node-4]               Link_1:   ID = 14, parent = 2, type = "BODY "
[wbmm_mrt_node-4]              joint_2:   ID = 15, parent = 3, type = "JOINT "
[wbmm_mrt_node-4]               Link_2:   ID = 16, parent = 3, type = "BODY "
[wbmm_mrt_node-4]              joint_3:   ID = 17, parent = 4, type = "JOINT "
[wbmm_mrt_node-4]               Link_3:   ID = 18, parent = 4, type = "BODY "
[wbmm_mrt_node-4]              joint_4:   ID = 19, parent = 5, type = "JOINT "
[wbmm_mrt_node-4]               Link_4:   ID = 20, parent = 5, type = "BODY "
[wbmm_mrt_node-4]              joint_5:   ID = 21, parent = 6, type = "JOINT "
[wbmm_mrt_node-4]               Link_5:   ID = 22, parent = 6, type = "BODY "
[wbmm_mrt_node-4]              joint_6:   ID = 23, parent = 7, type = "JOINT "
[wbmm_mrt_node-4]               Link_6:   ID = 24, parent = 7, type = "BODY "
[wbmm_mrt_node-4]              fixed_2:   ID = 25, parent = 7, type = "FIXED_JOINT "
[wbmm_mrt_node-4]            Link_6_45:   ID = 26, parent = 7, type = "BODY "
[wbmm_mrt_node-4]   jk_se_vi_200_joint:   ID = 27, parent = 7, type = "FIXED_JOINT "
[wbmm_mrt_node-4]    jk_se_vi_200_link:   ID = 28, parent = 7, type = "BODY "
[wbmm_mrt_node-4] tool0_and_camera_link_joint:   ID = 29, parent = 7, type = "FIXED_JOINT "
[wbmm_mrt_node-4] tool0_and_camera_link:   ID = 30, parent = 7, type = "BODY "
[wbmm_mrt_node-4]          d435i_joint:   ID = 31, parent = 7, type = "FIXED_JOINT "
[wbmm_mrt_node-4]           d435i_link:   ID = 32, parent = 7, type = "BODY "
[wbmm_mrt_node-4]          tool0_joint:   ID = 33, parent = 7, type = "FIXED_JOINT "
[wbmm_mrt_node-4]                tool0:   ID = 34, parent = 7, type = "BODY "
[wbmm_mrt_node-4]        base_to_laser:   ID = 35, parent = 1, type = "FIXED_JOINT "
[wbmm_mrt_node-4]           laser_link:   ID = 36, parent = 1, type = "BODY "
[wbmm_mrt_node-4]      fl_castor_wheel:   ID = 37, parent = 1, type = "FIXED_JOINT "
[wbmm_mrt_node-4]       fl_castor_link:   ID = 38, parent = 1, type = "BODY "
[wbmm_mrt_node-4]             fl_wheel:   ID = 39, parent = 1, type = "FIXED_JOINT "
[wbmm_mrt_node-4]        fl_wheel_link:   ID = 40, parent = 1, type = "BODY "
[wbmm_mrt_node-4]      fr_castor_wheel:   ID = 41, parent = 1, type = "FIXED_JOINT "
[wbmm_mrt_node-4]       fr_castor_link:   ID = 42, parent = 1, type = "BODY "
[wbmm_mrt_node-4]             fr_wheel:   ID = 43, parent = 1, type = "FIXED_JOINT "
[wbmm_mrt_node-4]        fr_wheel_link:   ID = 44, parent = 1, type = "BODY "
[wbmm_mrt_node-4]       inertial_joint:   ID = 45, parent = 1, type = "FIXED_JOINT "
[wbmm_mrt_node-4]        inertial_link:   ID = 46, parent = 1, type = "BODY "
[wbmm_mrt_node-4] joint_aluminium_2_base_link:   ID = 47, parent = 1, type = "FIXED_JOINT "
[wbmm_mrt_node-4] aluminium_2_base_link:   ID = 48, parent = 1, type = "BODY "
[wbmm_mrt_node-4] joint_aluminium_3_base_link:   ID = 49, parent = 1, type = "FIXED_JOINT "
[wbmm_mrt_node-4] aluminium_3_base_link:   ID = 50, parent = 1, type = "BODY "
[wbmm_mrt_node-4] joint_aluminium_4_base_link:   ID = 51, parent = 1, type = "FIXED_JOINT "
[wbmm_mrt_node-4] aluminium_4_base_link:   ID = 52, parent = 1, type = "BODY "
[wbmm_mrt_node-4] joint_aluminium_base_link:   ID = 53, parent = 1, type = "FIXED_JOINT "
[wbmm_mrt_node-4]  aluminium_base_link:   ID = 54, parent = 1, type = "BODY "
[wbmm_mrt_node-4]           left_wheel:   ID = 55, parent = 1, type = "FIXED_JOINT "
[wbmm_mrt_node-4]      left_wheel_link:   ID = 56, parent = 1, type = "BODY "
[wbmm_mrt_node-4]          right_wheel:   ID = 57, parent = 1, type = "FIXED_JOINT "
[wbmm_mrt_node-4]     right_wheel_link:   ID = 58, parent = 1, type = "BODY "
[wbmm_mrt_node-4]      rl_castor_wheel:   ID = 59, parent = 1, type = "FIXED_JOINT "
[wbmm_mrt_node-4]       rl_castor_link:   ID = 60, parent = 1, type = "BODY "
[wbmm_mrt_node-4]             rl_wheel:   ID = 61, parent = 1, type = "FIXED_JOINT "
[wbmm_mrt_node-4]        rl_wheel_link:   ID = 62, parent = 1, type = "BODY "
[wbmm_mrt_node-4]      rr_castor_wheel:   ID = 63, parent = 1, type = "FIXED_JOINT "
[wbmm_mrt_node-4]       rr_castor_link:   ID = 64, parent = 1, type = "BODY "
[wbmm_mrt_node-4]             rr_wheel:   ID = 65, parent = 1, type = "FIXED_JOINT "
[wbmm_mrt_node-4]        rr_wheel_link:   ID = 66, parent = 1, type = "BODY "
[wbmm_mrt_node-4]          tracer_base:   ID = 67, parent = 1, type = "FIXED_JOINT "
[wbmm_mrt_node-4]     urbase_base_link:   ID = 68, parent = 1, type = "BODY "
[wbmm_mrt_node-4] 
[wbmm_mrt_node-4]  #### Model Settings:
[wbmm_mrt_node-4]  #### =============================================================================
[wbmm_mrt_node-4]  #### 'usePreComputation'......................................................1
[wbmm_mrt_node-4]  #### 'recompileLibraries'.....................................................1
[wbmm_mrt_node-4]  #### =============================================================================
[wbmm_mrt_node-4] Initial State:          0        0        0        0   1.5707        0   1.5707  3.14159 0.785398
[wbmm_mrt_node-4] 
[wbmm_mrt_node-4]  #### DDP Settings: 
[wbmm_mrt_node-4]  #### =============================================================================
[wbmm_mrt_node-4]  #### 'algorithm'............................................................SLQ
[wbmm_mrt_node-4]  #### 'nThreads'...............................................................3
[wbmm_mrt_node-4]  #### 'threadPriority'........................................................50
[wbmm_mrt_node-4]  #### 'maxNumIterations'.......................................................1
[wbmm_mrt_node-4]  #### 'minRelCost'...........................................................0.1
[wbmm_mrt_node-4]  #### 'constraintTolerance'................................................0.001
[wbmm_mrt_node-4]  #### 'displayInfo'............................................................0
[wbmm_mrt_node-4]  #### 'displayShortSummary'....................................................0
[wbmm_mrt_node-4]  #### 'checkNumericalStability'................................................0
[wbmm_mrt_node-4]  #### 'debugPrintRollout'......................................................0
[wbmm_mrt_node-4]  #### 'AbsTolODE'..........................................................1e-05
[wbmm_mrt_node-4]  #### 'RelTolODE'..........................................................0.001
[wbmm_mrt_node-4]  #### 'maxNumStepsPerSecond'..............................................100000
[wbmm_mrt_node-4]  #### 'timeStep'...........................................................0.001
[wbmm_mrt_node-4]  #### 'backwardPassIntegratorType'.........................................ODE45
[wbmm_mrt_node-4]  #### 'constraintPenaltyInitialValue'.........................................20
[wbmm_mrt_node-4]  #### 'constraintPenaltyIncreaseRate'..........................................2
[wbmm_mrt_node-4]  #### 'preComputeRiccatiTerms'.................................................1
[wbmm_mrt_node-4]  #### 'useFeedbackPolicy'......................................................1
[wbmm_mrt_node-4]  #### 'riskSensitiveCoeff'.....................................................0 (default)
[wbmm_mrt_node-4]  #### 'strategy'.....................................................LINE_SEARCH
[wbmm_mpc_node-3] WARNING: Loaded at least one default value in matrix: "endEffectorTracking.Q.position"
[wbmm_mrt_node-4]  #### LINE_SEARCH Settings: {
[wbmm_mrt_node-4]  #### 'minStepLength'.......................................................0.01
[wbmm_mrt_node-4]  #### 'maxStepLength'..........................................................1
[wbmm_mrt_node-4]  #### 'contractionRate'......................................................0.5 (default)
[wbmm_mrt_node-4]  #### 'armijoCoefficient'.................................................0.0001 (default)
[wbmm_mrt_node-4]  #### 'hessianCorrectionStrategy'.................................DIAGONAL_SHIFT
[wbmm_mrt_node-4]  #### 'hessianCorrectionMultiple'..........................................0.001
[wbmm_mrt_node-4]  #### }
[wbmm_mrt_node-4]  #### =============================================================================
[wbmm_mpc_node-3] WARNING: Loaded at least one default value in matrix: "endEffectorTracking.Q.orientation"
[wbmm_mpc_node-3] 
[wbmm_mpc_node-3]  #### endEffectorTracking Settings: 
[wbmm_mpc_node-3]  #### =============================================================================
[wbmm_mpc_node-3]  #### Q.position:
[wbmm_mpc_node-3] 100   0   0
[wbmm_mpc_node-3]   0 100   0
[wbmm_mpc_node-3]   0   0 100
[wbmm_mpc_node-3]  #### Q.orientation:
[wbmm_mpc_node-3] 25  0  0
[wbmm_mpc_node-3]  0 25  0
[wbmm_mpc_node-3]  0  0 25
[wbmm_mpc_node-3]  #### =============================================================================
[wbmm_mpc_node-3] 
[wbmm_mpc_node-3]  #### Arm Manipulability Settings:
[wbmm_mpc_node-3]  #### =============================================================================
[wbmm_mpc_node-3]  #### frameName: tool0
[wbmm_mpc_node-3]  #### stateFrame: odom
[wbmm_mpc_node-3]  #### metrics.scope/task/scaling: arm / pose / characteristic_length
[wbmm_mpc_node-3]  #### term: process/evaluator, normalized: 1, weightScale: 1, sigma: 1 ref=0.12 weight=0.5, Yoshikawa: 0 ref=0.0015 weight=0.005
[wbmm_mpc_node-3]  #### =============================================================================
[wbmm_mrt_node-4] 
[wbmm_mrt_node-4]  #### MPC Settings:
[wbmm_mrt_node-4]  #### =============================================================================
[wbmm_mrt_node-4]  #### 'timeHorizon'............................................................2
[wbmm_mrt_node-4]  #### 'solutionTimeWindow'...................................................0.2
[wbmm_mrt_node-4]  #### 'coldStart'..............................................................0
[wbmm_mrt_node-4]  #### 'debugPrint'.............................................................0
[wbmm_mrt_node-4]  #### 'mpcDesiredFrequency'..................................................100
[wbmm_mrt_node-4]  #### 'mrtDesiredFrequency'..................................................100 (default)
[wbmm_mrt_node-4]  #### =============================================================================
[wbmm_mpc_node-3] 
[wbmm_mpc_node-3]  #### Arm Manipulability Settings:
[wbmm_mpc_node-3]  #### =============================================================================
[wbmm_mpc_node-3]  #### frameName: tool0
[wbmm_mpc_node-3]  #### stateFrame: odom
[wbmm_mpc_node-3]  #### metrics.scope/task/scaling: arm / pose / characteristic_length
[wbmm_mpc_node-3]  #### term: terminal, normalized: 1, weightScale: 1, sigma: 1 ref=0.12 weight=0.5, Yoshikawa: 0 ref=0.0015 weight=0.005
[wbmm_mpc_node-3]  #### =============================================================================
[wbmm_mpc_node-3] 
[wbmm_mpc_node-3]  #### Arm Manipulability Settings:
[wbmm_mpc_node-3]  #### =============================================================================
[wbmm_mpc_node-3]  #### frameName: tool0
[wbmm_mpc_node-3]  #### stateFrame: odom
[wbmm_mpc_node-3]  #### metrics.scope/task/scaling: arm / pose / characteristic_length
[wbmm_mpc_node-3]  #### term: process/evaluator, normalized: 1, weightScale: 1, sigma: 1 ref=0.12 weight=0.5, Yoshikawa: 0 ref=0.0015 weight=0.005
[wbmm_mpc_node-3]  #### =============================================================================
[wbmm_mpc_node-3]  #### 'activate'...............................................................1
[wbmm_mpc_node-3] 
[wbmm_mpc_node-3]  #### SelfCollision Settings: 
[wbmm_mpc_node-3]  #### =============================================================================
[wbmm_mpc_node-3]  #### 'mu'..................................................................0.01
[wbmm_mpc_node-3]  #### 'delta'..............................................................0.001
[wbmm_mpc_node-3]  #### 'minimumDistance'.....................................................0.02
[wbmm_mpc_node-3]  #### 'selfCollision.collisionObjectPairs': { }
[wbmm_mrt_node-4] 
[wbmm_mrt_node-4]  #### Multiple-Shooting SQP Settings:
[wbmm_mrt_node-4]  #### =============================================================================
[wbmm_mrt_node-4]  #### 'sqpIteration'..........................................................10 (default)
[wbmm_mrt_node-4]  #### 'deltaTol'...........................................................1e-06 (default)
[wbmm_mrt_node-4]  #### 'alpha_decay'..........................................................0.5 (default)
[wbmm_mrt_node-4]  #### 'alpha_min'.........................................................0.0001 (default)
[wbmm_mrt_node-4]  #### 'gamma_c'............................................................1e-06 (default)
[wbmm_mrt_node-4]  #### 'g_max'..............................................................1e+06 (default)
[wbmm_mrt_node-4]  #### 'g_min'..............................................................1e-06 (default)
[wbmm_mrt_node-4]  #### 'armijoFactor'......................................................0.0001 (default)
[wbmm_mrt_node-4]  #### 'costTol'...........................................................0.0001 (default)
[wbmm_mrt_node-4]  #### 'dt'..................................................................0.01 (default)
[wbmm_mrt_node-4]  #### 'useFeedbackPolicy'......................................................1 (default)
[wbmm_mrt_node-4]  #### 'createValueFunction'....................................................0 (default)
[wbmm_mpc_node-3]  #### 'selfCollision.collisionLinkPairs': {[base_link, Link_2], [base_link, Link_3], [base_link, Link_4], [base_link, Link_5], [base_link, Link_6], [base_link, tool0_and_camera_link], [base_link, d435i_link], [Link_0, Link_2], [Link_0, Link_3], [Link_1, Link_3], [Link_1, Link_4], [Link_2, Link_4], [Link_2, Link_5], [Link_3, Link_5], [Link_3, Link_6], [Link_4, Link_6], [Link_0, tool0_and_camera_link], [Link_1, tool0_and_camera_link], [Link_2, tool0_and_camera_link], [Link_3, tool0_and_camera_link], [Link_4, tool0_and_camera_link], [Link_5, tool0_and_camera_link], [Link_0, d435i_link], [Link_1, d435i_link], [Link_2, d435i_link], [Link_3, d435i_link], [Link_4, d435i_link], [Link_5, d435i_link], }
[wbmm_mpc_node-3]  #### minimumDistance: 0.02 (minimum allowed distance)
[wbmm_mpc_node-3]  #### activationDistance: 0.05 (penalty only active when distance < this value)
[wbmm_mpc_node-3]  #### =============================================================================
[wbmm_mrt_node-4]  #### 'integratorType'.......................................................RK2 (default)
[wbmm_mrt_node-4]  #### 'inequalityConstraintMu'.................................................0 (default)
[wbmm_mrt_node-4]  #### 'inequalityConstraintDelta'..........................................1e-06 (default)
[wbmm_mrt_node-4]  #### 'projectStateInputEqualityConstraints'...................................1 (default)
[wbmm_mrt_node-4]  #### 'extractProjectionMultiplier'............................................0 (default)
[wbmm_mrt_node-4]  #### 'printSolverStatus'......................................................0 (default)
[wbmm_mrt_node-4]  #### 'printSolverStatistics'..................................................0 (default)
[wbmm_mrt_node-4]  #### 'printLinesearch'........................................................0 (default)
[wbmm_mrt_node-4]  #### 'enableLogging'..........................................................1 (default)
[wbmm_mrt_node-4]  #### 'logSize'.............................................................1000 (default)
[wbmm_mrt_node-4]  #### 'logFilePath'.........................................../tmp/ocs2/sqp_log/ (default)
[wbmm_mrt_node-4]  #### 'nThreads'...............................................................4 (default)
[wbmm_mrt_node-4]  #### 'threadPriority'........................................................50 (default)
[wbmm_mrt_node-4] 
[wbmm_mrt_node-4]  #### HPIPM Settings:
[wbmm_mrt_node-4]  #### =============================================================================
[wbmm_mrt_node-4]  #### 'mode'...................................................................1 (default)
[wbmm_mrt_node-4]  #### 'iter_max'..............................................................30 (default)
[wbmm_mrt_node-4]  #### 'alpha_min'..........................................................1e-12 (default)
[wbmm_mrt_node-4]  #### 'mu0'...................................................................10 (default)
[wbmm_mrt_node-4]  #### 'tol_stat'...........................................................1e-06 (default)
[wbmm_mrt_node-4]  #### 'tol_eq'.............................................................1e-08 (default)
[wbmm_mrt_node-4]  #### 'tol_ineq'...........................................................1e-08 (default)
[wbmm_mrt_node-4]  #### 'tol_comp'...........................................................1e-08 (default)
[wbmm_mrt_node-4]  #### 'reg_prim'...........................................................1e-12 (default)
[wbmm_mrt_node-4]  #### 'warm_start'.............................................................0 (default)
[wbmm_mrt_node-4]  #### 'pred_corr'..............................................................1 (default)
[wbmm_mrt_node-4]  #### 'ric_alg'................................................................0 (default)
[wbmm_mrt_node-4]  #### =============================================================================
[wbmm_mrt_node-4]  #### =============================================================================
[wbmm_mrt_node-4] WARNING: Loaded at least one default value in matrix: "inputCost.R.base.wheelBasedMobileManipulator"
[wbmm_mrt_node-4] WARNING: Loaded at least one default value in matrix: "inputCost.R.arm"
[wbmm_mrt_node-4] 
[wbmm_mrt_node-4]  #### Input Cost Settings: 
[wbmm_mrt_node-4]  #### =============================================================================
[wbmm_mrt_node-4] inputCost.R:  
[wbmm_mrt_node-4] 0.25    0    0    0    0    0    0    0
[wbmm_mrt_node-4]    0    1    0    0    0    0    0    0
[wbmm_mrt_node-4]    0    0 0.01    0    0    0    0    0
[wbmm_mrt_node-4]    0    0    0 0.01    0    0    0    0
[wbmm_mrt_node-4]    0    0    0    0 0.01    0    0    0
[wbmm_mrt_node-4]    0    0    0    0    0 0.01    0    0
[wbmm_mrt_node-4]    0    0    0    0    0    0 0.01    0
[wbmm_mrt_node-4]    0    0    0    0    0    0    0 0.01
[wbmm_mrt_node-4]  #### =============================================================================
[wbmm_mrt_node-4]  #### 'activate'...............................................................1
[wbmm_mrt_node-4] 
[wbmm_mrt_node-4]  #### JointPositionLimits Settings: 
[wbmm_mrt_node-4]  #### =============================================================================
[wbmm_mrt_node-4]  #### lowerBound: -6.28 -1.48 -3.05 -1.48 -6.28 -6.28
[wbmm_mrt_node-4]  #### upperBound: 6.28 4.62 3.05 4.62 6.28 6.28
[wbmm_mrt_node-4]  #### 'mu'..................................................................0.01
[wbmm_mrt_node-4]  #### 'delta'..............................................................0.001
[wbmm_mrt_node-4]  #### =============================================================================
[wbmm_mpc_node-3] SelfCollision: Testing for 139 collision pairs
[wbmm_mpc_node-3] [CppAdInterface] Compiling Shared Library: /tmp/wbmm_force_mpc/auto_generated/mpc/dynamics_flow_map/cppad_generated/dynamics_flow_map_libcppadcg_tmp-92279165.so
[wbmm_mrt_node-4] 
[wbmm_mrt_node-4]  #### JointVelocityLimits Settings: 
[wbmm_mrt_node-4]  #### =============================================================================
[wbmm_mrt_node-4]  #### 'lowerBound':  -0.1 -0.4 -0.2 -0.2 -0.2 -0.2 -0.2 -0.2
[wbmm_mrt_node-4]  #### 'upperBound':  0.1 0.4 0.2 0.2 0.2 0.2 0.2 0.2
[wbmm_mrt_node-4]  #### 'mu'..................................................................0.01
[wbmm_mrt_node-4]  #### 'delta'..............................................................0.001
[wbmm_mrt_node-4]  #### =============================================================================
[wbmm_mrt_node-4] 
[wbmm_mrt_node-4]  #### Dual-reference phase switching is ENABLED.
[wbmm_mrt_node-4]  #### wholeBodyTracking and endEffectorTracking are both registered and weighted by task phase.
[wbmm_mrt_node-4] WARNING: Loaded at least one default value in matrix: "wholeBodyTracking.Q.base"
[wbmm_mrt_node-4] WARNING: Loaded at least one default value in matrix: "wholeBodyTracking.Q.arm"
[wbmm_mrt_node-4] 
[wbmm_mrt_node-4]  #### wholeBodyTracking (intermediate) Settings: 
[wbmm_mrt_node-4]  #### =============================================================================
[wbmm_mrt_node-4]  #### stateDim : 9  (base 3 + arm 6)
[wbmm_mrt_node-4]  #### yawIndex : 2
[wbmm_mrt_node-4]  #### Q:
[wbmm_mrt_node-4] 5 0 0 0 0 0 0 0 0
[wbmm_mrt_node-4] 0 5 0 0 0 0 0 0 0
[wbmm_mrt_node-4] 0 0 2 0 0 0 0 0 0
[wbmm_mrt_node-4] 0 0 0 2 0 0 0 0 0
[wbmm_mrt_node-4] 0 0 0 0 2 0 0 0 0
[wbmm_mrt_node-4] 0 0 0 0 0 2 0 0 0
[wbmm_mrt_node-4] 0 0 0 0 0 0 2 0 0
[wbmm_mrt_node-4] 0 0 0 0 0 0 0 2 0
[wbmm_mrt_node-4] 0 0 0 0 0 0 0 0 2
[wbmm_mrt_node-4]  #### 参考轨迹来源: ROS topic <robot>_mpc_target (TargetTrajectories, 9 维 state)
[wbmm_mrt_node-4]  #### =============================================================================
[wbmm_mrt_node-4] WARNING: Loaded at least one default value in matrix: "endEffectorTracking.Q.position"
[wbmm_mrt_node-4] WARNING: Loaded at least one default value in matrix: "endEffectorTracking.Q.orientation"
[wbmm_mrt_node-4] 
[wbmm_mrt_node-4]  #### endEffectorTracking Settings: 
[wbmm_mrt_node-4]  #### =============================================================================
[wbmm_mrt_node-4]  #### Q.position:
[wbmm_mrt_node-4] 100   0   0
[wbmm_mrt_node-4]   0 100   0
[wbmm_mrt_node-4]   0   0 100
[wbmm_mrt_node-4]  #### Q.orientation:
[wbmm_mrt_node-4] 25  0  0
[wbmm_mrt_node-4]  0 25  0
[wbmm_mrt_node-4]  0  0 25
[wbmm_mrt_node-4]  #### =============================================================================
[virtual_wrench_node-7] [WARN] [1791521220.971252967] [virtual_force_publisher]: Virtual command TF not ready: "jk_se_vi_200_link" passed to lookupTransform argument target_frame does not exist. 
[wbmm_mrt_node-4] WARNING: Loaded at least one default value in matrix: "wholeBodyTracking.Q.base"
[wbmm_mrt_node-4] WARNING: Loaded at least one default value in matrix: "wholeBodyTracking.Q.arm"
[wbmm_mrt_node-4] 
[wbmm_mrt_node-4]  #### wholeBodyTracking (final) Settings: 
[wbmm_mrt_node-4]  #### =============================================================================
[wbmm_mrt_node-4]  #### stateDim : 9  (base 3 + arm 6)
[wbmm_mrt_node-4]  #### yawIndex : 2
[wbmm_mrt_node-4]  #### Q:
[wbmm_mrt_node-4] 5 0 0 0 0 0 0 0 0
[wbmm_mrt_node-4] 0 5 0 0 0 0 0 0 0
[wbmm_mrt_node-4] 0 0 2 0 0 0 0 0 0
[wbmm_mrt_node-4] 0 0 0 2 0 0 0 0 0
[wbmm_mrt_node-4] 0 0 0 0 2 0 0 0 0
[wbmm_mrt_node-4] 0 0 0 0 0 2 0 0 0
[wbmm_mrt_node-4] 0 0 0 0 0 0 2 0 0
[wbmm_mrt_node-4] 0 0 0 0 0 0 0 2 0
[wbmm_mrt_node-4] 0 0 0 0 0 0 0 0 2
[wbmm_mrt_node-4]  #### 参考轨迹来源: ROS topic <robot>_mpc_target (TargetTrajectories, 9 维 state)
[wbmm_mrt_node-4]  #### =============================================================================
[wbmm_mrt_node-4] WARNING: Loaded at least one default value in matrix: "endEffectorTracking.Q.position"
[wbmm_mrt_node-4] WARNING: Loaded at least one default value in matrix: "endEffectorTracking.Q.orientation"
[wbmm_mrt_node-4] 
[wbmm_mrt_node-4]  #### endEffectorTracking Settings: 
[wbmm_mrt_node-4]  #### =============================================================================
[wbmm_mrt_node-4]  #### Q.position:
[wbmm_mrt_node-4] 100   0   0
[wbmm_mrt_node-4]   0 100   0
[wbmm_mrt_node-4]   0   0 100
[wbmm_mrt_node-4]  #### Q.orientation:
[wbmm_mrt_node-4] 25  0  0
[wbmm_mrt_node-4]  0 25  0
[wbmm_mrt_node-4]  0  0 25
[wbmm_mrt_node-4]  #### =============================================================================
[wbmm_mrt_node-4] 
[wbmm_mrt_node-4]  #### Arm Manipulability Settings:
[wbmm_mrt_node-4]  #### =============================================================================
[wbmm_mrt_node-4]  #### frameName: tool0
[wbmm_mrt_node-4]  #### stateFrame: odom
[wbmm_mrt_node-4]  #### metrics.scope/task/scaling: arm / pose / characteristic_length
[wbmm_mrt_node-4]  #### term: process/evaluator, normalized: 1, weightScale: 1, sigma: 1 ref=0.12 weight=0.5, Yoshikawa: 0 ref=0.0015 weight=0.005
[wbmm_mrt_node-4]  #### =============================================================================
[wbmm_mrt_node-4] 
[wbmm_mrt_node-4]  #### Arm Manipulability Settings:
[wbmm_mrt_node-4]  #### =============================================================================
[wbmm_mrt_node-4]  #### frameName: tool0
[wbmm_mrt_node-4]  #### stateFrame: odom
[wbmm_mrt_node-4]  #### metrics.scope/task/scaling: arm / pose / characteristic_length
[wbmm_mrt_node-4]  #### term: terminal, normalized: 1, weightScale: 1, sigma: 1 ref=0.12 weight=0.5, Yoshikawa: 0 ref=0.0015 weight=0.005
[wbmm_mrt_node-4]  #### =============================================================================
[wbmm_mrt_node-4] 
[wbmm_mrt_node-4]  #### Arm Manipulability Settings:
[wbmm_mrt_node-4]  #### =============================================================================
[wbmm_mrt_node-4]  #### frameName: tool0
[wbmm_mrt_node-4]  #### stateFrame: odom
[wbmm_mrt_node-4]  #### metrics.scope/task/scaling: arm / pose / characteristic_length
[wbmm_mrt_node-4]  #### term: process/evaluator, normalized: 1, weightScale: 1, sigma: 1 ref=0.12 weight=0.5, Yoshikawa: 0 ref=0.0015 weight=0.005
[wbmm_mrt_node-4]  #### =============================================================================
[wbmm_mrt_node-4]  #### 'activate'...............................................................1
[wbmm_mrt_node-4] 
[wbmm_mrt_node-4]  #### SelfCollision Settings: 
[wbmm_mrt_node-4]  #### =============================================================================
[wbmm_mrt_node-4]  #### 'mu'..................................................................0.01
[wbmm_mrt_node-4]  #### 'delta'..............................................................0.001
[wbmm_mrt_node-4]  #### 'minimumDistance'.....................................................0.02
[wbmm_mrt_node-4]  #### 'selfCollision.collisionObjectPairs': { }
[wbmm_mrt_node-4]  #### 'selfCollision.collisionLinkPairs': {[base_link, Link_2], [base_link, Link_3], [base_link, Link_4], [base_link, Link_5], [base_link, Link_6], [base_link, tool0_and_camera_link], [base_link, d435i_link], [Link_0, Link_2], [Link_0, Link_3], [Link_1, Link_3], [Link_1, Link_4], [Link_2, Link_4], [Link_2, Link_5], [Link_3, Link_5], [Link_3, Link_6], [Link_4, Link_6], [Link_0, tool0_and_camera_link], [Link_1, tool0_and_camera_link], [Link_2, tool0_and_camera_link], [Link_3, tool0_and_camera_link], [Link_4, tool0_and_camera_link], [Link_5, tool0_and_camera_link], [Link_0, d435i_link], [Link_1, d435i_link], [Link_2, d435i_link], [Link_3, d435i_link], [Link_4, d435i_link], [Link_5, d435i_link], }
[wbmm_mrt_node-4]  #### minimumDistance: 0.02 (minimum allowed distance)
[wbmm_mrt_node-4]  #### activationDistance: 0.05 (penalty only active when distance < this value)
[wbmm_mrt_node-4]  #### =============================================================================
[wbmm_mrt_node-4] SelfCollision: Testing for 139 collision pairs
[wbmm_mrt_node-4] [CppAdInterface] Compiling Shared Library: /tmp/wbmm_force_mpc/auto_generated/mrt/dynamics_flow_map/cppad_generated/dynamics_flow_map_libcppadcg_tmp26079167.so
[robot_state_publisher-2] [INFO] [1791521220.991730595] [robot_state_publisher]: got segment Link_0
[robot_state_publisher-2] [INFO] [1791521220.991832034] [robot_state_publisher]: got segment Link_1
[robot_state_publisher-2] [INFO] [1791521220.991841990] [robot_state_publisher]: got segment Link_2
[robot_state_publisher-2] [INFO] [1791521220.991849269] [robot_state_publisher]: got segment Link_3
[robot_state_publisher-2] [INFO] [1791521220.991856146] [robot_state_publisher]: got segment Link_4
[robot_state_publisher-2] [INFO] [1791521220.991862980] [robot_state_publisher]: got segment Link_5
[robot_state_publisher-2] [INFO] [1791521220.991869961] [robot_state_publisher]: got segment Link_6
[robot_state_publisher-2] [INFO] [1791521220.991877067] [robot_state_publisher]: got segment Link_6_45
[robot_state_publisher-2] [INFO] [1791521220.991885136] [robot_state_publisher]: got segment aluminium_2_base_link
[robot_state_publisher-2] [INFO] [1791521220.991892843] [robot_state_publisher]: got segment aluminium_3_base_link
[robot_state_publisher-2] [INFO] [1791521220.991899883] [robot_state_publisher]: got segment aluminium_4_base_link
[robot_state_publisher-2] [INFO] [1791521220.991906936] [robot_state_publisher]: got segment aluminium_base_link
[robot_state_publisher-2] [INFO] [1791521220.991914141] [robot_state_publisher]: got segment base_footprint
[robot_state_publisher-2] [INFO] [1791521220.991921193] [robot_state_publisher]: got segment base_link
[robot_state_publisher-2] [INFO] [1791521220.991928210] [robot_state_publisher]: got segment d435i_link
[robot_state_publisher-2] [INFO] [1791521220.991935261] [robot_state_publisher]: got segment d455_link
[robot_state_publisher-2] [INFO] [1791521220.991942510] [robot_state_publisher]: got segment fl_castor_link
[robot_state_publisher-2] [INFO] [1791521220.991949577] [robot_state_publisher]: got segment fl_wheel_link
[robot_state_publisher-2] [INFO] [1791521220.991956559] [robot_state_publisher]: got segment fr_castor_link
[robot_state_publisher-2] [INFO] [1791521220.991963472] [robot_state_publisher]: got segment fr_wheel_link
[robot_state_publisher-2] [INFO] [1791521220.991970441] [robot_state_publisher]: got segment imu_link
[robot_state_publisher-2] [INFO] [1791521220.991977388] [robot_state_publisher]: got segment inertial_link
[robot_state_publisher-2] [INFO] [1791521220.991984427] [robot_state_publisher]: got segment jaka_base_link
[robot_state_publisher-2] [INFO] [1791521220.991991482] [robot_state_publisher]: got segment jk_se_vi_200_link
[robot_state_publisher-2] [INFO] [1791521220.991998716] [robot_state_publisher]: got segment laser_link
[robot_state_publisher-2] [INFO] [1791521220.992005626] [robot_state_publisher]: got segment left_wheel_link
[robot_state_publisher-2] [INFO] [1791521220.992012596] [robot_state_publisher]: got segment right_wheel_link
[robot_state_publisher-2] [INFO] [1791521220.992019568] [robot_state_publisher]: got segment rl_castor_link
[robot_state_publisher-2] [INFO] [1791521220.992026537] [robot_state_publisher]: got segment rl_wheel_link
[robot_state_publisher-2] [INFO] [1791521220.992033587] [robot_state_publisher]: got segment rr_castor_link
[robot_state_publisher-2] [INFO] [1791521220.992040559] [robot_state_publisher]: got segment rr_wheel_link
[robot_state_publisher-2] [INFO] [1791521220.992047492] [robot_state_publisher]: got segment tool0
[robot_state_publisher-2] [INFO] [1791521220.992054502] [robot_state_publisher]: got segment tool0_and_camera_link
[robot_state_publisher-2] [INFO] [1791521220.992062345] [robot_state_publisher]: got segment urbase_base_link
[wbmm_mpc_node-3] [CppAdInterface] Renaming /tmp/wbmm_force_mpc/auto_generated/mpc/dynamics_flow_map/cppad_generated/dynamics_flow_map_libcppadcg_tmp-92279165.so to /tmp/wbmm_force_mpc/auto_generated/mpc/dynamics_flow_map/cppad_generated/dynamics_flow_map_lib.so
[wbmm_mpc_node-3] [CppAdInterface] Compiling Shared Library: /tmp/wbmm_force_mpc/auto_generated/mpc/dynamics_jump_map/cppad_generated/dynamics_jump_map_libcppadcg_tmp-17079165.so
[wbmm_mrt_node-4] [CppAdInterface] Renaming /tmp/wbmm_force_mpc/auto_generated/mrt/dynamics_flow_map/cppad_generated/dynamics_flow_map_libcppadcg_tmp26079167.so to /tmp/wbmm_force_mpc/auto_generated/mrt/dynamics_flow_map/cppad_generated/dynamics_flow_map_lib.so
[wbmm_mrt_node-4] [CppAdInterface] Compiling Shared Library: /tmp/wbmm_force_mpc/auto_generated/mrt/dynamics_jump_map/cppad_generated/dynamics_jump_map_libcppadcg_tmp22279167.so
[wbmm_mpc_node-3] [CppAdInterface] Renaming /tmp/wbmm_force_mpc/auto_generated/mpc/dynamics_jump_map/cppad_generated/dynamics_jump_map_libcppadcg_tmp-17079165.so to /tmp/wbmm_force_mpc/auto_generated/mpc/dynamics_jump_map/cppad_generated/dynamics_jump_map_lib.so
[wbmm_mpc_node-3] [CppAdInterface] Compiling Shared Library: /tmp/wbmm_force_mpc/auto_generated/mpc/dynamics_guard_surfaces/cppad_generated/dynamics_guard_surfaces_libcppadcg_tmp-77679165.so
[wbmm_mrt_node-4] [CppAdInterface] Renaming /tmp/wbmm_force_mpc/auto_generated/mrt/dynamics_jump_map/cppad_generated/dynamics_jump_map_libcppadcg_tmp22279167.so to /tmp/wbmm_force_mpc/auto_generated/mrt/dynamics_jump_map/cppad_generated/dynamics_jump_map_lib.so
[wbmm_mrt_node-4] [CppAdInterface] Compiling Shared Library: /tmp/wbmm_force_mpc/auto_generated/mrt/dynamics_guard_surfaces/cppad_generated/dynamics_guard_surfaces_libcppadcg_tmp46279167.so
[wbmm_mpc_node-3] [CppAdInterface] Renaming /tmp/wbmm_force_mpc/auto_generated/mpc/dynamics_guard_surfaces/cppad_generated/dynamics_guard_surfaces_libcppadcg_tmp-77679165.so to /tmp/wbmm_force_mpc/auto_generated/mpc/dynamics_guard_surfaces/cppad_generated/dynamics_guard_surfaces_lib.so
[wbmm_mpc_node-3] 
[wbmm_mpc_node-3]  #### Rollout Settings: 
[wbmm_mpc_node-3]  #### =============================================================================
[wbmm_mpc_node-3]  #### 'AbsTolODE'..........................................................1e-05
[wbmm_mpc_node-3]  #### 'RelTolODE'..........................................................0.001
[wbmm_mpc_node-3]  #### 'maxNumStepsPerSecond'..............................................100000
[wbmm_mpc_node-3]  #### 'timeStep'............................................................0.01
[wbmm_mpc_node-3]  #### 'integratorType'.....................................................ODE45
[wbmm_mpc_node-3]  #### 'checkNumericalStability'................................................0
[wbmm_mpc_node-3]  #### 'reconstructInputTrajectory'.............................................1 (default)
[wbmm_mpc_node-3]  #### 'rootFindingAlgorithm'...................................................0 (default)
[wbmm_mpc_node-3]  #### 'maxSingleEventIterations'..............................................10 (default)
[wbmm_mpc_node-3]  #### 'useTrajectorySpreadingController'.......................................0 (default)
[wbmm_mpc_node-3]  #### =============================================================================
[wbmm_mpc_node-3] WARNING: Failed to set threads priority (one possible reason could be that the user and the group permissions are not set properly.)
[wbmm_mpc_node-3] WARNING: Failed to set threads priority (one possible reason could be that the user and the group permissions are not set properly.)
[wbmm_mpc_node-3] [INFO] [1791521221.647897196] [wbmm_mpc_node]: Task phase service : mobile_manipulator_set_task_phase
[wbmm_mpc_node-3] [INFO] [1791521221.647950052] [wbmm_mpc_node]: Task phase state   : mobile_manipulator_task_phase_state (latched)
[wbmm_mpc_node-3] [INFO] [1791521221.647961408] [wbmm_mpc_node]: Whole-body target: mobile_manipulator_whole_body_target
[wbmm_mpc_node-3] [INFO] [1791521221.647971802] [wbmm_mpc_node]: EE target       : /mobile_manipulator_ee_target
[wbmm_mpc_node-3] [INFO] [1791521221.647983969] [MPC_ROS_Interface]: MPC node is setting up ...
[wbmm_mpc_node-3] [INFO] [1791521221.649949325] [MPC_ROS_Interface]: Publishing SLQ-MPC messages on a separate thread.
[wbmm_mpc_node-3] [INFO] [1791521221.649969477] [MPC_ROS_Interface]: MPC node is ready.
[wbmm_mpc_node-3] [INFO] [1791521221.649974445] [MPC_ROS_Interface]: Start spinning now ...
[wbmm_mrt_node-4] [CppAdInterface] Renaming /tmp/wbmm_force_mpc/auto_generated/mrt/dynamics_guard_surfaces/cppad_generated/dynamics_guard_surfaces_libcppadcg_tmp46279167.so to /tmp/wbmm_force_mpc/auto_generated/mrt/dynamics_guard_surfaces/cppad_generated/dynamics_guard_surfaces_lib.so
[wbmm_mrt_node-4] 
[wbmm_mrt_node-4]  #### Rollout Settings: 
[wbmm_mrt_node-4]  #### =============================================================================
[wbmm_mrt_node-4]  #### 'AbsTolODE'..........................................................1e-05
[wbmm_mrt_node-4]  #### 'RelTolODE'..........................................................0.001
[wbmm_mrt_node-4]  #### 'maxNumStepsPerSecond'..............................................100000
[wbmm_mrt_node-4]  #### 'timeStep'............................................................0.01
[wbmm_mrt_node-4]  #### 'integratorType'.....................................................ODE45
[wbmm_mrt_node-4]  #### 'checkNumericalStability'................................................0
[wbmm_mrt_node-4]  #### 'reconstructInputTrajectory'.............................................1 (default)
[wbmm_mrt_node-4]  #### 'rootFindingAlgorithm'...................................................0 (default)
[wbmm_mrt_node-4]  #### 'maxSingleEventIterations'..............................................10 (default)
[wbmm_mrt_node-4]  #### 'useTrajectorySpreadingController'.......................................0 (default)
[wbmm_mrt_node-4]  #### =============================================================================
[wbmm_mrt_node-4] [INFO] [1791521221.680123298] [wbmm_mrt_node]: OCS2 model dims: state=9 input=8 arm=6
[wbmm_mrt_node-4] [INFO] [1791521221.680286215] [wbmm_mrt_node]: Task phase mode: ENABLED, initial phase=2
[wbmm_mrt_node-4] [INFO] [1791521221.688134411] [wbmm_mrt_node]: Publishing base commands as Twist on /base_controller/cmd_vel
[wbmm_mrt_node-4] [INFO] [1791521221.689055042] [wbmm_mrt_node]: Publishing arm position commands on /arm_controller/commands
[wbmm_mrt_node-4] [INFO] [1791521221.691577030] [wbmm_mrt_node]: Subscribing task phase state on mobile_manipulator_task_phase_state
[wbmm_mrt_node-4] [INFO] [1791521221.691618876] [wbmm_mrt_node]: Forward controller joint command order: [joint_1, joint_2, joint_3, joint_4, joint_5, joint_6]
[wbmm_mrt_node-4] [INFO] [1791521221.698448706] [MRT_ROS_Interface]: MRT node is setting up ...
[wbmm_mrt_node-4] [INFO] [1791521221.700077215] [MRT_ROS_Interface]: Publishing MRT messages on a separate thread.
[wbmm_mrt_node-4] [INFO] [1791521221.700100745] [MRT_ROS_Interface]: MRT node is ready.
[wbmm_mrt_node-4]  #### 'activate'...............................................................1
[wbmm_mrt_node-4]  #### 'selfCollision.collisionObjectPairs': { }
[wbmm_mrt_node-4]  #### 'selfCollision.collisionLinkPairs': {[base_link, Link_2], [base_link, Link_3], [base_link, Link_4], [base_link, Link_5], [base_link, Link_6], [base_link, tool0_and_camera_link], [base_link, d435i_link], [Link_0, Link_2], [Link_0, Link_3], [Link_1, Link_3], [Link_1, Link_4], [Link_2, Link_4], [Link_2, Link_5], [Link_3, Link_5], [Link_3, Link_6], [Link_4, Link_6], [Link_0, tool0_and_camera_link], [Link_1, tool0_and_camera_link], [Link_2, tool0_and_camera_link], [Link_3, tool0_and_camera_link], [Link_4, tool0_and_camera_link], [Link_5, tool0_and_camera_link], [Link_0, d435i_link], [Link_1, d435i_link], [Link_2, d435i_link], [Link_3, d435i_link], [Link_4, d435i_link], [Link_5, d435i_link], }
[wbmm_mrt_node-4] [WARN] [1791521221.706948025] [rcl.logging_rosout]: Publisher already registered for provided node name. If this is due to multiple nodes with the same name then all logs for that logger name will go out over the existing publisher. As soon as any node with that name is destructed it will unregister the publisher, preventing any further logs for that name from being published on the rosout topic.
[wbmm_mrt_node-4] [INFO] [1791521221.711046358] [wbmm_mrt_node]: [WbmmVisualization] 自碰撞距离可视化已启用 (activationDistance=0.050)。
[wbmm_mrt_node-4] [INFO] [1791521221.711387475] [wbmm_mrt_node]: [WbmmVisualization] environmentCollision.activate=false, 无障碍物可视化。
[wbmm_mrt_node-4] [INFO] [1791521221.711427365] [wbmm_mrt_node]: [WbmmVisualization] up. frame=odom, stateDim=9, eeFrame=tool0
[wbmm_mrt_node-4] [INFO] [1791521221.711440253] [wbmm_mrt_node]: Visualization enabled: every 6 cycles (approximately 20.8 Hz)
[wbmm_mrt_node-4] [INFO] [1791521221.711549883] [wbmm_mrt_node]: Waiting for odom and complete joint_states...
[wbmm_mrt_node-4] [INFO] [1791521221.712659998] [wbmm_mrt_node]: Received initial task phase: 2 (active=0)
[mujoco_bridge-1] [INFO] [1791521222.049046250] [mujoco_bridge]: Arm physical position servos: kp=[1000.0, 2500.0, 2000.0, 300.0, 300.0, 50.0] kv=[200.0, 250.0, 250.0, 15.0, 15.0, 1.0] integrator=3
[mujoco_bridge-1] [INFO] [1791521222.049715850] [mujoco_bridge]: Arm position servos: gravity/Coriolis feedforward enabled
[mujoco_bridge-1] [INFO] [1791521222.080144264] [mujoco_bridge]: Loaded /home/a/WBMM/install/tracer_jaka_mujoco/share/tracer_jaka_mujoco/models/scene_force_follow_infinite.xml  dt=0.0020  exact_base=True
[wbmm_mrt_node-4] [INFO] [1791521222.811696158] [wbmm_mrt_node]: Initial EE target: pos=(-0.138, -0.476, 0.510), quat=(1.000, 0.009, -0.000, -0.000)
[wbmm_mrt_node-4] [INFO] [1791521222.811932284] [MRT_ROS_Interface]: MPC node has been reset.
[wbmm_mrt_node-4] [INFO] [1791521222.811942555] [wbmm_mrt_node]: Waiting for first MPC policy...
[wbmm_mpc_node-3] 
[wbmm_mpc_node-3] #####################################################
[wbmm_mpc_node-3] #####################################################
[wbmm_mpc_node-3] #################  MPC is reset.  ###################
[wbmm_mpc_node-3] #####################################################
[wbmm_mpc_node-3] #####################################################
[whole_body_force_control_node-6] [INFO] [1791521222.814142893] [whole_body_force_control]: Captured nominal TCP axes in odom
[wbmm_mrt_node-4] [INFO] [1791521222.962767620] [wbmm_mrt_node]: Got first MPC policy. Entering MRT loop at 125.0 Hz
[wbmm_mrt_node-4] [INFO] [1791521222.963378157] [wbmm_mrt_node]: MPC policy window: 0.258 s (planEnd - mpcInitObservation.time).
[wbmm_mrt_node-4] [INFO] [1791521224.963402714] [wbmm_mrt_node]: [timing] ctrl_loop=125.5 Hz (target 125.0) | work avg=1.11 ms max=6.74 ms | MPC_policy_seen=70.0 Hz | plan_age avg=22.3 ms max=36.0 ms | sim/wall=0.878
[wbmm_mrt_node-4] [INFO] [1791521226.963448301] [wbmm_mrt_node]: [timing] ctrl_loop=125.0 Hz (target 125.0) | work avg=1.09 ms max=6.56 ms | MPC_policy_seen=72.5 Hz | plan_age avg=21.8 ms max=36.0 ms | sim/wall=0.874
[wbmm_mrt_node-4] [INFO] [1791521228.971322515] [wbmm_mrt_node]: [timing] ctrl_loop=125.0 Hz (target 125.0) | work avg=1.12 ms max=6.62 ms | MPC_policy_seen=74.2 Hz | plan_age avg=21.3 ms max=36.0 ms | sim/wall=0.867
[wbmm_mrt_node-4] [INFO] [1791521230.971458451] [wbmm_mrt_node]: [timing] ctrl_loop=124.0 Hz (target 125.0) | work avg=1.25 ms max=15.93 ms | MPC_policy_seen=70.5 Hz | plan_age avg=22.7 ms max=48.0 ms | sim/wall=0.862
[wbmm_mrt_node-4] [INFO] [1791521232.979405407] [wbmm_mrt_node]: [timing] ctrl_loop=125.0 Hz (target 125.0) | work avg=1.15 ms max=7.24 ms | MPC_policy_seen=70.2 Hz | plan_age avg=22.3 ms max=40.0 ms | sim/wall=0.863
[wbmm_mrt_node-4] [INFO] [1791521234.987442703] [wbmm_mrt_node]: [timing] ctrl_loop=125.0 Hz (target 125.0) | work avg=1.22 ms max=6.77 ms | MPC_policy_seen=71.2 Hz | plan_age avg=22.5 ms max=40.0 ms | sim/wall=0.876
[wbmm_mrt_node-4] [INFO] [1791521236.992393743] [wbmm_mrt_node]: [timing] ctrl_loop=124.7 Hz (target 125.0) | work avg=1.17 ms max=7.25 ms | MPC_policy_seen=71.3 Hz | plan_age avg=22.2 ms max=40.0 ms | sim/wall=0.876
[wbmm_mrt_node-4] [INFO] [1791521238.995421150] [wbmm_mrt_node]: [timing] ctrl_loop=125.3 Hz (target 125.0) | work avg=1.12 ms max=7.19 ms | MPC_policy_seen=71.9 Hz | plan_age avg=22.1 ms max=36.0 ms | sim/wall=0.877
[wbmm_mrt_node-4] [INFO] [1791521241.003540913] [wbmm_mrt_node]: [timing] ctrl_loop=125.0 Hz (target 125.0) | work avg=1.14 ms max=6.52 ms | MPC_policy_seen=70.7 Hz | plan_age avg=22.1 ms max=36.0 ms | sim/wall=0.874
[wbmm_mrt_node-4] [INFO] [1791521243.011448598] [wbmm_mrt_node]: [timing] ctrl_loop=125.0 Hz (target 125.0) | work avg=1.14 ms max=6.03 ms | MPC_policy_seen=67.7 Hz | plan_age avg=23.1 ms max=52.0 ms | sim/wall=0.865
[wbmm_mrt_node-4] [INFO] [1791521245.011517871] [wbmm_mrt_node]: [timing] ctrl_loop=125.0 Hz (target 125.0) | work avg=1.13 ms max=6.61 ms | MPC_policy_seen=70.0 Hz | plan_age avg=22.6 ms max=36.0 ms | sim/wall=0.866
[wbmm_mrt_node-4] [INFO] [1791521247.023114692] [wbmm_mrt_node]: [timing] ctrl_loop=124.8 Hz (target 125.0) | work avg=1.16 ms max=6.87 ms | MPC_policy_seen=70.6 Hz | plan_age avg=22.5 ms max=44.0 ms | sim/wall=0.871
[wbmm_mrt_node-4] [INFO] [1791521249.027557292] [wbmm_mrt_node]: [timing] ctrl_loop=125.2 Hz (target 125.0) | work avg=1.08 ms max=5.46 ms | MPC_policy_seen=72.8 Hz | plan_age avg=21.6 ms max=32.0 ms | sim/wall=0.866
[wbmm_mrt_node-4] [INFO] [1791521251.035615971] [wbmm_mrt_node]: [timing] ctrl_loop=125.0 Hz (target 125.0) | work avg=1.10 ms max=6.28 ms | MPC_policy_seen=73.2 Hz | plan_age avg=21.5 ms max=36.0 ms | sim/wall=0.869
[wbmm_mrt_node-4] [INFO] [1791521253.043509661] [wbmm_mrt_node]: [timing] ctrl_loop=125.0 Hz (target 125.0) | work avg=1.15 ms max=6.72 ms | MPC_policy_seen=66.7 Hz | plan_age avg=23.4 ms max=44.0 ms | sim/wall=0.865
[wbmm_mrt_node-4] [INFO] [1791521255.051414521] [wbmm_mrt_node]: [timing] ctrl_loop=125.0 Hz (target 125.0) | work avg=1.25 ms max=9.84 ms | MPC_policy_seen=70.7 Hz | plan_age avg=22.5 ms max=44.0 ms | sim/wall=0.859
[wbmm_mrt_node-4] [INFO] [1791521257.054485034] [wbmm_mrt_node]: [timing] ctrl_loop=124.8 Hz (target 125.0) | work avg=1.15 ms max=6.54 ms | MPC_policy_seen=70.4 Hz | plan_age avg=22.1 ms max=40.0 ms | sim/wall=0.869
[mujoco_bridge-1] [INFO] [1791521258.622883608] [mujoco_bridge]: [arm-command] error=[ 0.005 -0.008  0.01   0.002  0.001  0.005] actuator=[ 0.6 22.8 21.   3.5  0.4  0.2] constraint=[-0.5  0.5 -0.5 -0.3 -0.2 -0.2] nonfloor_contacts=none
[wbmm_mrt_node-4] [INFO] [1791521259.059486178] [wbmm_mrt_node]: [timing] ctrl_loop=125.2 Hz (target 125.0) | work avg=1.24 ms max=7.26 ms | MPC_policy_seen=40.9 Hz | plan_age avg=38.7 ms max=60.0 ms | sim/wall=0.874
[mujoco_bridge-1] [INFO] [1791521259.777928530] [mujoco_bridge]: [arm-command] error=[ 6.495e-03 -8.471e-03  1.245e-02  7.626e-05  5.050e-04  6.957e-03] actuator=[ 1.2 27.4 20.1  3.2  0.3  0.3] constraint=[-0.5  0.5 -0.5 -0.1 -0.1 -0.2] nonfloor_contacts=none
[wbmm_mrt_node-4] [INFO] [1791521261.067470379] [wbmm_mrt_node]: [timing] ctrl_loop=125.0 Hz (target 125.0) | work avg=1.25 ms max=7.33 ms | MPC_policy_seen=31.9 Hz | plan_age avg=44.5 ms max=72.0 ms | sim/wall=0.865
[wbmm_mrt_node-4] [INFO] [1791521263.075365096] [wbmm_mrt_node]: [timing] ctrl_loop=125.0 Hz (target 125.0) | work avg=1.13 ms max=7.37 ms | MPC_policy_seen=34.4 Hz | plan_age avg=42.2 ms max=64.0 ms | sim/wall=0.869
[wbmm_mrt_node-4] [INFO] [1791521265.075430311] [wbmm_mrt_node]: [timing] ctrl_loop=125.0 Hz (target 125.0) | work avg=1.22 ms max=7.71 ms | MPC_policy_seen=30.5 Hz | plan_age avg=46.4 ms max=80.0 ms | sim/wall=0.868
[wbmm_mrt_node-4] [INFO] [1791521267.086816611] [wbmm_mrt_node]: [timing] ctrl_loop=124.8 Hz (target 125.0) | work avg=1.22 ms max=7.16 ms | MPC_policy_seen=32.3 Hz | plan_age avg=44.5 ms max=64.0 ms | sim/wall=0.877
[wbmm_mrt_node-4] [INFO] [1791521269.091572227] [wbmm_mrt_node]: [timing] ctrl_loop=125.2 Hz (target 125.0) | work avg=1.20 ms max=7.16 ms | MPC_policy_seen=32.4 Hz | plan_age avg=44.3 ms max=72.0 ms | sim/wall=0.880
[mujoco_bridge-1] [INFO] [1791521270.110720187] [mujoco_bridge]: [arm-command] error=[-0.004  0.01  -0.012 -0.001 -0.001 -0.004] actuator=[-0.2 25.4 19.4  3.  -0.1 -0.2] constraint=[ 0.5 -0.5  0.5  0.2  0.2  0.1] nonfloor_contacts=none
[wbmm_mrt_node-4] [INFO] [1791521271.099551299] [wbmm_mrt_node]: [timing] ctrl_loop=125.0 Hz (target 125.0) | work avg=1.26 ms max=6.93 ms | MPC_policy_seen=43.8 Hz | plan_age avg=35.4 ms max=60.0 ms | sim/wall=0.865
[mujoco_bridge-1] [INFO] [1791521271.267027406] [mujoco_bridge]: [arm-command] error=[-3.789e-03  9.804e-03 -1.201e-02  1.194e-04 -9.348e-05 -4.105e-03] actuator=[-0.  20.3 19.9  3.2  0.  -0.2] constraint=[ 0.5 -0.5  0.5  0.1  0.   0.1] nonfloor_contacts=none
[wbmm_mrt_node-4] [INFO] [1791521273.107466096] [wbmm_mrt_node]: [timing] ctrl_loop=125.0 Hz (target 125.0) | work avg=1.38 ms max=10.83 ms | MPC_policy_seen=60.3 Hz | plan_age avg=25.4 ms max=44.0 ms | sim/wall=0.847
[wbmm_mrt_node-4] [INFO] [1791521275.115337578] [wbmm_mrt_node]: [timing] ctrl_loop=125.0 Hz (target 125.0) | work avg=1.15 ms max=7.69 ms | MPC_policy_seen=68.2 Hz | plan_age avg=23.2 ms max=36.0 ms | sim/wall=0.879
[wbmm_mrt_node-4] [INFO] [1791521277.118623850] [wbmm_mrt_node]: [timing] ctrl_loop=124.8 Hz (target 125.0) | work avg=1.16 ms max=6.06 ms | MPC_policy_seen=68.4 Hz | plan_age avg=23.0 ms max=40.0 ms | sim/wall=0.879
[wbmm_mrt_node-4] [INFO] [1791521279.123469221] [wbmm_mrt_node]: [timing] ctrl_loop=125.2 Hz (target 125.0) | work avg=1.20 ms max=7.28 ms | MPC_policy_seen=69.8 Hz | plan_age avg=22.7 ms max=44.0 ms | sim/wall=0.866
[mujoco_bridge-1] [INFO] [1791521280.599011391] [mujoco_bridge]: [arm-command] error=[-0.001 -0.004 -0.011  0.006 -0.001 -0.001] actuator=[-0.7 18.4 19.4  3.5 -0.  -0. ] constraint=[ 0.5  0.5  0.5 -0.3  0.1  0. ] nonfloor_contacts=none
[wbmm_mrt_node-4] [INFO] [1791521281.129844038] [wbmm_mrt_node]: [timing] ctrl_loop=122.6 Hz (target 125.0) | work avg=1.57 ms max=20.46 ms | MPC_policy_seen=63.3 Hz | plan_age avg=23.5 ms max=40.0 ms | sim/wall=0.817
[mujoco_bridge-1] [INFO] [1791521281.751263216] [mujoco_bridge]: [arm-command] error=[-0.002 -0.004 -0.013  0.008 -0.    -0.002] actuator=[-9.0e-01  1.9e+01  2.0e+01  3.5e+00 -1.6e-02 -6.8e-02] constraint=[ 0.5  0.5  0.5 -0.3  0.1  0.1] nonfloor_contacts=none
[wbmm_mrt_node-4] [INFO] [1791521283.131918529] [wbmm_mrt_node]: [timing] ctrl_loop=123.9 Hz (target 125.0) | work avg=1.34 ms max=17.41 ms | MPC_policy_seen=63.4 Hz | plan_age avg=24.2 ms max=44.0 ms | sim/wall=0.851
[wbmm_mrt_node-4] [INFO] [1791521285.131949996] [wbmm_mrt_node]: [timing] ctrl_loop=125.0 Hz (target 125.0) | work avg=1.17 ms max=8.00 ms | MPC_policy_seen=65.0 Hz | plan_age avg=24.1 ms max=44.0 ms | sim/wall=0.866
[wbmm_mrt_node-4] [INFO] [1791521287.140235255] [wbmm_mrt_node]: [timing] ctrl_loop=125.0 Hz (target 125.0) | work avg=1.28 ms max=13.52 ms | MPC_policy_seen=66.2 Hz | plan_age avg=23.7 ms max=44.0 ms | sim/wall=0.862
[wbmm_mrt_node-4] [INFO] [1791521289.147799727] [wbmm_mrt_node]: [timing] ctrl_loop=125.0 Hz (target 125.0) | work avg=1.18 ms max=6.63 ms | MPC_policy_seen=64.8 Hz | plan_age avg=24.2 ms max=44.0 ms | sim/wall=0.875
[wbmm_mrt_node-4] [INFO] [1791521291.147871316] [wbmm_mrt_node]: [timing] ctrl_loop=125.0 Hz (target 125.0) | work avg=1.09 ms max=6.24 ms | MPC_policy_seen=76.5 Hz | plan_age avg=21.2 ms max=36.0 ms | sim/wall=0.876
[mujoco_bridge-1] [INFO] [1791521292.175237160] [mujoco_bridge]: [arm-command] error=[ 0.001  0.004  0.012 -0.007  0.     0.001] actuator=[ 0.8 17.5 20.9  2.9  0.2  0. ] constraint=[-0.5 -0.5 -0.5  0.3 -0.1 -0. ] nonfloor_contacts=none
[wbmm_mrt_node-4] [INFO] [1791521293.158608672] [wbmm_mrt_node]: [timing] ctrl_loop=124.8 Hz (target 125.0) | work avg=1.30 ms max=11.06 ms | MPC_policy_seen=67.1 Hz | plan_age avg=23.3 ms max=40.0 ms | sim/wall=0.863
[mujoco_bridge-1] [INFO] [1791521293.307746697] [mujoco_bridge]: [arm-command] error=[ 0.002  0.001  0.012 -0.006  0.     0.001] actuator=[ 0.7 16.  19.9  3.   0.2  0. ] constraint=[-0.5 -0.5 -0.5  0.3 -0.1 -0. ] nonfloor_contacts=none
[wbmm_mrt_node-4] [INFO] [1791521295.163812396] [wbmm_mrt_node]: [timing] ctrl_loop=125.2 Hz (target 125.0) | work avg=1.14 ms max=7.02 ms | MPC_policy_seen=68.8 Hz | plan_age avg=23.2 ms max=44.0 ms | sim/wall=0.874
[wbmm_mrt_node-4] [INFO] [1791521297.163866560] [wbmm_mrt_node]: [timing] ctrl_loop=125.0 Hz (target 125.0) | work avg=1.24 ms max=7.29 ms | MPC_policy_seen=71.0 Hz | plan_age avg=22.1 ms max=36.0 ms | sim/wall=0.870
[wbmm_mrt_node-4] [INFO] [1791521299.164048673] [wbmm_mrt_node]: [timing] ctrl_loop=125.0 Hz (target 125.0) | work avg=1.17 ms max=6.75 ms | MPC_policy_seen=67.0 Hz | plan_age avg=23.4 ms max=40.0 ms | sim/wall=0.882
[wbmm_mrt_node-4] [INFO] [1791521301.177573075] [wbmm_mrt_node]: [timing] ctrl_loop=124.7 Hz (target 125.0) | work avg=1.19 ms max=6.37 ms | MPC_policy_seen=68.0 Hz | plan_age avg=23.3 ms max=36.0 ms | sim/wall=0.868
[WARNING] [launch]: user interrupted with ctrl-c (SIGINT)
[INFO] [keyboard_wrench_node-8]: sending signal 'SIGINT' to process[keyboard_wrench_node-8]
[INFO] [virtual_wrench_node-7]: sending signal 'SIGINT' to process[virtual_wrench_node-7]
[INFO] [whole_body_force_control_node-6]: sending signal 'SIGINT' to process[whole_body_force_control_node-6]
[INFO] [force_sensor_processor_node-5]: sending signal 'SIGINT' to process[force_sensor_processor_node-5]
[INFO] [wbmm_mrt_node-4]: sending signal 'SIGINT' to process[wbmm_mrt_node-4]
[INFO] [wbmm_mpc_node-3]: sending signal 'SIGINT' to process[wbmm_mpc_node-3]
[INFO] [robot_state_publisher-2]: sending signal 'SIGINT' to process[robot_state_publisher-2]
[INFO] [mujoco_bridge-1]: sending signal 'SIGINT' to process[mujoco_bridge-1]
[wbmm_mrt_node-4] [INFO] [1791521301.600260759] [rclcpp]: signal_handler(SIGINT/SIGTERM)
[force_sensor_processor_node-5] [INFO] [1791521301.600258224] [rclcpp]: signal_handler(SIGINT/SIGTERM)
[virtual_wrench_node-7] [INFO] [1791521301.600277209] [rclcpp]: signal_handler(SIGINT/SIGTERM)
[robot_state_publisher-2] [INFO] [1791521301.600449924] [rclcpp]: signal_handler(SIGINT/SIGTERM)
[whole_body_force_control_node-6] [INFO] [1791521301.600564050] [rclcpp]: signal_handler(SIGINT/SIGTERM)
[wbmm_mpc_node-3] [INFO] [1791521301.600750304] [rclcpp]: signal_handler(SIGINT/SIGTERM)
[keyboard_wrench_node-8] [INFO] [1791521301.602890158] [rclcpp]: signal_handler(SIGINT/SIGTERM)
[wbmm_mpc_node-3] [INFO] [1791521301.603811441] [MPC_ROS_Interface]: Shutting down workers ...
[wbmm_mpc_node-3] [INFO] [1791521301.603853600] [MPC_ROS_Interface]: All workers are shut down.
[keyboard_wrench_node-8] [INFO] [1791521301.605059142] [rclcpp]: signal_handler(SIGINT/SIGTERM)
[virtual_wrench_node-7] [INFO] [1791521301.605978778] [rclcpp]: signal_handler(SIGINT/SIGTERM)
[whole_body_force_control_node-6] [INFO] [1791521301.606763161] [rclcpp]: signal_handler(SIGINT/SIGTERM)
[force_sensor_processor_node-5] [INFO] [1791521301.607569540] [rclcpp]: signal_handler(SIGINT/SIGTERM)
[wbmm_mrt_node-4] [INFO] [1791521301.608268664] [rclcpp]: signal_handler(SIGINT/SIGTERM)
[robot_state_publisher-2] [INFO] [1791521301.609783042] [rclcpp]: signal_handler(SIGINT/SIGTERM)
[ERROR] [wbmm_mpc_node-3]: process has died [pid 79165, exit code -2, cmd '/home/a/WBMM/install/wbmm_ocs2_ros/lib/wbmm_ocs2_ros/wbmm_mpc_node --ros-args -r __node:=wbmm_mpc_node --params-file /home/a/WBMM/install/tracer_jaka_bringup/share/tracer_jaka_bringup/config/common/ocs2.yaml --params-file /home/a/WBMM/install/tracer_jaka_bringup/share/tracer_jaka_bringup/config/sim/ocs2.yaml --params-file /tmp/launch_params_ukyl20q7'].
[wbmm_mrt_node-4] [INFO] [1791521301.620457125] [MRT_ROS_Interface]: Shutting down workers ...
[wbmm_mrt_node-4] [INFO] [1791521301.620496097] [MRT_ROS_Interface]: All workers are shut down.
[mujoco_bridge-1] Exception ignored in: <module 'threading' from '/usr/lib/python3.10/threading.py'>
[mujoco_bridge-1] Traceback (most recent call last):
[mujoco_bridge-1]   File "/usr/lib/python3.10/threading.py", line 1537, in _shutdown
[mujoco_bridge-1]     atexit_call()
[mujoco_bridge-1]   File "/usr/lib/python3.10/concurrent/futures/thread.py", line 31, in _python_exit
[mujoco_bridge-1]     t.join()
[mujoco_bridge-1]   File "/usr/lib/python3.10/threading.py", line 1096, in join
[mujoco_bridge-1]     self._wait_for_tstate_lock()
[mujoco_bridge-1]   File "/usr/lib/python3.10/threading.py", line 1116, in _wait_for_tstate_lock
[mujoco_bridge-1]     if lock.acquire(block, timeout):
[mujoco_bridge-1] KeyboardInterrupt: 
[mujoco_bridge-1] Xlib:  extension "NV-GLX" missing on display ":0".
[INFO] [keyboard_wrench_node-8]: process has finished cleanly [pid 79176]
[INFO] [virtual_wrench_node-7]: process has finished cleanly [pid 79174]
[INFO] [force_sensor_processor_node-5]: process has finished cleanly [pid 79169]
[INFO] [robot_state_publisher-2]: process has finished cleanly [pid 79163]
[INFO] [mujoco_bridge-1]: process has finished cleanly [pid 79160]
[INFO] [wbmm_mrt_node-4]: process has finished cleanly [pid 79167]
[INFO] [whole_body_force_control_node-6]: process has finished cleanly [pid 79171]
