START baseline initial_zero 3.0 simulation seconds
{"name": "initial_zero", "key": null, "duration_s": 3.0, "samples": 146, "min_sigma": 0.12195895614222378, "min_yoshikawa": 0.002062312154421693, "tracking_rms_m": 0.00014898085353956758, "tcp_change_m": [6.611730782213332e-05, 2.3190166472564222e-05, 0.0001634634909599697], "end_q": [-0.5150406360626221, 1.569153070449829, -1.5686086416244507, 1.569832682609558, 1.5704265832901, 0.25070419907569885], "mean_force_tcp_n": [0.0, 0.0, 0.0]}
START baseline 0_f 8.0 simulation seconds
{"name": "0_f", "key": "f", "duration_s": 8.0, "samples": 344, "min_sigma": 0.06755695287408844, "min_yoshikawa": 0.0007969835156945295, "tracking_rms_m": 0.0355663672324722, "tcp_change_m": [0.003158974726811481, 0.04371625118736927, 0.3311467316552037], "end_q": [-0.44563600420951843, 1.593970775604248, -0.6366106867790222, 0.8092169165611267, 1.6034458875656128, 0.6037627458572388], "mean_force_tcp_n": [0.0, 0.0, -9.958911672511835]}
START baseline 1_zero 4.0 simulation seconds
{"name": "1_zero", "key": null, "duration_s": 4.0, "samples": 168, "min_sigma": 0.01691875707430544, "min_yoshikawa": 0.00019368069314341235, "tracking_rms_m": 0.04763437857435148, "tcp_change_m": [-0.003651641082106527, -0.003620586200260345, 0.028723461436836684], "end_q": [-0.46323856711387634, 1.3768113851547241, -0.14327313005924225, 0.48599860072135925, 1.5958762168884277, 0.9083408713340759], "mean_force_tcp_n": [0.0, 0.0, -0.05246711813345334]}
START baseline 2_r 6.0 simulation seconds
{"name": "2_r", "key": "r", "duration_s": 6.0, "samples": 252, "min_sigma": 0.0109093395739667, "min_yoshikawa": 0.0001381977290907292, "tracking_rms_m": 0.040805603943304715, "tcp_change_m": [0.00816504109032093, -0.03858907140342832, -0.21014330235891732], "end_q": [-0.6924681663513184, 1.1639785766601562, -0.5971834063529968, 0.8573867082595825, 1.5210515260696411, 0.4915211498737335], "mean_force_tcp_n": [0.0, 0.0, 9.949434634499175]}
START baseline 3_zero 4.0 simulation seconds
{"name": "3_zero", "key": null, "duration_s": 4.0, "samples": 168, "min_sigma": 0.061957761477751, "min_yoshikawa": 0.001437195562135834, "tracking_rms_m": 0.026854545074181505, "tcp_change_m": [-0.0060713779084506925, 0.039339671653553454, -0.04896494300227894], "end_q": [-0.8089867234230042, 1.2326070070266724, -0.8849498629570007, 1.2166013717651367, 1.566676139831543, 0.1971827894449234], "mean_force_tcp_n": [0.0, 0.0, 0.06759458741086916]}
{
  "name": "baseline",
  "passed": true,
  "error": null,
  "faults": [],
  "unexpected_collision": false,
  "collision_monitor_seen": true,
  "stages": [
    {
      "name": "initial_zero",
      "key": null,
      "duration_s": 3.0,
      "samples": 146,
      "min_sigma": 0.12195895614222378,
      "min_yoshikawa": 0.002062312154421693,
      "tracking_rms_m": 0.00014898085353956758,
      "tcp_change_m": [
        6.611730782213332e-05,
        2.3190166472564222e-05,
        0.0001634634909599697
      ],
      "end_q": [
        -0.5150406360626221,
        1.569153070449829,
        -1.5686086416244507,
        1.569832682609558,
        1.5704265832901,
        0.25070419907569885
      ],
      "mean_force_tcp_n": [
        0.0,
        0.0,
        0.0
      ]
    },
    {
      "name": "0_f",
      "key": "f",
      "duration_s": 8.0,
      "samples": 344,
      "min_sigma": 0.06755695287408844,
      "min_yoshikawa": 0.0007969835156945295,
      "tracking_rms_m": 0.0355663672324722,
      "tcp_change_m": [
        0.003158974726811481,
        0.04371625118736927,
        0.3311467316552037
      ],
      "end_q": [
        -0.44563600420951843,
        1.593970775604248,
        -0.6366106867790222,
        0.8092169165611267,
        1.6034458875656128,
        0.6037627458572388
      ],
      "mean_force_tcp_n": [
        0.0,
        0.0,
        -9.958911672511835
      ]
    },
    {
      "name": "1_zero",
      "key": null,
      "duration_s": 4.0,
      "samples": 168,
      "min_sigma": 0.01691875707430544,
      "min_yoshikawa": 0.00019368069314341235,
      "tracking_rms_m": 0.04763437857435148,
      "tcp_change_m": [
        -0.003651641082106527,
        -0.003620586200260345,
        0.028723461436836684
      ],
      "end_q": [
        -0.46323856711387634,
        1.3768113851547241,
        -0.14327313005924225,
        0.48599860072135925,
        1.5958762168884277,
        0.9083408713340759
      ],
      "mean_force_tcp_n": [
        0.0,
        0.0,
        -0.05246711813345334
      ]
    },
    {
      "name": "2_r",
      "key": "r",
      "duration_s": 6.0,
      "samples": 252,
      "min_sigma": 0.0109093395739667,
      "min_yoshikawa": 0.0001381977290907292,
      "tracking_rms_m": 0.040805603943304715,
      "tcp_change_m": [
        0.00816504109032093,
        -0.03858907140342832,
        -0.21014330235891732
      ],
      "end_q": [
        -0.6924681663513184,
        1.1639785766601562,
        -0.5971834063529968,
        0.8573867082595825,
        1.5210515260696411,
        0.4915211498737335
      ],
      "mean_force_tcp_n": [
        0.0,
        0.0,
        9.949434634499175
      ]
    },
    {
      "name": "3_zero",
      "key": null,
      "duration_s": 4.0,
      "samples": 168,
      "min_sigma": 0.061957761477751,
      "min_yoshikawa": 0.001437195562135834,
      "tracking_rms_m": 0.026854545074181505,
      "tcp_change_m": [
        -0.0060713779084506925,
        0.039339671653553454,
        -0.04896494300227894
      ],
      "end_q": [
        -0.8089867234230042,
        1.2326070070266724,
        -0.8849498629570007,
        1.2166013717651367,
        1.566676139831543,
        0.1971827894449234
      ],
      "mean_force_tcp_n": [
        0.0,
        0.0,
        0.06759458741086916
      ]
    }
  ],
  "jacobian": {
    "scope": "arm",
    "task": "pose",
    "scaling": "characteristic_length",
    "ell_m": 0.3
  },
  "sequence": "f:8,zero:4,r:6,zero:4",
  "metrics_are_diagnostic_only": true,
  "min_sigma": 0.0109093395739667,
  "min_yoshikawa": 0.0001381977290907292,
  "tracking_rms_m": 0.035481186513701246,
  "maximum_tracking_error_m": 0.06247665468324117,
  "end_state": [
    0.09346967190504074,
    0.13094723224639893,
    0.23693308234214783,
    -0.8089867234230042,
    1.2326070070266724,
    -0.8849498629570007,
    1.2166013717651367,
    1.566676139831543,
    0.1971827894449234
  ],
  "predicted_horizon_s": 1.999999999,
  "solve_ms_p95": 2.761518
}
