[INFO] [launch]: All log files can be found below /tmp/wbmm_arm_margin_baseline_ros/2026-10-09-12-00-19-037397-a-18102
[INFO] [launch]: Default logging verbosity is set to INFO
[INFO] [mujoco_bridge-1]: process started with pid [18114]
[INFO] [robot_state_publisher-2]: process started with pid [18116]
[INFO] [wbmm_mpc_node-3]: process started with pid [18118]
[INFO] [wbmm_mrt_node-4]: process started with pid [18120]
[INFO] [force_sensor_processor_node-5]: process started with pid [18122]
[INFO] [whole_body_force_control_node-6]: process started with pid [18124]
[INFO] [virtual_wrench_node-7]: process started with pid [18126]
[INFO] [keyboard_wrench_node-8]: process started with pid [18128]
[wbmm_mpc_node-3] [INFO] [1791518419.137253395] [wbmm_mpc_node]: Task file : /home/a/WBMM/docs/diagnostics/force_mpc_arm_margin/baseline.info
[wbmm_mpc_node-3] [INFO] [1791518419.137343566] [wbmm_mpc_node]: Lib folder: /tmp/wbmm_force_mpc/auto_generated/mpc
[wbmm_mpc_node-3] [INFO] [1791518419.137353833] [wbmm_mpc_node]: URDF file : /home/a/WBMM/install/tracer_jaka_description/share/tracer_jaka_description/urdf/tracer_jaka_zu5.urdf
[wbmm_mpc_node-3] [INFO] [1791518419.137361133] [wbmm_mpc_node]: World frame: odom
[wbmm_mpc_node-3] [INFO] [1791518419.137368061] [wbmm_mpc_node]: ESDF file override: <task file>
[wbmm_mpc_node-3] [WbmmInterface] Loading task file: "/home/a/WBMM/docs/diagnostics/force_mpc_arm_margin/baseline.info"
[wbmm_mpc_node-3] [WbmmInterface] Loading Pinocchio model from: "/home/a/WBMM/install/tracer_jaka_description/share/tracer_jaka_description/urdf/tracer_jaka_zu5.urdf"
[wbmm_mpc_node-3] [WbmmInterface] Generated library path: "/tmp/wbmm_force_mpc/auto_generated/mpc"
[wbmm_mpc_node-3] 
[wbmm_mpc_node-3]  #### Model Information:
[wbmm_mpc_node-3]  #### =============================================================================
[wbmm_mpc_node-3] 
[wbmm_mpc_node-3]  #### model: wheelBasedMobileManipulator (fixed by wbmm_ocs2)
[wbmm_mpc_node-3]  #### model_information.removeJoints: "left_wheel" "right_wheel" 
[wbmm_mpc_node-3]  #### Note: All mimic joints will be automatically detected and removed
[wbmm_mpc_node-3]  #### model_information.baseFrame: "base_footprint"
[wbmm_mpc_node-3]  #### model_information.eeFrame: "tool0"
[wbmm_mpc_node-3]  #### =============================================================================
[force_sensor_processor_node-5] [INFO] [1791518419.139667750] [force_sensor_processor]: Ready: raw=/whole_body_force_control/fake_wrench processed=/whole_body_force_control/processed_wrench frame=jk_se_vi_200_link->tool0
[virtual_wrench_node-7] [INFO] [1791518419.141480178] [virtual_force_publisher]: Virtual sensor publishing /whole_body_force_control/fake_wrench in jk_se_vi_200_link; keyboard command=/whole_body_force_control/virtual_wrench_command (tool0), timeout=0.150 s
[whole_body_force_control_node-6] [INFO] [1791518419.143440232] [whole_body_force_control]: Ready: frame=odom axes=[fx,fy,fz] admittance_enable=true output=true
[wbmm_mpc_node-3] model.nv = 9
[wbmm_mpc_node-3] model.nq = 9
[wbmm_mpc_node-3] model.njoints = 8
[wbmm_mpc_node-3] model.nbodies = 7
[wbmm_mpc_node-3] model.nframes = 69
[wbmm_mpc_node-3] 
[wbmm_mpc_node-3] Joints:
[wbmm_mpc_node-3]             universe:   ID = 0
[wbmm_mpc_node-3]           root_joint:   ID = 1
[wbmm_mpc_node-3]              joint_1:   ID = 2
[keyboard_wrench_node-8] [INFO] [1791518419.144226639] [keyboard_force_publisher]: Keyboard force window: w/s (+X/-X), a/d (+Y/-Y), r/f (+Z/-Z); frame=tool0 topic=/whole_body_force_control/virtual_wrench_command
[wbmm_mpc_node-3]              joint_2:   ID = 3
[wbmm_mpc_node-3]              joint_3:   ID = 4
[wbmm_mpc_node-3]              joint_4:   ID = 5
[wbmm_mpc_node-3]              joint_5:   ID = 6
[wbmm_mpc_node-3]              joint_6:   ID = 7
[wbmm_mpc_node-3] 
[wbmm_mpc_node-3] Frames:
[wbmm_mpc_node-3]             universe:   ID = 0, parent = 0, type = "FIXED_JOINT "
[wbmm_mpc_node-3]           root_joint:   ID = 1, parent = 1, type = "JOINT "
[wbmm_mpc_node-3]       base_footprint:   ID = 2, parent = 1, type = "BODY "
[wbmm_mpc_node-3] base_footprint_to_base_link:   ID = 3, parent = 1, type = "FIXED_JOINT "
[wbmm_mpc_node-3]            base_link:   ID = 4, parent = 1, type = "BODY "
[wbmm_mpc_node-3]         base_to_d455:   ID = 5, parent = 1, type = "FIXED_JOINT "
[wbmm_mpc_node-3]            d455_link:   ID = 6, parent = 1, type = "BODY "
[wbmm_mpc_node-3]          base_to_imu:   ID = 7, parent = 1, type = "FIXED_JOINT "
[wbmm_mpc_node-3]             imu_link:   ID = 8, parent = 1, type = "BODY "
[wbmm_mpc_node-3]         base_to_jaka:   ID = 9, parent = 1, type = "FIXED_JOINT "
[wbmm_mpc_node-3]       jaka_base_link:   ID = 10, parent = 1, type = "BODY "
[wbmm_mpc_node-3]                fixed:   ID = 11, parent = 1, type = "FIXED_JOINT "
[wbmm_mpc_node-3]               Link_0:   ID = 12, parent = 1, type = "BODY "
[wbmm_mpc_node-3]              joint_1:   ID = 13, parent = 2, type = "JOINT "
[wbmm_mpc_node-3]               Link_1:   ID = 14, parent = 2, type = "BODY "
[wbmm_mpc_node-3]              joint_2:   ID = 15, parent = 3, type = "JOINT "
[wbmm_mpc_node-3]               Link_2:   ID = 16, parent = 3, type = "BODY "
[wbmm_mpc_node-3]              joint_3:   ID = 17, parent = 4, type = "JOINT "
[wbmm_mpc_node-3]               Link_3:   ID = 18, parent = 4, type = "BODY "
[wbmm_mpc_node-3]              joint_4:   ID = 19, parent = 5, type = "JOINT "
[wbmm_mpc_node-3]               Link_4:   ID = 20, parent = 5, type = "BODY "
[wbmm_mpc_node-3]              joint_5:   ID = 21, parent = 6, type = "JOINT "
[wbmm_mpc_node-3]               Link_5:   ID = 22, parent = 6, type = "BODY "
[wbmm_mpc_node-3]              joint_6:   ID = 23, parent = 7, type = "JOINT "
[wbmm_mpc_node-3]               Link_6:   ID = 24, parent = 7, type = "BODY "
[wbmm_mpc_node-3]              fixed_2:   ID = 25, parent = 7, type = "FIXED_JOINT "
[wbmm_mpc_node-3]            Link_6_45:   ID = 26, parent = 7, type = "BODY "
[wbmm_mpc_node-3]   jk_se_vi_200_joint:   ID = 27, parent = 7, type = "FIXED_JOINT "
[wbmm_mpc_node-3]    jk_se_vi_200_link:   ID = 28, parent = 7, type = "BODY "
[wbmm_mpc_node-3] tool0_and_camera_link_joint:   ID = 29, parent = 7, type = "FIXED_JOINT "
[wbmm_mpc_node-3] tool0_and_camera_link:   ID = 30, parent = 7, type = "BODY "
[wbmm_mpc_node-3]          d435i_joint:   ID = 31, parent = 7, type = "FIXED_JOINT "
[wbmm_mpc_node-3]           d435i_link:   ID = 32, parent = 7, type = "BODY "
[wbmm_mpc_node-3]          tool0_joint:   ID = 33, parent = 7, type = "FIXED_JOINT "
[wbmm_mpc_node-3]                tool0:   ID = 34, parent = 7, type = "BODY "
[wbmm_mpc_node-3]        base_to_laser:   ID = 35, parent = 1, type = "FIXED_JOINT "
[wbmm_mpc_node-3]           laser_link:   ID = 36, parent = 1, type = "BODY "
[wbmm_mpc_node-3]      fl_castor_wheel:   ID = 37, parent = 1, type = "FIXED_JOINT "
[wbmm_mpc_node-3]       fl_castor_link:   ID = 38, parent = 1, type = "BODY "
[wbmm_mpc_node-3]             fl_wheel:   ID = 39, parent = 1, type = "FIXED_JOINT "
[wbmm_mpc_node-3]        fl_wheel_link:   ID = 40, parent = 1, type = "BODY "
[wbmm_mpc_node-3]      fr_castor_wheel:   ID = 41, parent = 1, type = "FIXED_JOINT "
[wbmm_mpc_node-3]       fr_castor_link:   ID = 42, parent = 1, type = "BODY "
[wbmm_mpc_node-3]             fr_wheel:   ID = 43, parent = 1, type = "FIXED_JOINT "
[wbmm_mpc_node-3]        fr_wheel_link:   ID = 44, parent = 1, type = "BODY "
[wbmm_mpc_node-3]       inertial_joint:   ID = 45, parent = 1, type = "FIXED_JOINT "
[wbmm_mpc_node-3]        inertial_link:   ID = 46, parent = 1, type = "BODY "
[wbmm_mpc_node-3] joint_aluminium_2_base_link:   ID = 47, parent = 1, type = "FIXED_JOINT "
[wbmm_mpc_node-3] aluminium_2_base_link:   ID = 48, parent = 1, type = "BODY "
[wbmm_mpc_node-3] joint_aluminium_3_base_link:   ID = 49, parent = 1, type = "FIXED_JOINT "
[wbmm_mpc_node-3] aluminium_3_base_link:   ID = 50, parent = 1, type = "BODY "
[wbmm_mpc_node-3] joint_aluminium_4_base_link:   ID = 51, parent = 1, type = "FIXED_JOINT "
[wbmm_mpc_node-3] aluminium_4_base_link:   ID = 52, parent = 1, type = "BODY "
[wbmm_mpc_node-3] joint_aluminium_base_link:   ID = 53, parent = 1, type = "FIXED_JOINT "
[wbmm_mpc_node-3]  aluminium_base_link:   ID = 54, parent = 1, type = "BODY "
[wbmm_mpc_node-3]           left_wheel:   ID = 55, parent = 1, type = "FIXED_JOINT "
[wbmm_mpc_node-3]      left_wheel_link:   ID = 56, parent = 1, type = "BODY "
[wbmm_mpc_node-3]          right_wheel:   ID = 57, parent = 1, type = "FIXED_JOINT "
[wbmm_mpc_node-3]     right_wheel_link:   ID = 58, parent = 1, type = "BODY "
[wbmm_mpc_node-3]      rl_castor_wheel:   ID = 59, parent = 1, type = "FIXED_JOINT "
[wbmm_mpc_node-3]       rl_castor_link:   ID = 60, parent = 1, type = "BODY "
[wbmm_mpc_node-3]             rl_wheel:   ID = 61, parent = 1, type = "FIXED_JOINT "
[wbmm_mpc_node-3]        rl_wheel_link:   ID = 62, parent = 1, type = "BODY "
[wbmm_mpc_node-3]      rr_castor_wheel:   ID = 63, parent = 1, type = "FIXED_JOINT "
[wbmm_mpc_node-3]       rr_castor_link:   ID = 64, parent = 1, type = "BODY "
[wbmm_mpc_node-3]             rr_wheel:   ID = 65, parent = 1, type = "FIXED_JOINT "
[wbmm_mpc_node-3]        rr_wheel_link:   ID = 66, parent = 1, type = "BODY "
[wbmm_mpc_node-3]          tracer_base:   ID = 67, parent = 1, type = "FIXED_JOINT "
[wbmm_mpc_node-3]     urbase_base_link:   ID = 68, parent = 1, type = "BODY "
[wbmm_mpc_node-3] 
[wbmm_mpc_node-3]  #### Model Settings:
[wbmm_mpc_node-3]  #### =============================================================================
[wbmm_mpc_node-3]  #### 'usePreComputation'......................................................1
[wbmm_mpc_node-3]  #### 'recompileLibraries'.....................................................1
[wbmm_mpc_node-3]  #### =============================================================================
[wbmm_mrt_node-4] [WbmmInterface] Loading task file: "/home/a/WBMM/docs/diagnostics/force_mpc_arm_margin/baseline.info"
[wbmm_mrt_node-4] [WbmmInterface] Loading Pinocchio model from: "/home/a/WBMM/install/tracer_jaka_description/share/tracer_jaka_description/urdf/tracer_jaka_zu5.urdf"
[wbmm_mrt_node-4] [WbmmInterface] Generated library path: "/tmp/wbmm_force_mpc/auto_generated/mrt"
[wbmm_mrt_node-4] 
[wbmm_mrt_node-4]  #### Model Information:
[wbmm_mrt_node-4]  #### =============================================================================
[wbmm_mrt_node-4] 
[wbmm_mrt_node-4]  #### model: wheelBasedMobileManipulator (fixed by wbmm_ocs2)
[wbmm_mrt_node-4]  #### model_information.removeJoints: "left_wheel" "right_wheel" 
[wbmm_mrt_node-4]  #### Note: All mimic joints will be automatically detected and removed
[wbmm_mrt_node-4]  #### model_information.baseFrame: "base_footprint"
[wbmm_mrt_node-4]  #### model_information.eeFrame: "tool0"
[wbmm_mrt_node-4]  #### =============================================================================
[wbmm_mpc_node-3] Initial State:          0        0        0        0   1.5707        0   1.5707  3.14159 0.785398
[wbmm_mpc_node-3] 
[wbmm_mpc_node-3]  #### DDP Settings: 
[wbmm_mpc_node-3]  #### =============================================================================
[wbmm_mpc_node-3]  #### 'algorithm'............................................................SLQ
[wbmm_mpc_node-3]  #### 'nThreads'...............................................................3
[wbmm_mpc_node-3]  #### 'threadPriority'........................................................50
[wbmm_mpc_node-3]  #### 'maxNumIterations'.......................................................1
[wbmm_mpc_node-3]  #### 'minRelCost'...........................................................0.1
[wbmm_mpc_node-3]  #### 'constraintTolerance'................................................0.001
[wbmm_mpc_node-3]  #### 'displayInfo'............................................................0
[wbmm_mpc_node-3]  #### 'displayShortSummary'....................................................0
[wbmm_mpc_node-3]  #### 'checkNumericalStability'................................................0
[wbmm_mpc_node-3]  #### 'debugPrintRollout'......................................................0
[wbmm_mpc_node-3]  #### 'AbsTolODE'..........................................................1e-05
[wbmm_mpc_node-3]  #### 'RelTolODE'..........................................................0.001
[wbmm_mpc_node-3]  #### 'maxNumStepsPerSecond'..............................................100000
[wbmm_mpc_node-3]  #### 'timeStep'...........................................................0.001
[wbmm_mpc_node-3]  #### 'backwardPassIntegratorType'.........................................ODE45
[wbmm_mpc_node-3]  #### 'constraintPenaltyInitialValue'.........................................20
[wbmm_mpc_node-3]  #### 'constraintPenaltyIncreaseRate'..........................................2
[wbmm_mpc_node-3]  #### 'preComputeRiccatiTerms'.................................................1
[wbmm_mpc_node-3]  #### 'useFeedbackPolicy'......................................................1
[wbmm_mpc_node-3]  #### 'riskSensitiveCoeff'.....................................................0 (default)
[wbmm_mpc_node-3]  #### 'strategy'.....................................................LINE_SEARCH
[wbmm_mpc_node-3]  #### LINE_SEARCH Settings: {
[wbmm_mpc_node-3]  #### 'minStepLength'.......................................................0.01
[wbmm_mpc_node-3]  #### 'maxStepLength'..........................................................1
[wbmm_mpc_node-3]  #### 'contractionRate'......................................................0.5 (default)
[wbmm_mpc_node-3]  #### 'armijoCoefficient'.................................................0.0001 (default)
[wbmm_mpc_node-3]  #### 'hessianCorrectionStrategy'.................................DIAGONAL_SHIFT
[wbmm_mpc_node-3]  #### 'hessianCorrectionMultiple'..........................................0.001
[wbmm_mpc_node-3]  #### }
[wbmm_mpc_node-3]  #### =============================================================================
[wbmm_mpc_node-3] 
[wbmm_mpc_node-3]  #### MPC Settings:
[wbmm_mpc_node-3]  #### =============================================================================
[wbmm_mpc_node-3]  #### 'timeHorizon'............................................................2
[wbmm_mpc_node-3]  #### 'solutionTimeWindow'...................................................0.2
[wbmm_mpc_node-3]  #### 'coldStart'..............................................................0
[wbmm_mpc_node-3]  #### 'debugPrint'.............................................................0
[wbmm_mpc_node-3]  #### 'mpcDesiredFrequency'..................................................100
[wbmm_mpc_node-3]  #### 'mrtDesiredFrequency'..................................................400
[wbmm_mpc_node-3]  #### =============================================================================
[wbmm_mpc_node-3] 
[wbmm_mpc_node-3]  #### Multiple-Shooting SQP Settings:
[wbmm_mpc_node-3]  #### =============================================================================
[wbmm_mpc_node-3]  #### 'sqpIteration'..........................................................10 (default)
[wbmm_mpc_node-3]  #### 'deltaTol'...........................................................1e-06 (default)
[wbmm_mpc_node-3]  #### 'alpha_decay'..........................................................0.5 (default)
[wbmm_mpc_node-3]  #### 'alpha_min'.........................................................0.0001 (default)
[wbmm_mpc_node-3]  #### 'gamma_c'............................................................1e-06 (default)
[wbmm_mpc_node-3]  #### 'g_max'..............................................................1e+06 (default)
[wbmm_mpc_node-3]  #### 'g_min'..............................................................1e-06 (default)
[wbmm_mpc_node-3]  #### 'armijoFactor'......................................................0.0001 (default)
[wbmm_mpc_node-3]  #### 'costTol'...........................................................0.0001 (default)
[wbmm_mpc_node-3]  #### 'dt'..................................................................0.01 (default)
[wbmm_mpc_node-3]  #### 'useFeedbackPolicy'......................................................1 (default)
[wbmm_mpc_node-3]  #### 'createValueFunction'....................................................0 (default)
[wbmm_mpc_node-3]  #### 'integratorType'.......................................................RK2 (default)
[wbmm_mpc_node-3]  #### 'inequalityConstraintMu'.................................................0 (default)
[wbmm_mpc_node-3]  #### 'inequalityConstraintDelta'..........................................1e-06 (default)
[wbmm_mpc_node-3]  #### 'projectStateInputEqualityConstraints'...................................1 (default)
[wbmm_mpc_node-3]  #### 'extractProjectionMultiplier'............................................0 (default)
[wbmm_mpc_node-3]  #### 'printSolverStatus'......................................................0 (default)
[wbmm_mpc_node-3]  #### 'printSolverStatistics'..................................................0 (default)
[wbmm_mpc_node-3]  #### 'printLinesearch'........................................................0 (default)
[wbmm_mpc_node-3]  #### 'enableLogging'..........................................................1 (default)
[wbmm_mpc_node-3]  #### 'logSize'.............................................................1000 (default)
[wbmm_mpc_node-3]  #### 'logFilePath'.........................................../tmp/ocs2/sqp_log/ (default)
[wbmm_mpc_node-3]  #### 'nThreads'...............................................................4 (default)
[wbmm_mpc_node-3]  #### 'threadPriority'........................................................50 (default)
[wbmm_mpc_node-3] 
[wbmm_mpc_node-3]  #### HPIPM Settings:
[wbmm_mpc_node-3]  #### =============================================================================
[wbmm_mpc_node-3]  #### 'mode'...................................................................1 (default)
[wbmm_mpc_node-3]  #### 'iter_max'..............................................................30 (default)
[wbmm_mpc_node-3]  #### 'alpha_min'..........................................................1e-12 (default)
[wbmm_mpc_node-3]  #### 'mu0'...................................................................10 (default)
[wbmm_mpc_node-3]  #### 'tol_stat'...........................................................1e-06 (default)
[wbmm_mpc_node-3]  #### 'tol_eq'.............................................................1e-08 (default)
[wbmm_mpc_node-3]  #### 'tol_ineq'...........................................................1e-08 (default)
[wbmm_mpc_node-3]  #### 'tol_comp'...........................................................1e-08 (default)
[wbmm_mpc_node-3]  #### 'reg_prim'...........................................................1e-12 (default)
[wbmm_mpc_node-3]  #### 'warm_start'.............................................................0 (default)
[wbmm_mpc_node-3]  #### 'pred_corr'..............................................................1 (default)
[wbmm_mpc_node-3]  #### 'ric_alg'................................................................0 (default)
[wbmm_mpc_node-3]  #### =============================================================================
[wbmm_mpc_node-3]  #### =============================================================================
[wbmm_mpc_node-3] WARNING: Loaded at least one default value in matrix: "inputCost.R.base.wheelBasedMobileManipulator"
[wbmm_mpc_node-3] WARNING: Loaded at least one default value in matrix: "inputCost.R.arm"
[wbmm_mpc_node-3] 
[wbmm_mpc_node-3]  #### Input Cost Settings: 
[wbmm_mpc_node-3]  #### =============================================================================
[wbmm_mpc_node-3] inputCost.R:  
[wbmm_mpc_node-3] 0.25    0    0    0    0    0    0    0
[wbmm_mpc_node-3]    0    1    0    0    0    0    0    0
[wbmm_mpc_node-3]    0    0 0.01    0    0    0    0    0
[wbmm_mpc_node-3]    0    0    0 0.01    0    0    0    0
[wbmm_mpc_node-3]    0    0    0    0 0.01    0    0    0
[wbmm_mpc_node-3]    0    0    0    0    0 0.01    0    0
[wbmm_mpc_node-3]    0    0    0    0    0    0 0.01    0
[wbmm_mpc_node-3]    0    0    0    0    0    0    0 0.01
[wbmm_mpc_node-3]  #### =============================================================================
[wbmm_mpc_node-3]  #### 'activate'...............................................................1
[wbmm_mpc_node-3] 
[wbmm_mpc_node-3]  #### JointPositionLimits Settings: 
[wbmm_mpc_node-3]  #### =============================================================================
[wbmm_mpc_node-3]  #### lowerBound: -6.28 -1.48 -3.05 -1.48 -6.28 -6.28
[wbmm_mpc_node-3]  #### upperBound: 6.28 4.62 3.05 4.62 6.28 6.28
[wbmm_mpc_node-3]  #### 'mu'..................................................................0.01
[wbmm_mpc_node-3]  #### 'delta'..............................................................0.001
[wbmm_mpc_node-3]  #### =============================================================================
[wbmm_mrt_node-4] model.nv = 9
[wbmm_mrt_node-4] model.nq = 9
[wbmm_mrt_node-4] model.njoints = 8
[wbmm_mrt_node-4] model.nbodies = 7
[wbmm_mrt_node-4] model.nframes = 69
[wbmm_mrt_node-4] 
[wbmm_mrt_node-4] Joints:
[wbmm_mrt_node-4]             universe:   ID = 0
[wbmm_mrt_node-4]           root_joint:   ID = 1
[wbmm_mrt_node-4]              joint_1:   ID = 2
[wbmm_mrt_node-4]              joint_2:   ID = 3
[wbmm_mrt_node-4]              joint_3:   ID = 4
[wbmm_mrt_node-4]              joint_4:   ID = 5
[wbmm_mrt_node-4]              joint_5:   ID = 6
[wbmm_mrt_node-4]              joint_6:   ID = 7
[wbmm_mrt_node-4] 
[wbmm_mrt_node-4] Frames:
[wbmm_mrt_node-4]             universe:   ID = 0, parent = 0, type = "FIXED_JOINT "
[wbmm_mrt_node-4]           root_joint:   ID = 1, parent = 1, type = "JOINT "
[wbmm_mrt_node-4]       base_footprint:   ID = 2, parent = 1, type = "BODY "
[wbmm_mrt_node-4] base_footprint_to_base_link:   ID = 3, parent = 1, type = "FIXED_JOINT "
[wbmm_mrt_node-4]            base_link:   ID = 4, parent = 1, type = "BODY "
[wbmm_mrt_node-4]         base_to_d455:   ID = 5, parent = 1, type = "FIXED_JOINT "
[wbmm_mrt_node-4]            d455_link:   ID = 6, parent = 1, type = "BODY "
[wbmm_mrt_node-4]          base_to_imu:   ID = 7, parent = 1, type = "FIXED_JOINT "
[wbmm_mrt_node-4]             imu_link:   ID = 8, parent = 1, type = "BODY "
[wbmm_mrt_node-4]         base_to_jaka:   ID = 9, parent = 1, type = "FIXED_JOINT "
[wbmm_mrt_node-4]       jaka_base_link:   ID = 10, parent = 1, type = "BODY "
[wbmm_mrt_node-4]                fixed:   ID = 11, parent = 1, type = "FIXED_JOINT "
[wbmm_mrt_node-4]               Link_0:   ID = 12, parent = 1, type = "BODY "
[wbmm_mrt_node-4]              joint_1:   ID = 13, parent = 2, type = "JOINT "
[wbmm_mrt_node-4]               Link_1:   ID = 14, parent = 2, type = "BODY "
[wbmm_mrt_node-4]              joint_2:   ID = 15, parent = 3, type = "JOINT "
[wbmm_mrt_node-4]               Link_2:   ID = 16, parent = 3, type = "BODY "
[wbmm_mrt_node-4]              joint_3:   ID = 17, parent = 4, type = "JOINT "
[wbmm_mrt_node-4]               Link_3:   ID = 18, parent = 4, type = "BODY "
[wbmm_mrt_node-4]              joint_4:   ID = 19, parent = 5, type = "JOINT "
[wbmm_mrt_node-4]               Link_4:   ID = 20, parent = 5, type = "BODY "
[wbmm_mrt_node-4]              joint_5:   ID = 21, parent = 6, type = "JOINT "
[wbmm_mrt_node-4]               Link_5:   ID = 22, parent = 6, type = "BODY "
[wbmm_mrt_node-4]              joint_6:   ID = 23, parent = 7, type = "JOINT "
[wbmm_mrt_node-4]               Link_6:   ID = 24, parent = 7, type = "BODY "
[wbmm_mrt_node-4]              fixed_2:   ID = 25, parent = 7, type = "FIXED_JOINT "
[wbmm_mrt_node-4]            Link_6_45:   ID = 26, parent = 7, type = "BODY "
[wbmm_mrt_node-4]   jk_se_vi_200_joint:   ID = 27, parent = 7, type = "FIXED_JOINT "
[wbmm_mrt_node-4]    jk_se_vi_200_link:   ID = 28, parent = 7, type = "BODY "
[wbmm_mrt_node-4] tool0_and_camera_link_joint:   ID = 29, parent = 7, type = "FIXED_JOINT "
[wbmm_mrt_node-4] tool0_and_camera_link:   ID = 30, parent = 7, type = "BODY "
[wbmm_mrt_node-4]          d435i_joint:   ID = 31, parent = 7, type = "FIXED_JOINT "
[wbmm_mrt_node-4]           d435i_link:   ID = 32, parent = 7, type = "BODY "
[wbmm_mrt_node-4]          tool0_joint:   ID = 33, parent = 7, type = "FIXED_JOINT "
[wbmm_mrt_node-4]                tool0:   ID = 34, parent = 7, type = "BODY "
[wbmm_mrt_node-4]        base_to_laser:   ID = 35, parent = 1, type = "FIXED_JOINT "
[wbmm_mrt_node-4]           laser_link:   ID = 36, parent = 1, type = "BODY "
[wbmm_mrt_node-4]      fl_castor_wheel:   ID = 37, parent = 1, type = "FIXED_JOINT "
[wbmm_mrt_node-4]       fl_castor_link:   ID = 38, parent = 1, type = "BODY "
[wbmm_mrt_node-4]             fl_wheel:   ID = 39, parent = 1, type = "FIXED_JOINT "
[wbmm_mrt_node-4]        fl_wheel_link:   ID = 40, parent = 1, type = "BODY "
[wbmm_mrt_node-4]      fr_castor_wheel:   ID = 41, parent = 1, type = "FIXED_JOINT "
[wbmm_mrt_node-4]       fr_castor_link:   ID = 42, parent = 1, type = "BODY "
[wbmm_mrt_node-4]             fr_wheel:   ID = 43, parent = 1, type = "FIXED_JOINT "
[wbmm_mrt_node-4]        fr_wheel_link:   ID = 44, parent = 1, type = "BODY "
[wbmm_mrt_node-4]       inertial_joint:   ID = 45, parent = 1, type = "FIXED_JOINT "
[wbmm_mrt_node-4]        inertial_link:   ID = 46, parent = 1, type = "BODY "
[wbmm_mrt_node-4] joint_aluminium_2_base_link:   ID = 47, parent = 1, type = "FIXED_JOINT "
[wbmm_mrt_node-4] aluminium_2_base_link:   ID = 48, parent = 1, type = "BODY "
[wbmm_mrt_node-4] joint_aluminium_3_base_link:   ID = 49, parent = 1, type = "FIXED_JOINT "
[wbmm_mrt_node-4] aluminium_3_base_link:   ID = 50, parent = 1, type = "BODY "
[wbmm_mrt_node-4] joint_aluminium_4_base_link:   ID = 51, parent = 1, type = "FIXED_JOINT "
[wbmm_mrt_node-4] aluminium_4_base_link:   ID = 52, parent = 1, type = "BODY "
[wbmm_mrt_node-4] joint_aluminium_base_link:   ID = 53, parent = 1, type = "FIXED_JOINT "
[wbmm_mrt_node-4]  aluminium_base_link:   ID = 54, parent = 1, type = "BODY "
[wbmm_mrt_node-4]           left_wheel:   ID = 55, parent = 1, type = "FIXED_JOINT "
[wbmm_mrt_node-4]      left_wheel_link:   ID = 56, parent = 1, type = "BODY "
[wbmm_mrt_node-4]          right_wheel:   ID = 57, parent = 1, type = "FIXED_JOINT "
[wbmm_mrt_node-4]     right_wheel_link:   ID = 58, parent = 1, type = "BODY "
[wbmm_mrt_node-4]      rl_castor_wheel:   ID = 59, parent = 1, type = "FIXED_JOINT "
[wbmm_mrt_node-4]       rl_castor_link:   ID = 60, parent = 1, type = "BODY "
[wbmm_mrt_node-4]             rl_wheel:   ID = 61, parent = 1, type = "FIXED_JOINT "
[wbmm_mrt_node-4]        rl_wheel_link:   ID = 62, parent = 1, type = "BODY "
[wbmm_mrt_node-4]      rr_castor_wheel:   ID = 63, parent = 1, type = "FIXED_JOINT "
[wbmm_mrt_node-4]       rr_castor_link:   ID = 64, parent = 1, type = "BODY "
[wbmm_mrt_node-4]             rr_wheel:   ID = 65, parent = 1, type = "FIXED_JOINT "
[wbmm_mrt_node-4]        rr_wheel_link:   ID = 66, parent = 1, type = "BODY "
[wbmm_mrt_node-4]          tracer_base:   ID = 67, parent = 1, type = "FIXED_JOINT "
[wbmm_mrt_node-4]     urbase_base_link:   ID = 68, parent = 1, type = "BODY "
[wbmm_mrt_node-4] 
[wbmm_mrt_node-4]  #### Model Settings:
[wbmm_mrt_node-4]  #### =============================================================================
[wbmm_mrt_node-4]  #### 'usePreComputation'......................................................1
[wbmm_mrt_node-4]  #### 'recompileLibraries'.....................................................1
[wbmm_mrt_node-4]  #### =============================================================================
[wbmm_mrt_node-4] Initial State:          0        0        0        0   1.5707        0   1.5707  3.14159 0.785398
[wbmm_mrt_node-4] 
[wbmm_mrt_node-4]  #### DDP Settings: 
[wbmm_mrt_node-4]  #### =============================================================================
[wbmm_mrt_node-4]  #### 'algorithm'............................................................SLQ
[wbmm_mrt_node-4]  #### 'nThreads'...............................................................3
[wbmm_mrt_node-4]  #### 'threadPriority'........................................................50
[wbmm_mrt_node-4]  #### 'maxNumIterations'.......................................................1
[wbmm_mrt_node-4]  #### 'minRelCost'...........................................................0.1
[wbmm_mrt_node-4]  #### 'constraintTolerance'................................................0.001
[wbmm_mrt_node-4]  #### 'displayInfo'............................................................0
[wbmm_mrt_node-4]  #### 'displayShortSummary'....................................................0
[wbmm_mrt_node-4]  #### 'checkNumericalStability'................................................0
[wbmm_mrt_node-4]  #### 'debugPrintRollout'......................................................0
[wbmm_mrt_node-4]  #### 'AbsTolODE'..........................................................1e-05
[wbmm_mrt_node-4]  #### 'RelTolODE'..........................................................0.001
[wbmm_mrt_node-4]  #### 'maxNumStepsPerSecond'..............................................100000
[wbmm_mrt_node-4]  #### 'timeStep'...........................................................0.001
[wbmm_mrt_node-4]  #### 'backwardPassIntegratorType'.........................................ODE45
[wbmm_mrt_node-4]  #### 'constraintPenaltyInitialValue'.........................................20
[wbmm_mrt_node-4]  #### 'constraintPenaltyIncreaseRate'..........................................2
[wbmm_mrt_node-4]  #### 'preComputeRiccatiTerms'.................................................1
[wbmm_mrt_node-4]  #### 'useFeedbackPolicy'......................................................1
[wbmm_mrt_node-4]  #### 'riskSensitiveCoeff'.....................................................0 (default)
[wbmm_mrt_node-4]  #### 'strategy'.....................................................LINE_SEARCH
[wbmm_mrt_node-4]  #### LINE_SEARCH Settings: {
[wbmm_mrt_node-4]  #### 'minStepLength'.......................................................0.01
[wbmm_mrt_node-4]  #### 'maxStepLength'..........................................................1
[wbmm_mrt_node-4]  #### 'contractionRate'......................................................0.5 (default)
[wbmm_mrt_node-4]  #### 'armijoCoefficient'.................................................0.0001 (default)
[wbmm_mrt_node-4]  #### 'hessianCorrectionStrategy'.................................DIAGONAL_SHIFT
[wbmm_mrt_node-4]  #### 'hessianCorrectionMultiple'..........................................0.001
[wbmm_mrt_node-4]  #### }
[wbmm_mrt_node-4]  #### =============================================================================
[wbmm_mrt_node-4] 
[wbmm_mrt_node-4]  #### MPC Settings:
[wbmm_mrt_node-4]  #### =============================================================================
[wbmm_mrt_node-4]  #### 'timeHorizon'............................................................2
[wbmm_mrt_node-4]  #### 'solutionTimeWindow'...................................................0.2
[wbmm_mrt_node-4]  #### 'coldStart'..............................................................0
[wbmm_mrt_node-4]  #### 'debugPrint'.............................................................0
[wbmm_mrt_node-4]  #### 'mpcDesiredFrequency'..................................................100
[wbmm_mrt_node-4]  #### 'mrtDesiredFrequency'..................................................400
[wbmm_mrt_node-4]  #### =============================================================================
[wbmm_mrt_node-4] 
[wbmm_mrt_node-4]  #### Multiple-Shooting SQP Settings:
[wbmm_mrt_node-4]  #### =============================================================================
[wbmm_mrt_node-4]  #### 'sqpIteration'..........................................................10 (default)
[wbmm_mrt_node-4]  #### 'deltaTol'...........................................................1e-06 (default)
[wbmm_mrt_node-4]  #### 'alpha_decay'..........................................................0.5 (default)
[wbmm_mrt_node-4]  #### 'alpha_min'.........................................................0.0001 (default)
[wbmm_mrt_node-4]  #### 'gamma_c'............................................................1e-06 (default)
[wbmm_mrt_node-4]  #### 'g_max'..............................................................1e+06 (default)
[wbmm_mrt_node-4]  #### 'g_min'..............................................................1e-06 (default)
[wbmm_mrt_node-4]  #### 'armijoFactor'......................................................0.0001 (default)
[wbmm_mrt_node-4]  #### 'costTol'...........................................................0.0001 (default)
[wbmm_mrt_node-4]  #### 'dt'..................................................................0.01 (default)
[wbmm_mrt_node-4]  #### 'useFeedbackPolicy'......................................................1 (default)
[wbmm_mrt_node-4]  #### 'createValueFunction'....................................................0 (default)
[wbmm_mrt_node-4]  #### 'integratorType'.......................................................RK2 (default)
[wbmm_mrt_node-4]  #### 'inequalityConstraintMu'.................................................0 (default)
[wbmm_mrt_node-4]  #### 'inequalityConstraintDelta'..........................................1e-06 (default)
[wbmm_mrt_node-4]  #### 'projectStateInputEqualityConstraints'...................................1 (default)
[wbmm_mrt_node-4]  #### 'extractProjectionMultiplier'............................................0 (default)
[wbmm_mrt_node-4]  #### 'printSolverStatus'......................................................0 (default)
[wbmm_mrt_node-4]  #### 'printSolverStatistics'..................................................0 (default)
[wbmm_mrt_node-4]  #### 'printLinesearch'........................................................0 (default)
[wbmm_mrt_node-4]  #### 'enableLogging'..........................................................1 (default)
[wbmm_mrt_node-4]  #### 'logSize'.............................................................1000 (default)
[wbmm_mrt_node-4]  #### 'logFilePath'.........................................../tmp/ocs2/sqp_log/ (default)
[wbmm_mrt_node-4]  #### 'nThreads'...............................................................4 (default)
[wbmm_mrt_node-4]  #### 'threadPriority'........................................................50 (default)
[wbmm_mrt_node-4] 
[wbmm_mrt_node-4]  #### HPIPM Settings:
[wbmm_mrt_node-4]  #### =============================================================================
[wbmm_mrt_node-4]  #### 'mode'...................................................................1 (default)
[wbmm_mrt_node-4]  #### 'iter_max'..............................................................30 (default)
[wbmm_mrt_node-4]  #### 'alpha_min'..........................................................1e-12 (default)
[wbmm_mrt_node-4]  #### 'mu0'...................................................................10 (default)
[wbmm_mrt_node-4]  #### 'tol_stat'...........................................................1e-06 (default)
[wbmm_mrt_node-4]  #### 'tol_eq'.............................................................1e-08 (default)
[wbmm_mrt_node-4]  #### 'tol_ineq'...........................................................1e-08 (default)
[wbmm_mrt_node-4]  #### 'tol_comp'...........................................................1e-08 (default)
[wbmm_mrt_node-4]  #### 'reg_prim'...........................................................1e-12 (default)
[wbmm_mrt_node-4]  #### 'warm_start'.............................................................0 (default)
[wbmm_mrt_node-4]  #### 'pred_corr'..............................................................1 (default)
[wbmm_mrt_node-4]  #### 'ric_alg'................................................................0 (default)
[wbmm_mrt_node-4]  #### =============================================================================
[wbmm_mrt_node-4]  #### =============================================================================
[wbmm_mrt_node-4] WARNING: Loaded at least one default value in matrix: "inputCost.R.base.wheelBasedMobileManipulator"
[wbmm_mpc_node-3] 
[wbmm_mpc_node-3]  #### JointVelocityLimits Settings: 
[wbmm_mpc_node-3]  #### =============================================================================
[wbmm_mpc_node-3]  #### 'lowerBound':  -0.1 -0.4 -0.2 -0.2 -0.2 -0.2 -0.2 -0.2
[wbmm_mpc_node-3]  #### 'upperBound':  0.1 0.4 0.2 0.2 0.2 0.2 0.2 0.2
[wbmm_mpc_node-3]  #### 'mu'..................................................................0.01
[wbmm_mpc_node-3]  #### 'delta'..............................................................0.001
[wbmm_mpc_node-3]  #### =============================================================================
[wbmm_mpc_node-3] 
[wbmm_mpc_node-3]  #### Dual-reference phase switching is ENABLED.
[wbmm_mpc_node-3]  #### wholeBodyTracking and endEffectorTracking are both registered and weighted by task phase.
[wbmm_mrt_node-4] WARNING: Loaded at least one default value in matrix: "inputCost.R.arm"
[wbmm_mrt_node-4] 
[wbmm_mrt_node-4]  #### Input Cost Settings: 
[wbmm_mrt_node-4]  #### =============================================================================
[wbmm_mrt_node-4] inputCost.R:  
[wbmm_mrt_node-4] 0.25    0    0    0    0    0    0    0
[wbmm_mrt_node-4]    0    1    0    0    0    0    0    0
[wbmm_mrt_node-4]    0    0 0.01    0    0    0    0    0
[wbmm_mrt_node-4]    0    0    0 0.01    0    0    0    0
[wbmm_mrt_node-4]    0    0    0    0 0.01    0    0    0
[wbmm_mrt_node-4]    0    0    0    0    0 0.01    0    0
[wbmm_mrt_node-4]    0    0    0    0    0    0 0.01    0
[wbmm_mrt_node-4]    0    0    0    0    0    0    0 0.01
[wbmm_mrt_node-4]  #### =============================================================================
[wbmm_mrt_node-4]  #### 'activate'...............................................................1
[wbmm_mrt_node-4] 
[wbmm_mrt_node-4]  #### JointPositionLimits Settings: 
[wbmm_mrt_node-4]  #### =============================================================================
[wbmm_mrt_node-4]  #### lowerBound: -6.28 -1.48 -3.05 -1.48 -6.28 -6.28
[wbmm_mrt_node-4]  #### upperBound: 6.28 4.62 3.05 4.62 6.28 6.28
[wbmm_mrt_node-4]  #### 'mu'..................................................................0.01
[wbmm_mrt_node-4]  #### 'delta'..............................................................0.001
[wbmm_mrt_node-4]  #### =============================================================================
[wbmm_mpc_node-3] WARNING: Loaded at least one default value in matrix: "wholeBodyTracking.Q.base"
[wbmm_mpc_node-3] WARNING: Loaded at least one default value in matrix: "wholeBodyTracking.Q.arm"
[wbmm_mpc_node-3] 
[wbmm_mpc_node-3]  #### wholeBodyTracking (intermediate) Settings: 
[wbmm_mpc_node-3]  #### =============================================================================
[wbmm_mpc_node-3]  #### stateDim : 9  (base 3 + arm 6)
[wbmm_mpc_node-3]  #### yawIndex : 2
[wbmm_mpc_node-3]  #### Q:
[wbmm_mpc_node-3] 5 0 0 0 0 0 0 0 0
[wbmm_mpc_node-3] 0 5 0 0 0 0 0 0 0
[wbmm_mpc_node-3] 0 0 2 0 0 0 0 0 0
[wbmm_mpc_node-3] 0 0 0 2 0 0 0 0 0
[wbmm_mpc_node-3] 0 0 0 0 2 0 0 0 0
[wbmm_mpc_node-3] 0 0 0 0 0 2 0 0 0
[wbmm_mpc_node-3] 0 0 0 0 0 0 2 0 0
[wbmm_mpc_node-3] 0 0 0 0 0 0 0 2 0
[wbmm_mpc_node-3] 0 0 0 0 0 0 0 0 2
[wbmm_mpc_node-3]  #### 参考轨迹来源: ROS topic <robot>_mpc_target (TargetTrajectories, 9 维 state)
[wbmm_mpc_node-3]  #### =============================================================================
[wbmm_mpc_node-3] WARNING: Loaded at least one default value in matrix: "endEffectorTracking.Q.position"
[wbmm_mpc_node-3] WARNING: Loaded at least one default value in matrix: "endEffectorTracking.Q.orientation"
[wbmm_mpc_node-3] 
[wbmm_mpc_node-3]  #### endEffectorTracking Settings: 
[wbmm_mpc_node-3]  #### =============================================================================
[wbmm_mpc_node-3]  #### Q.position:
[wbmm_mpc_node-3] 100   0   0
[wbmm_mpc_node-3]   0 100   0
[wbmm_mpc_node-3]   0   0 100
[wbmm_mpc_node-3]  #### Q.orientation:
[wbmm_mpc_node-3] 25  0  0
[wbmm_mpc_node-3]  0 25  0
[wbmm_mpc_node-3]  0  0 25
[wbmm_mpc_node-3]  #### =============================================================================
[wbmm_mrt_node-4] 
[wbmm_mrt_node-4]  #### JointVelocityLimits Settings: 
[wbmm_mrt_node-4]  #### =============================================================================
[wbmm_mrt_node-4]  #### 'lowerBound':  -0.1 -0.4 -0.2 -0.2 -0.2 -0.2 -0.2 -0.2
[wbmm_mrt_node-4]  #### 'upperBound':  0.1 0.4 0.2 0.2 0.2 0.2 0.2 0.2
[wbmm_mpc_node-3] WARNING: Loaded at least one default value in matrix: "wholeBodyTracking.Q.base"
[wbmm_mrt_node-4]  #### 'mu'..................................................................0.01
[wbmm_mrt_node-4]  #### 'delta'..............................................................0.001
[wbmm_mrt_node-4]  #### =============================================================================
[wbmm_mrt_node-4] 
[wbmm_mrt_node-4]  #### Dual-reference phase switching is ENABLED.
[wbmm_mrt_node-4]  #### wholeBodyTracking and endEffectorTracking are both registered and weighted by task phase.
[wbmm_mpc_node-3] WARNING: Loaded at least one default value in matrix: "wholeBodyTracking.Q.arm"
[wbmm_mpc_node-3] 
[wbmm_mpc_node-3]  #### wholeBodyTracking (final) Settings: 
[wbmm_mpc_node-3]  #### =============================================================================
[wbmm_mpc_node-3]  #### stateDim : 9  (base 3 + arm 6)
[wbmm_mpc_node-3]  #### yawIndex : 2
[wbmm_mpc_node-3]  #### Q:
[wbmm_mpc_node-3] 5 0 0 0 0 0 0 0 0
[wbmm_mpc_node-3] 0 5 0 0 0 0 0 0 0
[wbmm_mpc_node-3] 0 0 2 0 0 0 0 0 0
[wbmm_mpc_node-3] 0 0 0 2 0 0 0 0 0
[wbmm_mpc_node-3] 0 0 0 0 2 0 0 0 0
[wbmm_mpc_node-3] 0 0 0 0 0 2 0 0 0
[wbmm_mpc_node-3] 0 0 0 0 0 0 2 0 0
[wbmm_mpc_node-3] 0 0 0 0 0 0 0 2 0
[wbmm_mpc_node-3] 0 0 0 0 0 0 0 0 2
[wbmm_mpc_node-3]  #### 参考轨迹来源: ROS topic <robot>_mpc_target (TargetTrajectories, 9 维 state)
[wbmm_mpc_node-3]  #### =============================================================================
[wbmm_mpc_node-3] WARNING: Loaded at least one default value in matrix: "endEffectorTracking.Q.position"
[wbmm_mpc_node-3] WARNING: Loaded at least one default value in matrix: "endEffectorTracking.Q.orientation"
[wbmm_mpc_node-3] 
[wbmm_mpc_node-3]  #### endEffectorTracking Settings: 
[wbmm_mpc_node-3]  #### =============================================================================
[wbmm_mpc_node-3]  #### Q.position:
[wbmm_mpc_node-3] 100   0   0
[wbmm_mpc_node-3]   0 100   0
[wbmm_mpc_node-3]   0   0 100
[wbmm_mpc_node-3]  #### Q.orientation:
[wbmm_mpc_node-3] 25  0  0
[wbmm_mpc_node-3]  0 25  0
[wbmm_mpc_node-3]  0  0 25
[wbmm_mpc_node-3]  #### =============================================================================
[wbmm_mpc_node-3] 
[wbmm_mpc_node-3]  #### Arm Manipulability Settings:
[wbmm_mpc_node-3]  #### =============================================================================
[wbmm_mpc_node-3]  #### frameName: tool0
[wbmm_mpc_node-3]  #### stateFrame: odom
[wbmm_mpc_node-3]  #### metrics.scope/task/scaling: arm / pose / characteristic_length
[wbmm_mpc_node-3]  #### term: process/evaluator, normalized: 1, weightScale: 1, sigma: 1 ref=0.12 weight=0.5, Yoshikawa: 0 ref=0.0015 weight=0.005
[wbmm_mpc_node-3]  #### =============================================================================
[wbmm_mpc_node-3]  #### 'activate'...............................................................1
[wbmm_mpc_node-3] 
[wbmm_mpc_node-3]  #### SelfCollision Settings: 
[wbmm_mpc_node-3]  #### =============================================================================
[wbmm_mpc_node-3]  #### 'mu'..................................................................0.01
[wbmm_mpc_node-3]  #### 'delta'..............................................................0.001
[wbmm_mpc_node-3]  #### 'minimumDistance'.....................................................0.02
[wbmm_mpc_node-3]  #### 'selfCollision.collisionObjectPairs': { }
[wbmm_mpc_node-3]  #### 'selfCollision.collisionLinkPairs': {[base_link, Link_2], [base_link, Link_3], [base_link, Link_4], [base_link, Link_5], [base_link, Link_6], [base_link, tool0_and_camera_link], [base_link, d435i_link], [Link_0, Link_2], [Link_0, Link_3], [Link_1, Link_3], [Link_1, Link_4], [Link_2, Link_4], [Link_2, Link_5], [Link_3, Link_5], [Link_3, Link_6], [Link_4, Link_6], [Link_0, tool0_and_camera_link], [Link_1, tool0_and_camera_link], [Link_2, tool0_and_camera_link], [Link_3, tool0_and_camera_link], [Link_4, tool0_and_camera_link], [Link_5, tool0_and_camera_link], [Link_0, d435i_link], [Link_1, d435i_link], [Link_2, d435i_link], [Link_3, d435i_link], [Link_4, d435i_link], [Link_5, d435i_link], }
[wbmm_mpc_node-3]  #### minimumDistance: 0.02 (minimum allowed distance)
[wbmm_mpc_node-3]  #### activationDistance: 0.05 (penalty only active when distance < this value)
[wbmm_mpc_node-3]  #### =============================================================================
[wbmm_mrt_node-4] WARNING: Loaded at least one default value in matrix: "wholeBodyTracking.Q.base"
[wbmm_mrt_node-4] WARNING: Loaded at least one default value in matrix: "wholeBodyTracking.Q.arm"
[wbmm_mrt_node-4] 
[wbmm_mrt_node-4]  #### wholeBodyTracking (intermediate) Settings: 
[wbmm_mrt_node-4]  #### =============================================================================
[wbmm_mrt_node-4]  #### stateDim : 9  (base 3 + arm 6)
[wbmm_mrt_node-4]  #### yawIndex : 2
[wbmm_mrt_node-4]  #### Q:
[wbmm_mrt_node-4] 5 0 0 0 0 0 0 0 0
[wbmm_mrt_node-4] 0 5 0 0 0 0 0 0 0
[wbmm_mrt_node-4] 0 0 2 0 0 0 0 0 0
[wbmm_mrt_node-4] 0 0 0 2 0 0 0 0 0
[wbmm_mrt_node-4] 0 0 0 0 2 0 0 0 0
[wbmm_mrt_node-4] 0 0 0 0 0 2 0 0 0
[wbmm_mrt_node-4] 0 0 0 0 0 0 2 0 0
[wbmm_mrt_node-4] 0 0 0 0 0 0 0 2 0
[wbmm_mrt_node-4] 0 0 0 0 0 0 0 0 2
[wbmm_mrt_node-4]  #### 参考轨迹来源: ROS topic <robot>_mpc_target (TargetTrajectories, 9 维 state)
[wbmm_mrt_node-4]  #### =============================================================================
[wbmm_mrt_node-4] WARNING: Loaded at least one default value in matrix: "endEffectorTracking.Q.position"
[wbmm_mrt_node-4] WARNING: Loaded at least one default value in matrix: "endEffectorTracking.Q.orientation"
[wbmm_mrt_node-4] 
[wbmm_mrt_node-4]  #### endEffectorTracking Settings: 
[wbmm_mrt_node-4]  #### =============================================================================
[wbmm_mrt_node-4]  #### Q.position:
[wbmm_mrt_node-4] 100   0   0
[wbmm_mrt_node-4]   0 100   0
[wbmm_mrt_node-4]   0   0 100
[wbmm_mrt_node-4]  #### Q.orientation:
[wbmm_mrt_node-4] 25  0  0
[wbmm_mrt_node-4]  0 25  0
[wbmm_mrt_node-4]  0  0 25
[wbmm_mrt_node-4]  #### =============================================================================
[wbmm_mrt_node-4] WARNING: Loaded at least one default value in matrix: "wholeBodyTracking.Q.base"
[wbmm_mrt_node-4] WARNING: Loaded at least one default value in matrix: "wholeBodyTracking.Q.arm"
[wbmm_mrt_node-4] 
[wbmm_mrt_node-4]  #### wholeBodyTracking (final) Settings: 
[wbmm_mrt_node-4]  #### =============================================================================
[wbmm_mrt_node-4]  #### stateDim : 9  (base 3 + arm 6)
[wbmm_mrt_node-4]  #### yawIndex : 2
[wbmm_mrt_node-4]  #### Q:
[wbmm_mrt_node-4] 5 0 0 0 0 0 0 0 0
[wbmm_mrt_node-4] 0 5 0 0 0 0 0 0 0
[wbmm_mrt_node-4] 0 0 2 0 0 0 0 0 0
[wbmm_mrt_node-4] 0 0 0 2 0 0 0 0 0
[wbmm_mrt_node-4] 0 0 0 0 2 0 0 0 0
[wbmm_mrt_node-4] 0 0 0 0 0 2 0 0 0
[wbmm_mrt_node-4] 0 0 0 0 0 0 2 0 0
[wbmm_mrt_node-4] 0 0 0 0 0 0 0 2 0
[wbmm_mrt_node-4] 0 0 0 0 0 0 0 0 2
[wbmm_mrt_node-4]  #### 参考轨迹来源: ROS topic <robot>_mpc_target (TargetTrajectories, 9 维 state)
[wbmm_mrt_node-4]  #### =============================================================================
[wbmm_mrt_node-4] WARNING: Loaded at least one default value in matrix: "endEffectorTracking.Q.position"
[wbmm_mrt_node-4] WARNING: Loaded at least one default value in matrix: "endEffectorTracking.Q.orientation"
[wbmm_mrt_node-4] 
[wbmm_mrt_node-4]  #### endEffectorTracking Settings: 
[wbmm_mrt_node-4]  #### =============================================================================
[wbmm_mrt_node-4]  #### Q.position:
[wbmm_mrt_node-4] 100   0   0
[wbmm_mrt_node-4]   0 100   0
[wbmm_mrt_node-4]   0   0 100
[wbmm_mrt_node-4]  #### Q.orientation:
[wbmm_mrt_node-4] 25  0  0
[wbmm_mrt_node-4]  0 25  0
[wbmm_mrt_node-4]  0  0 25
[wbmm_mrt_node-4]  #### =============================================================================
[wbmm_mrt_node-4] 
[wbmm_mrt_node-4]  #### Arm Manipulability Settings:
[wbmm_mrt_node-4]  #### =============================================================================
[wbmm_mrt_node-4]  #### frameName: tool0
[wbmm_mrt_node-4]  #### stateFrame: odom
[wbmm_mrt_node-4]  #### metrics.scope/task/scaling: arm / pose / characteristic_length
[wbmm_mrt_node-4]  #### term: process/evaluator, normalized: 1, weightScale: 1, sigma: 1 ref=0.12 weight=0.5, Yoshikawa: 0 ref=0.0015 weight=0.005
[wbmm_mrt_node-4]  #### =============================================================================
[wbmm_mrt_node-4]  #### 'activate'...............................................................1
[wbmm_mrt_node-4] 
[wbmm_mrt_node-4]  #### SelfCollision Settings: 
[wbmm_mrt_node-4]  #### =============================================================================
[wbmm_mrt_node-4]  #### 'mu'..................................................................0.01
[wbmm_mrt_node-4]  #### 'delta'..............................................................0.001
[wbmm_mrt_node-4]  #### 'minimumDistance'.....................................................0.02
[wbmm_mrt_node-4]  #### 'selfCollision.collisionObjectPairs': { }
[wbmm_mrt_node-4]  #### 'selfCollision.collisionLinkPairs': {[base_link, Link_2], [base_link, Link_3], [base_link, Link_4], [base_link, Link_5], [base_link, Link_6], [base_link, tool0_and_camera_link], [base_link, d435i_link], [Link_0, Link_2], [Link_0, Link_3], [Link_1, Link_3], [Link_1, Link_4], [Link_2, Link_4], [Link_2, Link_5], [Link_3, Link_5], [Link_3, Link_6], [Link_4, Link_6], [Link_0, tool0_and_camera_link], [Link_1, tool0_and_camera_link], [Link_2, tool0_and_camera_link], [Link_3, tool0_and_camera_link], [Link_4, tool0_and_camera_link], [Link_5, tool0_and_camera_link], [Link_0, d435i_link], [Link_1, d435i_link], [Link_2, d435i_link], [Link_3, d435i_link], [Link_4, d435i_link], [Link_5, d435i_link], }
[wbmm_mrt_node-4]  #### minimumDistance: 0.02 (minimum allowed distance)
[wbmm_mrt_node-4]  #### activationDistance: 0.05 (penalty only active when distance < this value)
[wbmm_mrt_node-4]  #### =============================================================================
[wbmm_mpc_node-3] SelfCollision: Testing for 139 collision pairs
[wbmm_mpc_node-3] [CppAdInterface] Compiling Shared Library: /tmp/wbmm_force_mpc/auto_generated/mpc/dynamics_flow_map/cppad_generated/dynamics_flow_map_libcppadcg_tmp-94218118.so
[wbmm_mrt_node-4] SelfCollision: Testing for 139 collision pairs
[wbmm_mrt_node-4] [CppAdInterface] Compiling Shared Library: /tmp/wbmm_force_mpc/auto_generated/mrt/dynamics_flow_map/cppad_generated/dynamics_flow_map_libcppadcg_tmp-96318120.so
[virtual_wrench_node-7] [WARN] [1791518419.164676476] [virtual_force_publisher]: Virtual command TF not ready: "jk_se_vi_200_link" passed to lookupTransform argument target_frame does not exist. 
[robot_state_publisher-2] [INFO] [1791518419.180927104] [robot_state_publisher]: got segment Link_0
[robot_state_publisher-2] [INFO] [1791518419.181012703] [robot_state_publisher]: got segment Link_1
[robot_state_publisher-2] [INFO] [1791518419.181021595] [robot_state_publisher]: got segment Link_2
[robot_state_publisher-2] [INFO] [1791518419.181028054] [robot_state_publisher]: got segment Link_3
[robot_state_publisher-2] [INFO] [1791518419.181034313] [robot_state_publisher]: got segment Link_4
[robot_state_publisher-2] [INFO] [1791518419.181040514] [robot_state_publisher]: got segment Link_5
[robot_state_publisher-2] [INFO] [1791518419.181046736] [robot_state_publisher]: got segment Link_6
[robot_state_publisher-2] [INFO] [1791518419.181053281] [robot_state_publisher]: got segment Link_6_45
[robot_state_publisher-2] [INFO] [1791518419.181059927] [robot_state_publisher]: got segment aluminium_2_base_link
[robot_state_publisher-2] [INFO] [1791518419.181066637] [robot_state_publisher]: got segment aluminium_3_base_link
[robot_state_publisher-2] [INFO] [1791518419.181073100] [robot_state_publisher]: got segment aluminium_4_base_link
[robot_state_publisher-2] [INFO] [1791518419.181079531] [robot_state_publisher]: got segment aluminium_base_link
[robot_state_publisher-2] [INFO] [1791518419.181086014] [robot_state_publisher]: got segment base_footprint
[robot_state_publisher-2] [INFO] [1791518419.181092427] [robot_state_publisher]: got segment base_link
[robot_state_publisher-2] [INFO] [1791518419.181098816] [robot_state_publisher]: got segment d435i_link
[robot_state_publisher-2] [INFO] [1791518419.181105020] [robot_state_publisher]: got segment d455_link
[robot_state_publisher-2] [INFO] [1791518419.181111275] [robot_state_publisher]: got segment fl_castor_link
[robot_state_publisher-2] [INFO] [1791518419.181117653] [robot_state_publisher]: got segment fl_wheel_link
[robot_state_publisher-2] [INFO] [1791518419.181123922] [robot_state_publisher]: got segment fr_castor_link
[robot_state_publisher-2] [INFO] [1791518419.181130435] [robot_state_publisher]: got segment fr_wheel_link
[robot_state_publisher-2] [INFO] [1791518419.181136815] [robot_state_publisher]: got segment imu_link
[robot_state_publisher-2] [INFO] [1791518419.181143111] [robot_state_publisher]: got segment inertial_link
[robot_state_publisher-2] [INFO] [1791518419.181149441] [robot_state_publisher]: got segment jaka_base_link
[robot_state_publisher-2] [INFO] [1791518419.181155747] [robot_state_publisher]: got segment jk_se_vi_200_link
[robot_state_publisher-2] [INFO] [1791518419.181162147] [robot_state_publisher]: got segment laser_link
[robot_state_publisher-2] [INFO] [1791518419.181168461] [robot_state_publisher]: got segment left_wheel_link
[robot_state_publisher-2] [INFO] [1791518419.181174848] [robot_state_publisher]: got segment right_wheel_link
[robot_state_publisher-2] [INFO] [1791518419.181181062] [robot_state_publisher]: got segment rl_castor_link
[robot_state_publisher-2] [INFO] [1791518419.181187395] [robot_state_publisher]: got segment rl_wheel_link
[robot_state_publisher-2] [INFO] [1791518419.181193658] [robot_state_publisher]: got segment rr_castor_link
[robot_state_publisher-2] [INFO] [1791518419.181199914] [robot_state_publisher]: got segment rr_wheel_link
[robot_state_publisher-2] [INFO] [1791518419.181206213] [robot_state_publisher]: got segment tool0
[robot_state_publisher-2] [INFO] [1791518419.181212557] [robot_state_publisher]: got segment tool0_and_camera_link
[robot_state_publisher-2] [INFO] [1791518419.181219336] [robot_state_publisher]: got segment urbase_base_link
[wbmm_mrt_node-4] [CppAdInterface] Renaming /tmp/wbmm_force_mpc/auto_generated/mrt/dynamics_flow_map/cppad_generated/dynamics_flow_map_libcppadcg_tmp-96318120.so to /tmp/wbmm_force_mpc/auto_generated/mrt/dynamics_flow_map/cppad_generated/dynamics_flow_map_lib.so
[wbmm_mrt_node-4] [CppAdInterface] Compiling Shared Library: /tmp/wbmm_force_mpc/auto_generated/mrt/dynamics_jump_map/cppad_generated/dynamics_jump_map_libcppadcg_tmp-19918120.so
[wbmm_mpc_node-3] [CppAdInterface] Renaming /tmp/wbmm_force_mpc/auto_generated/mpc/dynamics_flow_map/cppad_generated/dynamics_flow_map_libcppadcg_tmp-94218118.so to /tmp/wbmm_force_mpc/auto_generated/mpc/dynamics_flow_map/cppad_generated/dynamics_flow_map_lib.so
[wbmm_mpc_node-3] [CppAdInterface] Compiling Shared Library: /tmp/wbmm_force_mpc/auto_generated/mpc/dynamics_jump_map/cppad_generated/dynamics_jump_map_libcppadcg_tmp-23818118.so
[wbmm_mrt_node-4] [CppAdInterface] Renaming /tmp/wbmm_force_mpc/auto_generated/mrt/dynamics_jump_map/cppad_generated/dynamics_jump_map_libcppadcg_tmp-19918120.so to /tmp/wbmm_force_mpc/auto_generated/mrt/dynamics_jump_map/cppad_generated/dynamics_jump_map_lib.so
[wbmm_mrt_node-4] [CppAdInterface] Compiling Shared Library: /tmp/wbmm_force_mpc/auto_generated/mrt/dynamics_guard_surfaces/cppad_generated/dynamics_guard_surfaces_libcppadcg_tmp-10918120.so
[wbmm_mpc_node-3] [CppAdInterface] Renaming /tmp/wbmm_force_mpc/auto_generated/mpc/dynamics_jump_map/cppad_generated/dynamics_jump_map_libcppadcg_tmp-23818118.so to /tmp/wbmm_force_mpc/auto_generated/mpc/dynamics_jump_map/cppad_generated/dynamics_jump_map_lib.so
[wbmm_mpc_node-3] [CppAdInterface] Compiling Shared Library: /tmp/wbmm_force_mpc/auto_generated/mpc/dynamics_guard_surfaces/cppad_generated/dynamics_guard_surfaces_libcppadcg_tmp-19718118.so
[wbmm_mpc_node-3] [CppAdInterface] Renaming /tmp/wbmm_force_mpc/auto_generated/mpc/dynamics_guard_surfaces/cppad_generated/dynamics_guard_surfaces_libcppadcg_tmp-19718118.so to /tmp/wbmm_force_mpc/auto_generated/mpc/dynamics_guard_surfaces/cppad_generated/dynamics_guard_surfaces_lib.so
[wbmm_mpc_node-3] 
[wbmm_mpc_node-3]  #### Rollout Settings: 
[wbmm_mpc_node-3]  #### =============================================================================
[wbmm_mpc_node-3]  #### 'AbsTolODE'..........................................................1e-05
[wbmm_mpc_node-3]  #### 'RelTolODE'..........................................................0.001
[wbmm_mpc_node-3]  #### 'maxNumStepsPerSecond'..............................................100000
[wbmm_mpc_node-3]  #### 'timeStep'............................................................0.01
[wbmm_mpc_node-3]  #### 'integratorType'.....................................................ODE45
[wbmm_mpc_node-3]  #### 'checkNumericalStability'................................................0
[wbmm_mpc_node-3]  #### 'reconstructInputTrajectory'.............................................1 (default)
[wbmm_mpc_node-3]  #### 'rootFindingAlgorithm'...................................................0 (default)
[wbmm_mpc_node-3]  #### 'maxSingleEventIterations'..............................................10 (default)
[wbmm_mpc_node-3]  #### 'useTrajectorySpreadingController'.......................................0 (default)
[wbmm_mpc_node-3]  #### =============================================================================
[wbmm_mpc_node-3] WARNING: Failed to set threads priority (one possible reason could be that the user and the group permissions are not set properly.)
[wbmm_mpc_node-3] WARNING: Failed to set threads priority (one possible reason could be that the user and the group permissions are not set properly.)
[wbmm_mpc_node-3] [INFO] [1791518419.794593873] [wbmm_mpc_node]: Task phase service : mobile_manipulator_set_task_phase
[wbmm_mpc_node-3] [INFO] [1791518419.794633442] [wbmm_mpc_node]: Task phase state   : mobile_manipulator_task_phase_state (latched)
[wbmm_mpc_node-3] [INFO] [1791518419.794641837] [wbmm_mpc_node]: Whole-body target: mobile_manipulator_whole_body_target
[wbmm_mpc_node-3] [INFO] [1791518419.794648013] [wbmm_mpc_node]: EE target       : /mobile_manipulator_ee_target
[wbmm_mpc_node-3] [INFO] [1791518419.794654592] [MPC_ROS_Interface]: MPC node is setting up ...
[wbmm_mpc_node-3] [INFO] [1791518419.796365999] [MPC_ROS_Interface]: Publishing SLQ-MPC messages on a separate thread.
[wbmm_mpc_node-3] [INFO] [1791518419.796385793] [MPC_ROS_Interface]: MPC node is ready.
[wbmm_mpc_node-3] [INFO] [1791518419.796390383] [MPC_ROS_Interface]: Start spinning now ...
[wbmm_mrt_node-4] [CppAdInterface] Renaming /tmp/wbmm_force_mpc/auto_generated/mrt/dynamics_guard_surfaces/cppad_generated/dynamics_guard_surfaces_libcppadcg_tmp-10918120.so to /tmp/wbmm_force_mpc/auto_generated/mrt/dynamics_guard_surfaces/cppad_generated/dynamics_guard_surfaces_lib.so
[wbmm_mrt_node-4] 
[wbmm_mrt_node-4]  #### Rollout Settings: 
[wbmm_mrt_node-4]  #### =============================================================================
[wbmm_mrt_node-4]  #### 'AbsTolODE'..........................................................1e-05
[wbmm_mrt_node-4]  #### 'RelTolODE'..........................................................0.001
[wbmm_mrt_node-4]  #### 'maxNumStepsPerSecond'..............................................100000
[wbmm_mrt_node-4]  #### 'timeStep'............................................................0.01
[wbmm_mrt_node-4]  #### 'integratorType'.....................................................ODE45
[wbmm_mrt_node-4]  #### 'checkNumericalStability'................................................0
[wbmm_mrt_node-4]  #### 'reconstructInputTrajectory'.............................................1 (default)
[wbmm_mrt_node-4]  #### 'rootFindingAlgorithm'...................................................0 (default)
[wbmm_mrt_node-4]  #### 'maxSingleEventIterations'..............................................10 (default)
[wbmm_mrt_node-4]  #### 'useTrajectorySpreadingController'.......................................0 (default)
[wbmm_mrt_node-4]  #### =============================================================================
[wbmm_mrt_node-4] [INFO] [1791518419.803727467] [wbmm_mrt_node]: OCS2 model dims: state=9 input=8 arm=6
[wbmm_mrt_node-4] [INFO] [1791518419.803875670] [wbmm_mrt_node]: Task phase mode: ENABLED, initial phase=2
[wbmm_mrt_node-4] [INFO] [1791518419.807062243] [wbmm_mrt_node]: Publishing base commands as Twist on /base_controller/cmd_vel
[wbmm_mrt_node-4] [INFO] [1791518419.807325871] [wbmm_mrt_node]: Publishing arm position commands on /arm_controller/commands
[wbmm_mrt_node-4] [INFO] [1791518419.810474360] [wbmm_mrt_node]: Subscribing task phase state on mobile_manipulator_task_phase_state
[wbmm_mrt_node-4] [INFO] [1791518419.810504113] [wbmm_mrt_node]: Forward controller joint command order: [joint_1, joint_2, joint_3, joint_4, joint_5, joint_6]
[wbmm_mrt_node-4] [INFO] [1791518419.813372212] [MRT_ROS_Interface]: MRT node is setting up ...
[wbmm_mrt_node-4] [INFO] [1791518419.814151037] [MRT_ROS_Interface]: Publishing MRT messages on a separate thread.
[wbmm_mrt_node-4] [INFO] [1791518419.814164929] [MRT_ROS_Interface]: MRT node is ready.
[wbmm_mrt_node-4]  #### 'activate'...............................................................1
[wbmm_mrt_node-4]  #### 'selfCollision.collisionObjectPairs': { }
[wbmm_mrt_node-4]  #### 'selfCollision.collisionLinkPairs': {[base_link, Link_2], [base_link, Link_3], [base_link, Link_4], [base_link, Link_5], [base_link, Link_6], [base_link, tool0_and_camera_link], [base_link, d435i_link], [Link_0, Link_2], [Link_0, Link_3], [Link_1, Link_3], [Link_1, Link_4], [Link_2, Link_4], [Link_2, Link_5], [Link_3, Link_5], [Link_3, Link_6], [Link_4, Link_6], [Link_0, tool0_and_camera_link], [Link_1, tool0_and_camera_link], [Link_2, tool0_and_camera_link], [Link_3, tool0_and_camera_link], [Link_4, tool0_and_camera_link], [Link_5, tool0_and_camera_link], [Link_0, d435i_link], [Link_1, d435i_link], [Link_2, d435i_link], [Link_3, d435i_link], [Link_4, d435i_link], [Link_5, d435i_link], }
[wbmm_mrt_node-4] [WARN] [1791518419.819734467] [rcl.logging_rosout]: Publisher already registered for provided node name. If this is due to multiple nodes with the same name then all logs for that logger name will go out over the existing publisher. As soon as any node with that name is destructed it will unregister the publisher, preventing any further logs for that name from being published on the rosout topic.
[wbmm_mrt_node-4] [INFO] [1791518419.823861946] [wbmm_mrt_node]: [WbmmVisualization] 自碰撞距离可视化已启用 (activationDistance=0.050)。
[wbmm_mrt_node-4] [INFO] [1791518419.824103929] [wbmm_mrt_node]: [WbmmVisualization] environmentCollision.activate=false, 无障碍物可视化。
[wbmm_mrt_node-4] [INFO] [1791518419.824127161] [wbmm_mrt_node]: [WbmmVisualization] up. frame=odom, stateDim=9, eeFrame=tool0
[wbmm_mrt_node-4] [INFO] [1791518419.824134093] [wbmm_mrt_node]: Visualization enabled: every 6 cycles (approximately 20.8 Hz)
[wbmm_mrt_node-4] [INFO] [1791518419.824206685] [wbmm_mrt_node]: Waiting for odom and complete joint_states...
[wbmm_mrt_node-4] [INFO] [1791518419.824330572] [wbmm_mrt_node]: Received initial task phase: 2 (active=0)
[mujoco_bridge-1] [INFO] [1791518420.160680317] [mujoco_bridge]: Arm physical position servos: kp=[1000.0, 2500.0, 2000.0, 300.0, 300.0, 50.0] kv=[200.0, 250.0, 250.0, 15.0, 15.0, 1.0] integrator=3
[mujoco_bridge-1] [INFO] [1791518420.161444037] [mujoco_bridge]: Arm position servos: gravity/Coriolis feedforward enabled
[mujoco_bridge-1] [INFO] [1791518420.197262437] [mujoco_bridge]: Loaded /home/a/WBMM/install/tracer_jaka_mujoco/share/tracer_jaka_mujoco/models/scene_force_follow_infinite.xml  dt=0.0020  exact_base=True
[wbmm_mrt_node-4] [INFO] [1791518420.924377267] [wbmm_mrt_node]: Initial EE target: pos=(-0.138, -0.476, 0.510), quat=(1.000, 0.009, -0.000, -0.000)
[wbmm_mrt_node-4] [INFO] [1791518420.924633242] [MRT_ROS_Interface]: MPC node has been reset.
[wbmm_mrt_node-4] [INFO] [1791518420.924643249] [wbmm_mrt_node]: Waiting for first MPC policy...
[wbmm_mpc_node-3] 
[wbmm_mpc_node-3] #####################################################
[wbmm_mpc_node-3] #####################################################
[wbmm_mpc_node-3] #################  MPC is reset.  ###################
[wbmm_mpc_node-3] #####################################################
[wbmm_mpc_node-3] #####################################################
[whole_body_force_control_node-6] [INFO] [1791518420.927769252] [whole_body_force_control]: Captured nominal TCP axes in odom
[wbmm_mrt_node-4] [INFO] [1791518421.025270399] [wbmm_mrt_node]: Got first MPC policy. Entering MRT loop at 125.0 Hz
[wbmm_mrt_node-4] [INFO] [1791518421.025821392] [wbmm_mrt_node]: MPC policy window: 0.258 s (planEnd - mpcInitObservation.time).
[wbmm_mrt_node-4] [INFO] [1791518423.025968874] [wbmm_mrt_node]: [timing] ctrl_loop=125.5 Hz (target 125.0) | work avg=1.06 ms max=5.66 ms | MPC_policy_seen=125.5 Hz | plan_age avg=7.0 ms max=12.0 ms | sim/wall=0.880
[wbmm_mrt_node-4] [INFO] [1791518425.033799615] [wbmm_mrt_node]: [timing] ctrl_loop=125.0 Hz (target 125.0) | work avg=0.98 ms max=4.33 ms | MPC_policy_seen=125.0 Hz | plan_age avg=7.2 ms max=12.0 ms | sim/wall=0.896
[mujoco_bridge-1] [INFO] [1791518426.495313253] [mujoco_bridge]: [arm-command] error=[ 0.002  0.002  0.014 -0.007  0.001  0.002] actuator=[ 1.2 19.3 20.1  2.9  0.3  0.1] constraint=[-0.5 -0.5 -0.5  0.3 -0.1 -0.1] nonfloor_contacts=none
[wbmm_mrt_node-4] [INFO] [1791518427.041918584] [wbmm_mrt_node]: [timing] ctrl_loop=125.0 Hz (target 125.0) | work avg=0.95 ms max=5.21 ms | MPC_policy_seen=125.0 Hz | plan_age avg=7.3 ms max=12.0 ms | sim/wall=0.906
[mujoco_bridge-1] [INFO] [1791518427.609161280] [mujoco_bridge]: [arm-command] error=[ 0.003  0.001  0.014 -0.006  0.001  0.003] actuator=[ 1.3 18.7 19.2  3.   0.3  0.1] constraint=[-0.5 -0.5 -0.5  0.3 -0.1 -0.1] nonfloor_contacts=none
[mujoco_bridge-1] [INFO] [1791518428.729500462] [mujoco_bridge]: [arm-command] error=[ 0.004  0.     0.016 -0.006  0.001  0.004] actuator=[ 1.5 17.6 18.8  3.   0.3  0.2] constraint=[-0.5 -0.5 -0.5  0.3 -0.1 -0.1] nonfloor_contacts=none
[wbmm_mrt_node-4] [INFO] [1791518429.049758251] [wbmm_mrt_node]: [timing] ctrl_loop=125.0 Hz (target 125.0) | work avg=0.97 ms max=5.91 ms | MPC_policy_seen=125.0 Hz | plan_age avg=7.2 ms max=8.0 ms | sim/wall=0.900
[mujoco_bridge-1] [INFO] [1791518429.842814337] [mujoco_bridge]: [arm-command] error=[ 0.004 -0.001  0.017 -0.006  0.001  0.005] actuator=[ 1.5 16.  17.6  3.   0.3  0.2] constraint=[-0.5  0.5 -0.5  0.3 -0.2 -0.2] nonfloor_contacts=none
[mujoco_bridge-1] [INFO] [1791518430.957258769] [mujoco_bridge]: [arm-command] error=[ 0.003 -0.001  0.018 -0.007  0.001  0.007] actuator=[ 0.4 13.7 17.6  2.9  0.3  0.3] constraint=[-0.5  0.5 -0.5  0.3 -0.1 -0.3] nonfloor_contacts=none
[wbmm_mrt_node-4] [INFO] [1791518431.053311484] [wbmm_mrt_node]: [timing] ctrl_loop=124.8 Hz (target 125.0) | work avg=0.94 ms max=4.26 ms | MPC_policy_seen=124.8 Hz | plan_age avg=7.2 ms max=12.0 ms | sim/wall=0.902
[mujoco_bridge-1] [INFO] [1791518432.069796907] [mujoco_bridge]: [arm-command] error=[ 0.001 -0.001  0.017 -0.005  0.     0.007] actuator=[-0.6 13.4 14.8  3.2  0.2  0.3] constraint=[-0.5  0.5 -0.5  0.3 -0.1 -0.2] nonfloor_contacts=none
[wbmm_mrt_node-4] [INFO] [1791518433.057817798] [wbmm_mrt_node]: [timing] ctrl_loop=125.2 Hz (target 125.0) | work avg=0.93 ms max=4.32 ms | MPC_policy_seen=125.2 Hz | plan_age avg=7.2 ms max=12.0 ms | sim/wall=0.900
[mujoco_bridge-1] [INFO] [1791518433.176618678] [mujoco_bridge]: [arm-command] error=[-0.003 -0.001  0.018 -0.005  0.     0.008] actuator=[-1.7 12.1 13.5  3.2  0.1  0.3] constraint=[ 0.5  0.5 -0.5  0.3 -0.1 -0.3] nonfloor_contacts=none
[mujoco_bridge-1] [INFO] [1791518434.278524225] [mujoco_bridge]: [arm-command] error=[-0.002 -0.007  0.017 -0.006 -0.     0.008] actuator=[-1.5 12.6 12.1  3.2  0.   0.3] constraint=[ 0.5  0.5 -0.5  0.3  0.  -0.3] nonfloor_contacts=none
[wbmm_mrt_node-4] [INFO] [1791518435.057893708] [wbmm_mrt_node]: [timing] ctrl_loop=125.0 Hz (target 125.0) | work avg=0.96 ms max=4.70 ms | MPC_policy_seen=125.0 Hz | plan_age avg=7.3 ms max=8.0 ms | sim/wall=0.908
[mujoco_bridge-1] [INFO] [1791518435.381370263] [mujoco_bridge]: [arm-command] error=[-0.001 -0.007  0.017 -0.006 -0.001  0.008] actuator=[-0.6 13.8 12.   3.1 -0.   0.3] constraint=[ 0.5  0.5 -0.5  0.3  0.1 -0.3] nonfloor_contacts=none
[mujoco_bridge-1] [INFO] [1791518436.484926418] [mujoco_bridge]: [arm-command] error=[-0.001 -0.005  0.015 -0.005 -0.     0.008] actuator=[-0.5 15.5 10.4  3.1 -0.   0.3] constraint=[ 0.5  0.5 -0.5  0.3  0.1 -0.3] nonfloor_contacts=none
[wbmm_mrt_node-4] [INFO] [1791518437.065867758] [wbmm_mrt_node]: [timing] ctrl_loop=125.0 Hz (target 125.0) | work avg=0.93 ms max=5.54 ms | MPC_policy_seen=125.0 Hz | plan_age avg=7.2 ms max=12.0 ms | sim/wall=0.904
[mujoco_bridge-1] [INFO] [1791518437.590576509] [mujoco_bridge]: [arm-command] error=[-0.001 -0.004  0.011 -0.004 -0.     0.008] actuator=[-0.4 16.5  9.4  3.1 -0.   0.3] constraint=[ 0.5  0.5 -0.5  0.3  0.1 -0.3] nonfloor_contacts=none
[wbmm_mrt_node-4] [INFO] [1791518439.068617431] [wbmm_mrt_node]: [timing] ctrl_loop=124.8 Hz (target 125.0) | work avg=0.93 ms max=4.48 ms | MPC_policy_seen=124.8 Hz | plan_age avg=7.2 ms max=12.0 ms | sim/wall=0.907
[mujoco_bridge-1] [INFO] [1791518440.931414223] [mujoco_bridge]: [arm-command] error=[-0.013 -0.003 -0.015  0.005 -0.003 -0.008] actuator=[-2.3 22.6 11.3  3.4 -0.5 -0.3] constraint=[ 0.5  0.5  0.5 -0.3  0.3  0.3] nonfloor_contacts=none
[wbmm_mrt_node-4] [INFO] [1791518441.073745578] [wbmm_mrt_node]: [timing] ctrl_loop=125.2 Hz (target 125.0) | work avg=0.92 ms max=5.73 ms | MPC_policy_seen=125.2 Hz | plan_age avg=7.2 ms max=12.0 ms | sim/wall=0.904
[mujoco_bridge-1] [INFO] [1791518442.045532495] [mujoco_bridge]: [arm-command] error=[-0.016 -0.003 -0.017  0.007 -0.002 -0.01 ] actuator=[-2.7 24.7 13.1  3.4 -0.5 -0.3] constraint=[ 0.5  0.5  0.5 -0.3  0.3  0.3] nonfloor_contacts=none
[wbmm_mrt_node-4] [INFO] [1791518443.081750894] [wbmm_mrt_node]: [timing] ctrl_loop=125.0 Hz (target 125.0) | work avg=0.95 ms max=5.28 ms | MPC_policy_seen=125.0 Hz | plan_age avg=7.3 ms max=8.0 ms | sim/wall=0.906
[mujoco_bridge-1] [INFO] [1791518443.159050852] [mujoco_bridge]: [arm-command] error=[-0.016 -0.003 -0.017  0.008 -0.001 -0.01 ] actuator=[-1.7 27.7 14.9  3.4 -0.2 -0.4] constraint=[ 0.5  0.5  0.5 -0.3  0.2  0.3] nonfloor_contacts=none
[mujoco_bridge-1] [INFO] [1791518444.286496678] [mujoco_bridge]: [arm-command] error=[-0.016 -0.004 -0.017  0.009  0.    -0.01 ] actuator=[-1.6e+00  3.0e+01  1.7e+01  3.3e+00 -7.2e-03 -3.4e-01] constraint=[ 0.5  0.5  0.5 -0.3 -0.   0.3] nonfloor_contacts=none
[wbmm_mrt_node-4] [INFO] [1791518445.089734999] [wbmm_mrt_node]: [timing] ctrl_loop=125.0 Hz (target 125.0) | work avg=0.94 ms max=5.58 ms | MPC_policy_seen=125.0 Hz | plan_age avg=7.2 ms max=12.0 ms | sim/wall=0.900
[mujoco_bridge-1] [INFO] [1791518445.399756128] [mujoco_bridge]: [arm-command] error=[-0.014  0.003 -0.015  0.009  0.001 -0.008] actuator=[-5.3 30.2 17.9  3.4  0.2 -0.3] constraint=[ 0.5 -0.5  0.5 -0.3 -0.3  0.3] nonfloor_contacts=none
[wbmm_mrt_node-4] [INFO] [1791518447.089766854] [wbmm_mrt_node]: [timing] ctrl_loop=125.0 Hz (target 125.0) | work avg=0.94 ms max=4.48 ms | MPC_policy_seen=125.0 Hz | plan_age avg=7.2 ms max=12.0 ms | sim/wall=0.906
[WARNING] [launch]: user interrupted with ctrl-c (SIGINT)
[INFO] [keyboard_wrench_node-8]: sending signal 'SIGINT' to process[keyboard_wrench_node-8]
[INFO] [virtual_wrench_node-7]: sending signal 'SIGINT' to process[virtual_wrench_node-7]
[INFO] [whole_body_force_control_node-6]: sending signal 'SIGINT' to process[whole_body_force_control_node-6]
[INFO] [force_sensor_processor_node-5]: sending signal 'SIGINT' to process[force_sensor_processor_node-5]
[INFO] [wbmm_mrt_node-4]: sending signal 'SIGINT' to process[wbmm_mrt_node-4]
[INFO] [wbmm_mpc_node-3]: sending signal 'SIGINT' to process[wbmm_mpc_node-3]
[INFO] [robot_state_publisher-2]: sending signal 'SIGINT' to process[robot_state_publisher-2]
[INFO] [mujoco_bridge-1]: sending signal 'SIGINT' to process[mujoco_bridge-1]
[keyboard_wrench_node-8] [INFO] [1791518449.049689960] [rclcpp]: signal_handler(SIGINT/SIGTERM)
[wbmm_mrt_node-4] [INFO] [1791518449.049698590] [rclcpp]: signal_handler(SIGINT/SIGTERM)
[virtual_wrench_node-7] [INFO] [1791518449.049706865] [rclcpp]: signal_handler(SIGINT/SIGTERM)
[whole_body_force_control_node-6] [INFO] [1791518449.049714268] [rclcpp]: signal_handler(SIGINT/SIGTERM)
[wbmm_mpc_node-3] [INFO] [1791518449.049913397] [rclcpp]: signal_handler(SIGINT/SIGTERM)
[wbmm_mpc_node-3] [INFO] [1791518449.052436599] [MPC_ROS_Interface]: Shutting down workers ...
[wbmm_mpc_node-3] [INFO] [1791518449.052473624] [MPC_ROS_Interface]: All workers are shut down.
[force_sensor_processor_node-5] [INFO] [1791518449.049994535] [rclcpp]: signal_handler(SIGINT/SIGTERM)
[robot_state_publisher-2] [INFO] [1791518449.050295331] [rclcpp]: signal_handler(SIGINT/SIGTERM)
[keyboard_wrench_node-8] [INFO] [1791518449.053481506] [rclcpp]: signal_handler(SIGINT/SIGTERM)
[virtual_wrench_node-7] [INFO] [1791518449.054161729] [rclcpp]: signal_handler(SIGINT/SIGTERM)
[whole_body_force_control_node-6] [INFO] [1791518449.054666630] [rclcpp]: signal_handler(SIGINT/SIGTERM)
[ERROR] [wbmm_mpc_node-3]: process has died [pid 18118, exit code -2, cmd '/home/a/WBMM/install/wbmm_ocs2_ros/lib/wbmm_ocs2_ros/wbmm_mpc_node --ros-args -r __node:=wbmm_mpc_node --params-file /home/a/WBMM/install/tracer_jaka_bringup/share/tracer_jaka_bringup/config/common/ocs2.yaml --params-file /home/a/WBMM/install/tracer_jaka_bringup/share/tracer_jaka_bringup/config/sim/ocs2.yaml --params-file /tmp/launch_params_ii33q6oh'].
[force_sensor_processor_node-5] [INFO] [1791518449.055193230] [rclcpp]: signal_handler(SIGINT/SIGTERM)
[wbmm_mrt_node-4] [INFO] [1791518449.055691772] [rclcpp]: signal_handler(SIGINT/SIGTERM)
[robot_state_publisher-2] [INFO] [1791518449.056719713] [rclcpp]: signal_handler(SIGINT/SIGTERM)
[wbmm_mrt_node-4] [INFO] [1791518449.075377550] [MRT_ROS_Interface]: Shutting down workers ...
[wbmm_mrt_node-4] [INFO] [1791518449.075404237] [MRT_ROS_Interface]: All workers are shut down.
[mujoco_bridge-1] Exception ignored in: <module 'threading' from '/usr/lib/python3.10/threading.py'>
[mujoco_bridge-1] Traceback (most recent call last):
[mujoco_bridge-1]   File "/usr/lib/python3.10/threading.py", line 1537, in _shutdown
[mujoco_bridge-1]     atexit_call()
[mujoco_bridge-1]   File "/usr/lib/python3.10/concurrent/futures/thread.py", line 31, in _python_exit
[mujoco_bridge-1]     t.join()
[mujoco_bridge-1]   File "/usr/lib/python3.10/threading.py", line 1096, in join
[mujoco_bridge-1]     self._wait_for_tstate_lock()
[mujoco_bridge-1]   File "/usr/lib/python3.10/threading.py", line 1116, in _wait_for_tstate_lock
[mujoco_bridge-1]     if lock.acquire(block, timeout):
[mujoco_bridge-1] KeyboardInterrupt: 
[INFO] [keyboard_wrench_node-8]: process has finished cleanly [pid 18128]
[INFO] [virtual_wrench_node-7]: process has finished cleanly [pid 18126]
[INFO] [force_sensor_processor_node-5]: process has finished cleanly [pid 18122]
[INFO] [robot_state_publisher-2]: process has finished cleanly [pid 18116]
[INFO] [mujoco_bridge-1]: process has finished cleanly [pid 18114]
[INFO] [wbmm_mrt_node-4]: process has finished cleanly [pid 18120]
[INFO] [whole_body_force_control_node-6]: process has finished cleanly [pid 18124]
