START sigma initial_zero 3.0 simulation seconds
{"name": "initial_zero", "key": null, "duration_s": 3.0, "samples": 146, "min_sigma": 0.12195520088508623, "min_yoshikawa": 0.002062312154427267, "tracking_rms_m": 0.00013845250850307958, "tcp_change_m": [6.710639252149875e-05, 1.0770317596942025e-05, 0.00015874100057189366], "end_q": [-0.5150465965270996, 1.569069743156433, -1.5685230493545532, 1.569782018661499, 1.5704184770584106, 0.2507060766220093], "mean_force_tcp_n": [0.0, 0.0, 0.0]}
START sigma 0_f 8.0 simulation seconds
{"name": "0_f", "key": "f", "duration_s": 8.0, "samples": 344, "min_sigma": 0.06765577222389103, "min_yoshikawa": 0.0007910016919318047, "tracking_rms_m": 0.03476014166136373, "tcp_change_m": [0.002779561172208539, 0.04284450094550618, 0.3312791887193798], "end_q": [-0.4571017622947693, 1.5962498188018799, -0.635540783405304, 0.803127646446228, 1.6005831956863403, 0.6539679169654846], "mean_force_tcp_n": [0.0, 0.0, -9.922799057353762]}
START sigma 1_zero 4.0 simulation seconds
{"name": "1_zero", "key": null, "duration_s": 4.0, "samples": 168, "min_sigma": 0.042875888147725826, "min_yoshikawa": 0.0004599353460105992, "tracking_rms_m": 0.04751252994591565, "tcp_change_m": [-0.004101111686718756, -0.0038665340585760655, 0.025968459974754055], "end_q": [-0.5216051936149597, 1.5082298517227173, -0.37375563383102417, 0.6050921678543091, 1.5967719554901123, 1.0335445404052734], "mean_force_tcp_n": [0.0, 0.0, -0.1119313076004191]}
START sigma 2_r 6.0 simulation seconds
{"name": "2_r", "key": "r", "duration_s": 6.0, "samples": 252, "min_sigma": 0.042864925316007205, "min_yoshikawa": 0.00045776566901606944, "tracking_rms_m": 0.03166449110276348, "tcp_change_m": [0.021567911839001475, -0.028015195245022162, -0.21017333771791968], "end_q": [-0.6107558012008667, 1.5030601024627686, -1.0589585304260254, 1.0222219228744507, 1.5339491367340088, 1.0281310081481934], "mean_force_tcp_n": [0.0, 0.0, 9.936864278051873]}
START sigma 3_zero 4.0 simulation seconds
{"name": "3_zero", "key": null, "duration_s": 4.0, "samples": 168, "min_sigma": 0.1043959298483574, "min_yoshikawa": 0.001774729423495976, "tracking_rms_m": 0.02004970228091391, "tcp_change_m": [-0.017693087003604502, 0.018319985367678093, -0.047160336252117574], "end_q": [-0.7034633159637451, 1.6352980136871338, -1.3572489023208618, 1.288649559020996, 1.5687713623046875, 0.82354336977005], "mean_force_tcp_n": [0.0, 0.0, 0.11210367534000401]}
{
  "name": "sigma",
  "passed": true,
  "error": null,
  "faults": [],
  "unexpected_collision": false,
  "collision_monitor_seen": true,
  "stages": [
    {
      "name": "initial_zero",
      "key": null,
      "duration_s": 3.0,
      "samples": 146,
      "min_sigma": 0.12195520088508623,
      "min_yoshikawa": 0.002062312154427267,
      "tracking_rms_m": 0.00013845250850307958,
      "tcp_change_m": [
        6.710639252149875e-05,
        1.0770317596942025e-05,
        0.00015874100057189366
      ],
      "end_q": [
        -0.5150465965270996,
        1.569069743156433,
        -1.5685230493545532,
        1.569782018661499,
        1.5704184770584106,
        0.2507060766220093
      ],
      "mean_force_tcp_n": [
        0.0,
        0.0,
        0.0
      ]
    },
    {
      "name": "0_f",
      "key": "f",
      "duration_s": 8.0,
      "samples": 344,
      "min_sigma": 0.06765577222389103,
      "min_yoshikawa": 0.0007910016919318047,
      "tracking_rms_m": 0.03476014166136373,
      "tcp_change_m": [
        0.002779561172208539,
        0.04284450094550618,
        0.3312791887193798
      ],
      "end_q": [
        -0.4571017622947693,
        1.5962498188018799,
        -0.635540783405304,
        0.803127646446228,
        1.6005831956863403,
        0.6539679169654846
      ],
      "mean_force_tcp_n": [
        0.0,
        0.0,
        -9.922799057353762
      ]
    },
    {
      "name": "1_zero",
      "key": null,
      "duration_s": 4.0,
      "samples": 168,
      "min_sigma": 0.042875888147725826,
      "min_yoshikawa": 0.0004599353460105992,
      "tracking_rms_m": 0.04751252994591565,
      "tcp_change_m": [
        -0.004101111686718756,
        -0.0038665340585760655,
        0.025968459974754055
      ],
      "end_q": [
        -0.5216051936149597,
        1.5082298517227173,
        -0.37375563383102417,
        0.6050921678543091,
        1.5967719554901123,
        1.0335445404052734
      ],
      "mean_force_tcp_n": [
        0.0,
        0.0,
        -0.1119313076004191
      ]
    },
    {
      "name": "2_r",
      "key": "r",
      "duration_s": 6.0,
      "samples": 252,
      "min_sigma": 0.042864925316007205,
      "min_yoshikawa": 0.00045776566901606944,
      "tracking_rms_m": 0.03166449110276348,
      "tcp_change_m": [
        0.021567911839001475,
        -0.028015195245022162,
        -0.21017333771791968
      ],
      "end_q": [
        -0.6107558012008667,
        1.5030601024627686,
        -1.0589585304260254,
        1.0222219228744507,
        1.5339491367340088,
        1.0281310081481934
      ],
      "mean_force_tcp_n": [
        0.0,
        0.0,
        9.936864278051873
      ]
    },
    {
      "name": "3_zero",
      "key": null,
      "duration_s": 4.0,
      "samples": 168,
      "min_sigma": 0.1043959298483574,
      "min_yoshikawa": 0.001774729423495976,
      "tracking_rms_m": 0.02004970228091391,
      "tcp_change_m": [
        -0.017693087003604502,
        0.018319985367678093,
        -0.047160336252117574
      ],
      "end_q": [
        -0.7034633159637451,
        1.6352980136871338,
        -1.3572489023208618,
        1.288649559020996,
        1.5687713623046875,
        0.82354336977005
      ],
      "mean_force_tcp_n": [
        0.0,
        0.0,
        0.11210367534000401
      ]
    }
  ],
  "jacobian": {
    "scope": "arm",
    "task": "pose",
    "scaling": "characteristic_length",
    "ell_m": 0.3
  },
  "sequence": "f:8,zero:4,r:6,zero:4",
  "metrics_are_diagnostic_only": true,
  "min_sigma": 0.042864925316007205,
  "min_yoshikawa": 0.00045776566901606944,
  "tracking_rms_m": 0.03216228127027785,
  "maximum_tracking_error_m": 0.062001473405863816,
  "end_state": [
    -0.2726026773452759,
    -0.014822331257164478,
    0.7581448554992676,
    -0.7034633159637451,
    1.6352980136871338,
    -1.3572489023208618,
    1.288649559020996,
    1.5687713623046875,
    0.82354336977005
  ],
  "predicted_horizon_s": 1.999999999,
  "solve_ms_p95": 32.144879
}
