START after_yoshikawa initial_zero 3.0 simulation seconds
{"name": "initial_zero", "key": null, "duration_s": 3.0, "samples": 145, "min_sigma": 0.12195951474524072, "min_yoshikawa": 0.002062312154421693, "tracking_rms_m": 0.00014871433654606745, "tcp_change_m": [6.745073706157512e-05, 2.3459738457354273e-05, 0.00016359442525915036], "end_q": [-0.5150408148765564, 1.5691615343093872, -1.5686169862747192, 1.5698332786560059, 1.5704267024993896, 0.2507244646549225], "mean_force_tcp_n": [0.0, 0.0, 0.0]}
START after_yoshikawa 0_f 8.0 simulation seconds
{"name": "0_f", "key": "f", "duration_s": 8.0, "samples": 344, "min_sigma": 0.07045671432843013, "min_yoshikawa": 0.0008059270468859874, "tracking_rms_m": 0.035826491384748055, "tcp_change_m": [0.002285068810537083, 0.044437139614706356, 0.3299967813478224], "end_q": [-0.465081125497818, 1.6164615154266357, -0.6647564172744751, 0.8170558214187622, 1.6010715961456299, 0.6727657914161682], "mean_force_tcp_n": [0.0, 0.0, -9.93645213232016]}
START after_yoshikawa 1_zero 4.0 simulation seconds
{"name": "1_zero", "key": null, "duration_s": 4.0, "samples": 168, "min_sigma": 0.04373117807114822, "min_yoshikawa": 0.0004600632476578167, "tracking_rms_m": 0.04890016739103308, "tcp_change_m": [-0.0042774119944881395, -0.0047524575059934016, 0.027506020069122172], "end_q": [-0.5289484858512878, 1.5168613195419312, -0.3799375295639038, 0.6008469462394714, 1.5959635972976685, 1.0670194625854492], "mean_force_tcp_n": [0.0, 0.0, -0.1211218293560471]}
START after_yoshikawa 2_r 6.0 simulation seconds
{"name": "2_r", "key": "r", "duration_s": 6.0, "samples": 252, "min_sigma": 0.04369001169802602, "min_yoshikawa": 0.00045793569772655153, "tracking_rms_m": 0.032854010467356455, "tcp_change_m": [0.02293225235515975, -0.029037511549910355, -0.20870234833675394], "end_q": [-0.626244068145752, 1.484346628189087, -1.0326695442199707, 1.0111809968948364, 1.529894232749939, 1.016829490661621], "mean_force_tcp_n": [0.0, 0.0, 9.937002216328501]}
START after_yoshikawa 3_zero 4.0 simulation seconds
{"name": "3_zero", "key": null, "duration_s": 4.0, "samples": 168, "min_sigma": 0.10228265131083468, "min_yoshikawa": 0.0017751703752008797, "tracking_rms_m": 0.021702115590803383, "tcp_change_m": [-0.019712083513324347, 0.020214871654408384, -0.048108779211049724], "end_q": [-0.7165849804878235, 1.6150519847869873, -1.337257981300354, 1.2880724668502808, 1.5683550834655762, 0.7997291088104248], "mean_force_tcp_n": [0.0, 0.0, 0.11963941917487263]}
{
  "name": "after_yoshikawa",
  "passed": true,
  "error": null,
  "faults": [],
  "unexpected_collision": false,
  "collision_monitor_seen": true,
  "stages": [
    {
      "name": "initial_zero",
      "key": null,
      "duration_s": 3.0,
      "samples": 145,
      "min_sigma": 0.12195951474524072,
      "min_yoshikawa": 0.002062312154421693,
      "tracking_rms_m": 0.00014871433654606745,
      "tcp_change_m": [
        6.745073706157512e-05,
        2.3459738457354273e-05,
        0.00016359442525915036
      ],
      "end_q": [
        -0.5150408148765564,
        1.5691615343093872,
        -1.5686169862747192,
        1.5698332786560059,
        1.5704267024993896,
        0.2507244646549225
      ],
      "mean_force_tcp_n": [
        0.0,
        0.0,
        0.0
      ]
    },
    {
      "name": "0_f",
      "key": "f",
      "duration_s": 8.0,
      "samples": 344,
      "min_sigma": 0.07045671432843013,
      "min_yoshikawa": 0.0008059270468859874,
      "tracking_rms_m": 0.035826491384748055,
      "tcp_change_m": [
        0.002285068810537083,
        0.044437139614706356,
        0.3299967813478224
      ],
      "end_q": [
        -0.465081125497818,
        1.6164615154266357,
        -0.6647564172744751,
        0.8170558214187622,
        1.6010715961456299,
        0.6727657914161682
      ],
      "mean_force_tcp_n": [
        0.0,
        0.0,
        -9.93645213232016
      ]
    },
    {
      "name": "1_zero",
      "key": null,
      "duration_s": 4.0,
      "samples": 168,
      "min_sigma": 0.04373117807114822,
      "min_yoshikawa": 0.0004600632476578167,
      "tracking_rms_m": 0.04890016739103308,
      "tcp_change_m": [
        -0.0042774119944881395,
        -0.0047524575059934016,
        0.027506020069122172
      ],
      "end_q": [
        -0.5289484858512878,
        1.5168613195419312,
        -0.3799375295639038,
        0.6008469462394714,
        1.5959635972976685,
        1.0670194625854492
      ],
      "mean_force_tcp_n": [
        0.0,
        0.0,
        -0.1211218293560471
      ]
    },
    {
      "name": "2_r",
      "key": "r",
      "duration_s": 6.0,
      "samples": 252,
      "min_sigma": 0.04369001169802602,
      "min_yoshikawa": 0.00045793569772655153,
      "tracking_rms_m": 0.032854010467356455,
      "tcp_change_m": [
        0.02293225235515975,
        -0.029037511549910355,
        -0.20870234833675394
      ],
      "end_q": [
        -0.626244068145752,
        1.484346628189087,
        -1.0326695442199707,
        1.0111809968948364,
        1.529894232749939,
        1.016829490661621
      ],
      "mean_force_tcp_n": [
        0.0,
        0.0,
        9.937002216328501
      ]
    },
    {
      "name": "3_zero",
      "key": null,
      "duration_s": 4.0,
      "samples": 168,
      "min_sigma": 0.10228265131083468,
      "min_yoshikawa": 0.0017751703752008797,
      "tracking_rms_m": 0.021702115590803383,
      "tcp_change_m": [
        -0.019712083513324347,
        0.020214871654408384,
        -0.048108779211049724
      ],
      "end_q": [
        -0.7165849804878235,
        1.6150519847869873,
        -1.337257981300354,
        1.2880724668502808,
        1.5683550834655762,
        0.7997291088104248
      ],
      "mean_force_tcp_n": [
        0.0,
        0.0,
        0.11963941917487263
      ]
    }
  ],
  "jacobian": {
    "scope": "arm",
    "task": "pose",
    "scaling": "characteristic_length",
    "ell_m": 0.3
  },
  "sequence": "f:8,zero:4,r:6,zero:4",
  "metrics_are_diagnostic_only": true,
  "min_sigma": 0.04369001169802602,
  "min_yoshikawa": 0.00045793569772655153,
  "tracking_rms_m": 0.03330169832416767,
  "maximum_tracking_error_m": 0.06370650187774188,
  "end_state": [
    -0.2636459469795227,
    -0.0016058875480666757,
    0.7470803260803223,
    -0.7165849804878235,
    1.6150519847869873,
    -1.337257981300354,
    1.2880724668502808,
    1.5683550834655762,
    0.7997291088104248
  ],
  "predicted_horizon_s": 1.999999999,
  "solve_ms_p95": 3.627567
}
