START after initial_zero 3.0 simulation seconds
{"name": "initial_zero", "key": null, "duration_s": 3.0, "samples": 146, "min_sigma": 0.12195947205977942, "min_yoshikawa": 0.002062312154427267, "tracking_rms_m": 0.00014824928249433468, "tcp_change_m": [7.151645987021893e-05, 2.4071744918918725e-05, 0.0001632217362241839], "end_q": [-0.5150400996208191, 1.5691601037979126, -1.568616271018982, 1.5698331594467163, 1.5704268217086792, 0.2507213354110718], "mean_force_tcp_n": [0.0, 0.0, 0.0]}
START after 0_f 8.0 simulation seconds
{"name": "0_f", "key": "f", "duration_s": 8.0, "samples": 344, "min_sigma": 0.07057726650143085, "min_yoshikawa": 0.0008086260067105408, "tracking_rms_m": 0.035813234299728144, "tcp_change_m": [0.0023055179604338227, 0.044332467408563336, 0.3295377657471992], "end_q": [-0.46474307775497437, 1.6162995100021362, -0.6660420894622803, 0.8177050948143005, 1.6010957956314087, 0.6715245246887207], "mean_force_tcp_n": [0.0, 0.0, -9.922332283389311]}
START after 1_zero 4.0 simulation seconds
{"name": "1_zero", "key": null, "duration_s": 4.0, "samples": 168, "min_sigma": 0.04380970535019323, "min_yoshikawa": 0.0004625998042457363, "tracking_rms_m": 0.04849552887684909, "tcp_change_m": [-0.004231800635520255, -0.005036183327441546, 0.026975233385580166], "end_q": [-0.5283803939819336, 1.5157334804534912, -0.38059934973716736, 0.600875973701477, 1.5957931280136108, 1.0656611919403076], "mean_force_tcp_n": [0.0, 0.0, -0.07705274043574452]}
START after 2_r 6.0 simulation seconds
{"name": "2_r", "key": "r", "duration_s": 6.0, "samples": 252, "min_sigma": 0.043763736801113, "min_yoshikawa": 0.0004602477336775393, "tracking_rms_m": 0.0329220759852823, "tcp_change_m": [0.02265719406569011, -0.028935453508396602, -0.20890133587562498], "end_q": [-0.627017617225647, 1.4843794107437134, -1.0352342128753662, 1.0140061378479004, 1.5299804210662842, 1.0128298997879028], "mean_force_tcp_n": [0.0, 0.0, 9.92100184793856]}
START after 3_zero 4.0 simulation seconds
{"name": "3_zero", "key": null, "duration_s": 4.0, "samples": 168, "min_sigma": 0.1024053864294628, "min_yoshikawa": 0.0017794210210319355, "tracking_rms_m": 0.021636718902866427, "tcp_change_m": [-0.019590033412872437, 0.020379817536304412, -0.047739714584150494], "end_q": [-0.7168106436729431, 1.614794135093689, -1.3383467197418213, 1.2894487380981445, 1.568381428718567, 0.7975848317146301], "mean_force_tcp_n": [0.0, 0.0, 0.10886238617150688]}
{
  "name": "after",
  "passed": true,
  "error": null,
  "faults": [],
  "unexpected_collision": false,
  "collision_monitor_seen": true,
  "stages": [
    {
      "name": "initial_zero",
      "key": null,
      "duration_s": 3.0,
      "samples": 146,
      "min_sigma": 0.12195947205977942,
      "min_yoshikawa": 0.002062312154427267,
      "tracking_rms_m": 0.00014824928249433468,
      "tcp_change_m": [
        7.151645987021893e-05,
        2.4071744918918725e-05,
        0.0001632217362241839
      ],
      "end_q": [
        -0.5150400996208191,
        1.5691601037979126,
        -1.568616271018982,
        1.5698331594467163,
        1.5704268217086792,
        0.2507213354110718
      ],
      "mean_force_tcp_n": [
        0.0,
        0.0,
        0.0
      ]
    },
    {
      "name": "0_f",
      "key": "f",
      "duration_s": 8.0,
      "samples": 344,
      "min_sigma": 0.07057726650143085,
      "min_yoshikawa": 0.0008086260067105408,
      "tracking_rms_m": 0.035813234299728144,
      "tcp_change_m": [
        0.0023055179604338227,
        0.044332467408563336,
        0.3295377657471992
      ],
      "end_q": [
        -0.46474307775497437,
        1.6162995100021362,
        -0.6660420894622803,
        0.8177050948143005,
        1.6010957956314087,
        0.6715245246887207
      ],
      "mean_force_tcp_n": [
        0.0,
        0.0,
        -9.922332283389311
      ]
    },
    {
      "name": "1_zero",
      "key": null,
      "duration_s": 4.0,
      "samples": 168,
      "min_sigma": 0.04380970535019323,
      "min_yoshikawa": 0.0004625998042457363,
      "tracking_rms_m": 0.04849552887684909,
      "tcp_change_m": [
        -0.004231800635520255,
        -0.005036183327441546,
        0.026975233385580166
      ],
      "end_q": [
        -0.5283803939819336,
        1.5157334804534912,
        -0.38059934973716736,
        0.600875973701477,
        1.5957931280136108,
        1.0656611919403076
      ],
      "mean_force_tcp_n": [
        0.0,
        0.0,
        -0.07705274043574452
      ]
    },
    {
      "name": "2_r",
      "key": "r",
      "duration_s": 6.0,
      "samples": 252,
      "min_sigma": 0.043763736801113,
      "min_yoshikawa": 0.0004602477336775393,
      "tracking_rms_m": 0.0329220759852823,
      "tcp_change_m": [
        0.02265719406569011,
        -0.028935453508396602,
        -0.20890133587562498
      ],
      "end_q": [
        -0.627017617225647,
        1.4843794107437134,
        -1.0352342128753662,
        1.0140061378479004,
        1.5299804210662842,
        1.0128298997879028
      ],
      "mean_force_tcp_n": [
        0.0,
        0.0,
        9.92100184793856
      ]
    },
    {
      "name": "3_zero",
      "key": null,
      "duration_s": 4.0,
      "samples": 168,
      "min_sigma": 0.1024053864294628,
      "min_yoshikawa": 0.0017794210210319355,
      "tracking_rms_m": 0.021636718902866427,
      "tcp_change_m": [
        -0.019590033412872437,
        0.020379817536304412,
        -0.047739714584150494
      ],
      "end_q": [
        -0.7168106436729431,
        1.614794135093689,
        -1.3383467197418213,
        1.2894487380981445,
        1.568381428718567,
        0.7975848317146301
      ],
      "mean_force_tcp_n": [
        0.0,
        0.0,
        0.10886238617150688
      ]
    }
  ],
  "jacobian": {
    "scope": "arm",
    "task": "pose",
    "scaling": "characteristic_length",
    "ell_m": 0.3
  },
  "sequence": "f:8,zero:4,r:6,zero:4",
  "metrics_are_diagnostic_only": true,
  "min_sigma": 0.043763736801113,
  "min_yoshikawa": 0.0004602477336775393,
  "tracking_rms_m": 0.03319840889404648,
  "maximum_tracking_error_m": 0.06365265901873873,
  "end_state": [
    -0.26284345984458923,
    -0.001083509181626141,
    0.7451689839363098,
    -0.7168106436729431,
    1.614794135093689,
    -1.3383467197418213,
    1.2894487380981445,
    1.568381428718567,
    0.7975848317146301
  ],
  "predicted_horizon_s": 1.999999999,
  "solve_ms_p95": 3.421017
}
